Verified GeoModelBridge 0.6.0: 7 required declarations and runtime release references agree.
Verified tinyxml2 10.0.0
Verified cgltf 1.15
Verified ufbx 0.23.0
Verified nlohmann/json 3.12.0
Verified libjpeg-turbo (Windows decoder) 3.1.4.1
Verified libpng (Windows decoder) 1.6.58
Verified zlib (Windows decoder) 1.3.2
Verified FileGDB API 1.5.5.330 runtime and original license files
-- Native FileGDB runtime: bundled beside the built writer and installed to bin/native-filegdb (licenses in licenses/filegdb-api)
-- Configuring done (1.6s)
-- Generating done (0.1s)
-- Build files have been written to: /home/gmb/GeoModelBridge-dae-opt-20261002/build/native
[1/8] cd /home/gmb/GeoModelBridge-dae-opt-20261002/build/native && /usr/bin/cmake -E make_directory /home/gmb/GeoModelBridge-dae-opt-20261002/build/native/bin/max-adapter && /usr/bin/cmake -E copy_if_different /home/gmb/GeoModelBridge-dae-opt-20261002/adapters/3dsmax/worker.py /home/gmb/GeoModelBridge-dae-opt-20261002/build/native/bin/max-adapter/worker.py
[2/8] Copying official FileGDB runtime beside the native writer
[3/8] Building CXX object CMakeFiles/GeoModelBridge.Core.dir/src/dae_reader.cpp.o
[4/8] Linking CXX static library libGeoModelBridge.Core.a
[5/8] Linking CXX executable bin/gmb_output_tests
[6/8] Linking CXX executable bin/gmb_core_tests
[7/8] Linking CXX executable bin/gmb_report_writer
[8/8] Linking CXX executable bin/geomodelbridge
Internal ctest changing into directory: /home/gmb/GeoModelBridge-dae-opt-20261002/build/native
Test project /home/gmb/GeoModelBridge-dae-opt-20261002/build/native
      Start  1: core
 1/18 Test  #1: core .............................   Passed    0.29 sec
      Start  2: output_safety
 2/18 Test  #2: output_safety ....................   Passed    0.38 sec
      Start  3: cli
 3/18 Test  #3: cli ..............................   Passed    3.56 sec
      Start  4: reader_integration
 4/18 Test  #4: reader_integration ...............   Passed    1.03 sec
      Start  5: binary_fbx
 5/18 Test  #5: binary_fbx .......................   Passed    0.65 sec
      Start  6: obj_integration
 6/18 Test  #6: obj_integration ..................   Passed    0.69 sec
      Start  7: glb_integration
 7/18 Test  #7: glb_integration ..................   Passed    1.23 sec
      Start  8: gltf_integration
 8/18 Test  #8: gltf_integration .................   Passed    0.72 sec
      Start  9: wrl_integration
 9/18 Test  #9: wrl_integration ..................   Passed    1.28 sec
      Start 10: dae_integration
10/18 Test #10: dae_integration ..................   Passed    5.86 sec
      Start 11: profile_integration
11/18 Test #11: profile_integration ..............   Passed    4.12 sec
      Start 12: missing_textures
12/18 Test #12: missing_textures .................   Passed    1.29 sec
      Start 13: normal_repair
13/18 Test #13: normal_repair ....................   Passed    0.82 sec
      Start 14: python_client
14/18 Test #14: python_client ....................   Passed    3.80 sec
      Start 15: max_worker_policy
15/18 Test #15: max_worker_policy ................   Passed    0.79 sec
      Start 16: max_adapter
16/18 Test #16: max_adapter ......................   Passed    0.53 sec
      Start 17: native_runtime
17/18 Test #17: native_runtime ...................   Passed    0.74 sec
      Start 18: native_build_layout
18/18 Test #18: native_build_layout ..............   Passed    4.70 sec

100% tests passed, 0 tests failed out of 18

Total Test time (real) =  32.56 sec
-- Install configuration: "Release"
-- Up-to-date: /home/gmb/GeoModelBridge-dae-opt-20261002/releases/Boundary-20261003/bin/max-adapter/worker.py
-- Installing: /home/gmb/GeoModelBridge-dae-opt-20261002/releases/Boundary-20261003/bin/geomodelbridge
-- Up-to-date: /home/gmb/GeoModelBridge-dae-opt-20261002/releases/Boundary-20261003/bin/demo/textured_quad.fbx
-- Up-to-date: /home/gmb/GeoModelBridge-dae-opt-20261002/releases/Boundary-20261003/bin/demo/textured_quad.obj
-- Up-to-date: /home/gmb/GeoModelBridge-dae-opt-20261002/releases/Boundary-20261003/bin/demo/textured_quad.mtl
-- Up-to-date: /home/gmb/GeoModelBridge-dae-opt-20261002/releases/Boundary-20261003/bin/demo/textured_quad.glb
-- Up-to-date: /home/gmb/GeoModelBridge-dae-opt-20261002/releases/Boundary-20261003/bin/demo/textured_quad.gltf
-- Up-to-date: /home/gmb/GeoModelBridge-dae-opt-20261002/releases/Boundary-20261003/bin/demo/textured_quad.bin
-- Up-to-date: /home/gmb/GeoModelBridge-dae-opt-20261002/releases/Boundary-20261003/bin/demo/textured_quad.wrl
-- Up-to-date: /home/gmb/GeoModelBridge-dae-opt-20261002/releases/Boundary-20261003/bin/demo/checker.png
-- Up-to-date: /home/gmb/GeoModelBridge-dae-opt-20261002/releases/Boundary-20261003/licenses/cgltf/LICENSE
-- Up-to-date: /home/gmb/GeoModelBridge-dae-opt-20261002/releases/Boundary-20261003/licenses/tinyxml2/LICENSE.txt
-- Up-to-date: /home/gmb/GeoModelBridge-dae-opt-20261002/releases/Boundary-20261003/bin/demo/textured_quad.dae
-- Up-to-date: /home/gmb/GeoModelBridge-dae-opt-20261002/releases/Boundary-20261003/python/geomodelbridge
-- Up-to-date: /home/gmb/GeoModelBridge-dae-opt-20261002/releases/Boundary-20261003/python/geomodelbridge/client.py
-- Up-to-date: /home/gmb/GeoModelBridge-dae-opt-20261002/releases/Boundary-20261003/python/geomodelbridge/__init__.py
-- Up-to-date: /home/gmb/GeoModelBridge-dae-opt-20261002/releases/Boundary-20261003/python/geomodelbridge/_version.py
-- Up-to-date: /home/gmb/GeoModelBridge-dae-opt-20261002/releases/Boundary-20261003/python/examples/convert_fbx.py
-- Up-to-date: /home/gmb/GeoModelBridge-dae-opt-20261002/releases/Boundary-20261003/bin/native-filegdb/GeoModelBridge.NativeWriter
-- Up-to-date: /home/gmb/GeoModelBridge-dae-opt-20261002/releases/Boundary-20261003/bin/native-filegdb/libFileGDBAPI.so
-- Up-to-date: /home/gmb/GeoModelBridge-dae-opt-20261002/releases/Boundary-20261003/bin/native-filegdb/libfgdbunixrtl.so
-- Up-to-date: /home/gmb/GeoModelBridge-dae-opt-20261002/releases/Boundary-20261003/licenses/filegdb-api
-- Up-to-date: /home/gmb/GeoModelBridge-dae-opt-20261002/releases/Boundary-20261003/licenses/filegdb-api/Acknowledgements
-- Up-to-date: /home/gmb/GeoModelBridge-dae-opt-20261002/releases/Boundary-20261003/licenses/filegdb-api/userestrictions.txt
-- Up-to-date: /home/gmb/GeoModelBridge-dae-opt-20261002/releases/Boundary-20261003/licenses/filegdb-api/Apache License.pdf
-- Up-to-date: /home/gmb/GeoModelBridge-dae-opt-20261002/releases/Boundary-20261003/licenses/filegdb-api/AUTHORS
-- Up-to-date: /home/gmb/GeoModelBridge-dae-opt-20261002/releases/Boundary-20261003/licenses/filegdb-api/Acknowledgements-FGDBUnixRTL
-- Up-to-date: /home/gmb/GeoModelBridge-dae-opt-20261002/releases/Boundary-20261003/licenses/filegdb-api/README
-- Up-to-date: /home/gmb/GeoModelBridge-dae-opt-20261002/releases/Boundary-20261003/licenses/filegdb-api/sdk-sources-linux.json
-- Up-to-date: /home/gmb/GeoModelBridge-dae-opt-20261002/releases/Boundary-20261003/./docs
-- Up-to-date: /home/gmb/GeoModelBridge-dae-opt-20261002/releases/Boundary-20261003/./docs/validation-v0.2.1.md
-- Up-to-date: /home/gmb/GeoModelBridge-dae-opt-20261002/releases/Boundary-20261003/./docs/glb.md
-- Up-to-date: /home/gmb/GeoModelBridge-dae-opt-20261002/releases/Boundary-20261003/./docs/max-adapter.md
-- Up-to-date: /home/gmb/GeoModelBridge-dae-opt-20261002/releases/Boundary-20261003/./docs/gui.md
-- Up-to-date: /home/gmb/GeoModelBridge-dae-opt-20261002/releases/Boundary-20261003/./docs/validation-results.md
-- Up-to-date: /home/gmb/GeoModelBridge-dae-opt-20261002/releases/Boundary-20261003/./docs/dae.md
-- Up-to-date: /home/gmb/GeoModelBridge-dae-opt-20261002/releases/Boundary-20261003/./docs/validation-v0.1.13.md
-- Up-to-date: /home/gmb/GeoModelBridge-dae-opt-20261002/releases/Boundary-20261003/./docs/validation-v0.1.8.md
-- Up-to-date: /home/gmb/GeoModelBridge-dae-opt-20261002/releases/Boundary-20261003/./docs/validation-v0.1.4.md
-- Up-to-date: /home/gmb/GeoModelBridge-dae-opt-20261002/releases/Boundary-20261003/./docs/validation-v0.3.0.md
-- Up-to-date: /home/gmb/GeoModelBridge-dae-opt-20261002/releases/Boundary-20261003/./docs/validation-v0.1.6.md
-- Up-to-date: /home/gmb/GeoModelBridge-dae-opt-20261002/releases/Boundary-20261003/./docs/validation-v0.5.0.md
-- Up-to-date: /home/gmb/GeoModelBridge-dae-opt-20261002/releases/Boundary-20261003/./docs/command-line.md
-- Up-to-date: /home/gmb/GeoModelBridge-dae-opt-20261002/releases/Boundary-20261003/./docs/acceptance.md
-- Up-to-date: /home/gmb/GeoModelBridge-dae-opt-20261002/releases/Boundary-20261003/./docs/validation-v0.1.2.md
-- Up-to-date: /home/gmb/GeoModelBridge-dae-opt-20261002/releases/Boundary-20261003/./docs/visual-acceptance-setup.md
-- Up-to-date: /home/gmb/GeoModelBridge-dae-opt-20261002/releases/Boundary-20261003/./docs/architecture.md
-- Up-to-date: /home/gmb/GeoModelBridge-dae-opt-20261002/releases/Boundary-20261003/./docs/compatibility.md
-- Up-to-date: /home/gmb/GeoModelBridge-dae-opt-20261002/releases/Boundary-20261003/./docs/validation-v0.1.7.md
-- Up-to-date: /home/gmb/GeoModelBridge-dae-opt-20261002/releases/Boundary-20261003/./docs/validation-v0.6.0.md
-- Up-to-date: /home/gmb/GeoModelBridge-dae-opt-20261002/releases/Boundary-20261003/./docs/validation-max-hardening-2026-09-27.md
-- Up-to-date: /home/gmb/GeoModelBridge-dae-opt-20261002/releases/Boundary-20261003/./docs/bundle-format.md
-- Up-to-date: /home/gmb/GeoModelBridge-dae-opt-20261002/releases/Boundary-20261003/./docs/filegdb-api.md
-- Up-to-date: /home/gmb/GeoModelBridge-dae-opt-20261002/releases/Boundary-20261003/./docs/validation-dae-optimization-2026-10-02.md
-- Up-to-date: /home/gmb/GeoModelBridge-dae-opt-20261002/releases/Boundary-20261003/./docs/validation-dae-2026-09-30.md
-- Up-to-date: /home/gmb/GeoModelBridge-dae-opt-20261002/releases/Boundary-20261003/./docs/wrl.md
-- Up-to-date: /home/gmb/GeoModelBridge-dae-opt-20261002/releases/Boundary-20261003/./docs/validation-v0.1.3.md
-- Up-to-date: /home/gmb/GeoModelBridge-dae-opt-20261002/releases/Boundary-20261003/./docs/validation-v0.4.0.md
-- Up-to-date: /home/gmb/GeoModelBridge-dae-opt-20261002/releases/Boundary-20261003/./docs/validation-v0.1.14.md
-- Up-to-date: /home/gmb/GeoModelBridge-dae-opt-20261002/releases/Boundary-20261003/./docs/build-and-release.md
-- Up-to-date: /home/gmb/GeoModelBridge-dae-opt-20261002/releases/Boundary-20261003/./docs/validation-v0.1.10.md
-- Up-to-date: /home/gmb/GeoModelBridge-dae-opt-20261002/releases/Boundary-20261003/./docs/validation-v0.1.11.md
-- Up-to-date: /home/gmb/GeoModelBridge-dae-opt-20261002/releases/Boundary-20261003/./docs/max-roadmap.md
-- Up-to-date: /home/gmb/GeoModelBridge-dae-opt-20261002/releases/Boundary-20261003/./docs/roadmap.md
-- Up-to-date: /home/gmb/GeoModelBridge-dae-opt-20261002/releases/Boundary-20261003/./docs/validation-v0.1.5.md
-- Up-to-date: /home/gmb/GeoModelBridge-dae-opt-20261002/releases/Boundary-20261003/./docs/python-client.md
-- Up-to-date: /home/gmb/GeoModelBridge-dae-opt-20261002/releases/Boundary-20261003/./docs/validation-v0.1.12.md
-- Up-to-date: /home/gmb/GeoModelBridge-dae-opt-20261002/releases/Boundary-20261003/./docs/validation-v0.2.2.md
-- Up-to-date: /home/gmb/GeoModelBridge-dae-opt-20261002/releases/Boundary-20261003/./docs/validation-v0.2.md
-- Up-to-date: /home/gmb/GeoModelBridge-dae-opt-20261002/releases/Boundary-20261003/./docs/validation-v0.1.1.md
-- Up-to-date: /home/gmb/GeoModelBridge-dae-opt-20261002/releases/Boundary-20261003/./docs/validation-v0.1.9.md
-- Up-to-date: /home/gmb/GeoModelBridge-dae-opt-20261002/releases/Boundary-20261003/./README.md
-- Up-to-date: /home/gmb/GeoModelBridge-dae-opt-20261002/releases/Boundary-20261003/./VERSION
-- Up-to-date: /home/gmb/GeoModelBridge-dae-opt-20261002/releases/Boundary-20261003/./CHANGELOG.md
-- Up-to-date: /home/gmb/GeoModelBridge-dae-opt-20261002/releases/Boundary-20261003/./THIRD_PARTY_NOTICES.md
-- Up-to-date: /home/gmb/GeoModelBridge-dae-opt-20261002/releases/Boundary-20261003/licenses/ufbx/LICENSE
-- Up-to-date: /home/gmb/GeoModelBridge-dae-opt-20261002/releases/Boundary-20261003/licenses/nlohmann/LICENSE.MIT
Verified tinyxml2 10.0.0
Verified cgltf 1.15
Verified ufbx 0.23.0
Verified nlohmann/json 3.12.0
Verified libjpeg-turbo (Windows decoder) 3.1.4.1
Verified libpng (Windows decoder) 1.6.58
Verified zlib (Windows decoder) 1.3.2
Verified FileGDB API 1.5.5.330 runtime and original license files
{"arcgis_pro_required":false,"backend":"native-filegdb","filegdb_api":"1.5.5","status":"available","version":"0.6.0"}
Installed native CLI: /home/gmb/GeoModelBridge-dae-opt-20261002/releases/Boundary-20261003/bin/geomodelbridge
Native writer: /home/gmb/GeoModelBridge-dae-opt-20261002/releases/Boundary-20261003/bin/native-filegdb/GeoModelBridge.NativeWriter
CLI help: geomodelbridge convert -h; sequential calling examples: docs/command-line.md
