Preset CMake variables:

  CMAKE_BUILD_TYPE="Release"
  GMB_BUILD_NATIVE="OFF"
  GMB_BUILD_TESTS="ON"

-- The C compiler identification is GNU 13.3.0
-- The CXX compiler identification is GNU 13.3.0
-- Detecting C compiler ABI info
-- Detecting C compiler ABI info - done
-- Check for working C compiler: /usr/bin/cc - skipped
-- Detecting C compile features
-- Detecting C compile features - done
-- Detecting CXX compiler ABI info
-- Detecting CXX compiler ABI info - done
-- Check for working CXX compiler: /usr/bin/c++ - skipped
-- Detecting CXX compile features
-- Detecting CXX compile features - done
-- Performing Test CMAKE_HAVE_LIBC_PTHREAD
-- Performing Test CMAKE_HAVE_LIBC_PTHREAD - Success
-- Found Threads: TRUE
-- Core-only build: inspect/prepare/fixture are available; GDB conversion requires a separately supplied native writer. Use -DGMB_BUILD_NATIVE=ON -DFILEGDB_API_ROOT=<SDK> for a full build.
-- Configuring done (3.6s)
-- Generating done (0.1s)
-- Build files have been written to: <workspace>/build/v0114-core-config
