PASS valid_chinese_spaces_ampersand_paths
PASS finite_signed_decimal_origin
PASS reject_wkid_""
PASS reject_wkid_" "
PASS reject_wkid_"0"
PASS reject_wkid_"-1"
PASS reject_wkid_"EPSG:32650"
PASS reject_wkid_"32650.5"
PASS reject_wkid_"2147483648"
PASS reject_origin_x_""
PASS reject_origin_y_""
PASS reject_origin_z_""
PASS reject_origin_x_"NaN"
PASS reject_origin_y_"NaN"
PASS reject_origin_z_"NaN"
PASS reject_origin_x_"Infinity"
PASS reject_origin_y_"Infinity"
PASS reject_origin_z_"Infinity"
PASS reject_origin_x_"-Infinity"
PASS reject_origin_y_"-Infinity"
PASS reject_origin_z_"-Infinity"
PASS reject_origin_x_"1e999"
PASS reject_origin_y_"1e999"
PASS reject_origin_z_"1e999"
PASS reject_origin_x_"abc"
PASS reject_origin_y_"abc"
PASS reject_origin_z_"abc"
PASS reject_origin_x_"1,25"
PASS reject_origin_y_"1,25"
PASS reject_origin_z_"1,25"
PASS reject_missing_input
PASS reject_empty_input
PASS reject_non_fbx_input
PASS reject_empty_output
PASS reject_non_gdb_output
PASS reject_existing_gdb_directory
PASS reject_existing_gdb_file
PASS reject_existing_report
PASS reject_unknown_backend
PASS reject_removed_pro_backend
PASS default_profile_is_gis_static
PASS default_missing_texture_policy_is_material_color
PASS accept_missing_texture_policy_material-color
PASS accept_missing_texture_policy_error
PASS reject_unknown_missing_texture_policy
PASS accept_profile_strict
PASS accept_profile_gis-static
PASS reject_profile_""
PASS reject_profile_"Strict"
PASS reject_profile_"auto"
PASS reject_profile_"gis-static --ignore-errors"
PASS reject_feature_class_""
PASS reject_feature_class_"Bad name"
PASS reject_feature_class_"bad;table"
PASS reject_feature_class_"../outside"
PASS reject_missing_texture_directory
PASS validation_does_not_touch_existing_files
PASS arguments_preserve_missing_texture_policy_material-color
PASS arguments_preserve_missing_texture_policy_error
PASS arguments_preserve_paths_as_single_tokens
PASS process_uses_argument_list_without_shell
PASS default_report_is_absolute_next_to_output
PASS arguments_preserve_explicit_profile_strict
PASS arguments_preserve_explicit_profile_gis-static
PASS accept_matching_reopened_gdb_report
PASS reject_pro_settings_even_with_native_report
PASS reject_old_report_version
PASS reject_missing_report_version
PASS reject_missing_conversion_profile
PASS reject_missing_texture_policy
PASS reject_mismatched_texture_policy
PASS reject_mismatched_conversion_profile
PASS reject_failed_report_status
PASS reject_report_wrong_backend
PASS reject_report_wrong_output
PASS reject_report_relative_output
PASS reject_report_wrong_feature_class
PASS reject_report_missing_verification
PASS reject_report_unverified_geometry
PASS reject_report_wrong_verification_level
PASS reject_report_zero_features
PASS reject_report_negative_features
PASS reject_report_fractional_features
PASS reject_report_wrong_wkid
PASS reject_report_geographic_crs
PASS reject_report_missing_crs
PASS reject_report_nonmetric_crs
PASS reject_report_missing_placement
PASS reject_report_wrong_origin
PASS reject_report_short_origin
PASS reject_report_origin_not_explicit
PASS reject_report_placement_wrong_wkid
PASS reject_report_placement_wrong_axis
PASS reject_report_missing_diagnostics
PASS reject_success_report_with_reader_error
PASS reject_malformed_json_report
PASS normal_repair_summary_counts_corners
PASS normal_repair_invalid_quantity_is_not_invented
PASS success_word_alone_is_not_a_verified_database_report
PASS summary_explains_missing_success_evidence_verification
PASS summary_explains_missing_success_evidence_coordinate_system
PASS summary_explains_missing_success_evidence_version
PASS summary_explains_missing_success_evidence_output
PASS summary_explains_missing_success_evidence_feature_class
PASS summary_requires_a_real_true_readback_flag_false
PASS summary_requires_a_real_true_readback_flag_"true"
PASS summary_requires_a_real_true_readback_flag_null
PASS historical_complete_report_does_not_require_current_gui_version_or_profile
PASS hundreds_of_diagnostics_grouped_without_losing_total
PASS texture_read_error_explains_path_and_access_failures
PASS unknown_error_is_visible_and_never_success
PASS both_diagnostic_arrays_are_counted
PASS compatibility_adjustment_is_explicit_STATIC_POSE_USED
PASS compatibility_adjustment_is_explicit_MATERIAL_CHANNEL_OMITTED
PASS compatibility_adjustment_is_explicit_DEGENERATE_TRIANGLES_REMOVED
PASS compatibility_adjustment_is_explicit_JPEG_CONTAINER_NORMALIZED
PASS compatibility_adjustment_is_explicit_MISSING_TEXTURE_FALLBACK
PASS compatibility_adjustment_is_explicit_NORMALS_REPAIRED
PASS compatibility_adjustment_is_explicit_DEGENERATE_NORMALS_DISCARDED
PASS unsupported_texture_diagnostics_have_chinese_causes_and_next_steps
PASS jpeg_repairs_are_counted_as_texture_records_without_recompression_claims
PASS jpeg_failure_remains_a_chinese_blocking_error_JPEG_CONTAINER_REQUIRES_NORMALIZATION
PASS jpeg_failure_remains_a_chinese_blocking_error_JPEG_CONTAINER_UNSUPPORTED
PASS jpeg_compatibility_warning_never_hides_an_unknown_error
PASS empty_animation_stack_is_not_rendering_loss
PASS removed_triangle_totals_are_distinct_from_warning_records
PASS removed_triangle_total_never_guessed_six
PASS removed_triangle_total_never_guessed_0006
PASS removed_triangle_total_never_guessed_9223372036854775808
PASS removed_triangle_sum_overflow_does_not_crash_or_wrap
PASS report_statistics_display_only_well_typed_nonnegative_counts
PASS summary_never_claims_gdb_success_for_failed
PASS summary_never_claims_gdb_success_for_rejected
PASS summary_never_claims_gdb_success_for_prepared
PASS summary_never_claims_gdb_success_for_inspected
PASS summary_never_claims_gdb_success_for_
PASS summary_rejects_invalid_shape_{broken
PASS summary_rejects_invalid_shape_[]
PASS summary_rejects_invalid_shape_{"diagnostics":{}}
PASS summary_rejects_invalid_shape_{"diagnostics":[42]}
PASS missing_engine_detected
PASS removed_backend_probe_rejected_before_engine_discovery
PASS missing_engine_probe_is_actionable
PASS missing_engine_conversion_is_failure
PASS reject_old_engine_version_before_conversion
PASS zero_exit_without_report_is_not_success
PASS valid_report_without_gdb_is_not_success
PASS mismatched_report_is_returned_as_actionable_failure
PASS failed-report-zero-exit_is_readable_and_never_success
PASS failed-report-nonzero-exit_is_readable_and_never_success
PASS large_dual_stream_logs_are_drained_bounded_and_keep_both_failure_tails
PASS new_engine_without_writer_has_actionable_probe_failure
PASS runtime_rejects_probe-old-version
PASS runtime_rejects_probe-failed-status
PASS runtime_rejects_probe-wrong-backend
PASS runtime_rejects_probe-needs-pro
PASS runtime_rejects_probe-invalid-json
PASS native_backend_runtime_probe
PASS real_native_textured_conversion_from_gui_service
PASS repeat_conversion_refuses_to_overwrite_gdb_and_report
PASS real_missing_texture_conversion_from_gui_service
PASS real_texture_directory_is_rejected_with_read_guidance
PASS real_normal_repair_conversion_from_gui_service
163/163 passed. Evidence: <workspace>\artifacts\v0114\gui\test-results.json
