Verified cgltf 1.15
Verified ufbx 0.23.0
Verified nlohmann/json 3.12.0
Verified libjpeg-turbo (Windows decoder) 3.1.4.1
Verified libpng (Windows decoder) 1.6.58
Verified zlib (Windows decoder) 1.3.2
Verified GeoModelBridge 0.6.0: 7 required declarations and runtime release references agree.
-- Native FileGDB runtime: bundled beside the built writer and installed to bin/native-filegdb (licenses in licenses/filegdb-api)
-- Configuring done (1.0s)
-- Generating done (0.1s)
-- Build files have been written to: <project>/build/v060-native
[1/16] C:\WINDOWS\system32\cmd.exe /C "cd /D <project>\build\v060-native && <home>\AppData\Local\Microsoft\WinGet\Packages\BrechtSanders.WinLibs.POSIX.UCRT_Microsoft.Winget.Source_8wekyb3d8bbwe\mingw64\bin\cmake.exe -E make_directory <project>/build/v060-native/bin/max-adapter && <home>\AppData\Local\Microsoft\WinGet\Packages\BrechtSanders.WinLibs.POSIX.UCRT_Microsoft.Winget.Source_8wekyb3d8bbwe\mingw64\bin\cmake.exe -E copy_if_different <project>/adapters/3dsmax/worker.py <project>/build/v060-native/bin/max-adapter/worker.py"
[2/16] Copying official FileGDB runtime beside the native writer
[3/16] Building CXX object CMakeFiles\GeoModelBridge.NativeWriter.dir\backends\native-filegdb\images_png.cpp.obj
[4/16] Building C object CMakeFiles\gmb_png_decoder.dir\third_party\libpng\pngrio.c.obj
[5/16] Building C object CMakeFiles\gmb_png_decoder.dir\third_party\libpng\pngerror.c.obj
[6/16] Building C object CMakeFiles\gmb_png_decoder.dir\third_party\libpng\pngmem.c.obj
[7/16] Building C object CMakeFiles\gmb_png_decoder.dir\third_party\libpng\pngtrans.c.obj
[8/16] Building C object CMakeFiles\gmb_png_decoder.dir\third_party\libpng\pngget.c.obj
[9/16] Building C object CMakeFiles\gmb_png_decoder.dir\third_party\libpng\pngset.c.obj
[10/16] Building C object CMakeFiles\gmb_png_decoder.dir\third_party\libpng\pngpread.c.obj
[11/16] Building C object CMakeFiles\gmb_png_decoder.dir\third_party\libpng\png.c.obj
[12/16] Building C object CMakeFiles\gmb_png_decoder.dir\third_party\libpng\pngrutil.c.obj
[13/16] Building C object CMakeFiles\gmb_png_decoder.dir\third_party\libpng\pngread.c.obj
[14/16] Building C object CMakeFiles\gmb_png_decoder.dir\third_party\libpng\pngrtran.c.obj
[15/16] Linking C static library gmb_png_decoder.lib
[16/16] Linking CXX executable bin\native-filegdb\GeoModelBridge.NativeWriter.exe
Test project <project>/build/v060-native
      Start  1: core
 1/17 Test  #1: core .............................   Passed    0.17 sec
      Start  2: output_safety
 2/17 Test  #2: output_safety ....................   Passed    0.18 sec
      Start  3: cli
 3/17 Test  #3: cli ..............................   Passed    2.33 sec
      Start  4: reader_integration
 4/17 Test  #4: reader_integration ...............   Passed    0.50 sec
      Start  5: binary_fbx
 5/17 Test  #5: binary_fbx .......................   Passed    0.20 sec
      Start  6: obj_integration
 6/17 Test  #6: obj_integration ..................   Passed    0.36 sec
      Start  7: glb_integration
 7/17 Test  #7: glb_integration ..................   Passed    0.75 sec
      Start  8: gltf_integration
 8/17 Test  #8: gltf_integration .................   Passed    0.42 sec
      Start  9: wrl_integration
 9/17 Test  #9: wrl_integration ..................   Passed    0.88 sec
      Start 10: profile_integration
10/17 Test #10: profile_integration ..............   Passed    3.36 sec
      Start 11: missing_textures
11/17 Test #11: missing_textures .................   Passed    0.70 sec
      Start 12: normal_repair
12/17 Test #12: normal_repair ....................   Passed    0.48 sec
      Start 13: python_client
13/17 Test #13: python_client ....................   Passed    2.12 sec
      Start 14: max_worker_policy
14/17 Test #14: max_worker_policy ................   Passed    0.22 sec
      Start 15: max_adapter
15/17 Test #15: max_adapter ......................   Passed    2.51 sec
      Start 16: native_runtime
16/17 Test #16: native_runtime ...................   Passed    0.34 sec
      Start 17: native_build_layout
17/17 Test #17: native_build_layout ..............   Passed    1.71 sec

100% tests passed, 0 tests failed out of 17

Total Test time (real) =  17.30 sec
-- Install configuration: "Release"
-- Installing: <project>\releases\V0.6.0-hardening/bin/max-adapter/worker.py
-- Installing: <project>\releases\V0.6.0-hardening/bin/geomodelbridge.exe
-- Installing: <project>\releases\V0.6.0-hardening/bin/demo/textured_quad.fbx
-- Installing: <project>\releases\V0.6.0-hardening/bin/demo/textured_quad.obj
-- Installing: <project>\releases\V0.6.0-hardening/bin/demo/textured_quad.mtl
-- Installing: <project>\releases\V0.6.0-hardening/bin/demo/textured_quad.glb
-- Installing: <project>\releases\V0.6.0-hardening/bin/demo/textured_quad.gltf
-- Installing: <project>\releases\V0.6.0-hardening/bin/demo/textured_quad.bin
-- Installing: <project>\releases\V0.6.0-hardening/bin/demo/textured_quad.wrl
-- Installing: <project>\releases\V0.6.0-hardening/bin/demo/checker.png
-- Installing: <project>\releases\V0.6.0-hardening/licenses/cgltf/LICENSE
-- Installing: <project>\releases\V0.6.0-hardening/python/geomodelbridge
-- Installing: <project>\releases\V0.6.0-hardening/python/geomodelbridge/client.py
-- Installing: <project>\releases\V0.6.0-hardening/python/geomodelbridge/_version.py
-- Installing: <project>\releases\V0.6.0-hardening/python/geomodelbridge/__init__.py
-- Installing: <project>\releases\V0.6.0-hardening/python/examples/convert_fbx.py
-- Installing: <project>\releases\V0.6.0-hardening/licenses/libpng/LICENSE
-- Installing: <project>\releases\V0.6.0-hardening/licenses/zlib/LICENSE
-- Installing: <project>\releases\V0.6.0-hardening/licenses/libjpeg-turbo/LICENSE.md
-- Installing: <project>\releases\V0.6.0-hardening/licenses/libjpeg-turbo/README.ijg
-- Installing: <project>\releases\V0.6.0-hardening/bin/native-filegdb/GeoModelBridge.NativeWriter.exe
-- Installing: <project>\releases\V0.6.0-hardening/bin/native-filegdb/FileGDBAPI.dll
-- Installing: <project>\releases\V0.6.0-hardening/licenses/filegdb-api/Apache License.pdf
-- Installing: <project>\releases\V0.6.0-hardening/licenses/filegdb-api/userestrictions.txt
-- Installing: <project>\releases\V0.6.0-hardening/licenses/filegdb-api/README-windows_VS2022.txt
-- Installing: <project>\releases\V0.6.0-hardening/licenses/filegdb-api/sdk-sources.json
-- Installing: <project>\releases\V0.6.0-hardening/./docs
-- Installing: <project>\releases\V0.6.0-hardening/./docs/acceptance.md
-- Installing: <project>\releases\V0.6.0-hardening/./docs/architecture.md
-- Installing: <project>\releases\V0.6.0-hardening/./docs/build-and-release.md
-- Installing: <project>\releases\V0.6.0-hardening/./docs/bundle-format.md
-- Installing: <project>\releases\V0.6.0-hardening/./docs/command-line.md
-- Installing: <project>\releases\V0.6.0-hardening/./docs/compatibility.md
-- Installing: <project>\releases\V0.6.0-hardening/./docs/evidence
-- Installing: <project>\releases\V0.6.0-hardening/./docs/evidence/core-tests.log
-- Installing: <project>\releases\V0.6.0-hardening/./docs/evidence/pro-integration.json
-- Installing: <project>\releases\V0.6.0-hardening/./docs/evidence/README.md
-- Installing: <project>\releases\V0.6.0-hardening/./docs/evidence/V0.1.1
-- Installing: <project>\releases\V0.6.0-hardening/./docs/evidence/V0.1.1/build.log
-- Installing: <project>\releases\V0.6.0-hardening/./docs/evidence/V0.1.1/core-tests.log
-- Installing: <project>\releases\V0.6.0-hardening/./docs/evidence/V0.1.1/jpeg-direction
-- Installing: <project>\releases\V0.6.0-hardening/./docs/evidence/V0.1.1/jpeg-direction/native-jpeg-plane.gdb
-- Installing: <project>\releases\V0.6.0-hardening/./docs/evidence/V0.1.1/jpeg-direction/native-jpeg-plane.gdb/a00000001.gdbindexes
-- Installing: <project>\releases\V0.6.0-hardening/./docs/evidence/V0.1.1/jpeg-direction/native-jpeg-plane.gdb/a00000001.gdbtable
-- Installing: <project>\releases\V0.6.0-hardening/./docs/evidence/V0.1.1/jpeg-direction/native-jpeg-plane.gdb/a00000001.gdbtablx
-- Installing: <project>\releases\V0.6.0-hardening/./docs/evidence/V0.1.1/jpeg-direction/native-jpeg-plane.gdb/a00000001.TablesByName.atx
-- Installing: <project>\releases\V0.6.0-hardening/./docs/evidence/V0.1.1/jpeg-direction/native-jpeg-plane.gdb/a00000002.gdbtable
-- Installing: <project>\releases\V0.6.0-hardening/./docs/evidence/V0.1.1/jpeg-direction/native-jpeg-plane.gdb/a00000002.gdbtablx
-- Installing: <project>\releases\V0.6.0-hardening/./docs/evidence/V0.1.1/jpeg-direction/native-jpeg-plane.gdb/a00000003.gdbindexes
-- Installing: <project>\releases\V0.6.0-hardening/./docs/evidence/V0.1.1/jpeg-direction/native-jpeg-plane.gdb/a00000003.gdbtable
-- Installing: <project>\releases\V0.6.0-hardening/./docs/evidence/V0.1.1/jpeg-direction/native-jpeg-plane.gdb/a00000003.gdbtablx
-- Installing: <project>\releases\V0.6.0-hardening/./docs/evidence/V0.1.1/jpeg-direction/native-jpeg-plane.gdb/a00000004.CatItemsByPhysicalName.atx
-- Installing: <project>\releases\V0.6.0-hardening/./docs/evidence/V0.1.1/jpeg-direction/native-jpeg-plane.gdb/a00000004.CatItemsByType.atx
-- Installing: <project>\releases\V0.6.0-hardening/./docs/evidence/V0.1.1/jpeg-direction/native-jpeg-plane.gdb/a00000004.FDO_UUID.atx
-- Installing: <project>\releases\V0.6.0-hardening/./docs/evidence/V0.1.1/jpeg-direction/native-jpeg-plane.gdb/a00000004.gdbindexes
-- Installing: <project>\releases\V0.6.0-hardening/./docs/evidence/V0.1.1/jpeg-direction/native-jpeg-plane.gdb/a00000004.gdbtable
-- Installing: <project>\releases\V0.6.0-hardening/./docs/evidence/V0.1.1/jpeg-direction/native-jpeg-plane.gdb/a00000004.gdbtablx
-- Installing: <project>\releases\V0.6.0-hardening/./docs/evidence/V0.1.1/jpeg-direction/native-jpeg-plane.gdb/a00000004.horizon
-- Installing: <project>\releases\V0.6.0-hardening/./docs/evidence/V0.1.1/jpeg-direction/native-jpeg-plane.gdb/a00000005.CatItemTypesByName.atx
-- Installing: <project>\releases\V0.6.0-hardening/./docs/evidence/V0.1.1/jpeg-direction/native-jpeg-plane.gdb/a00000005.CatItemTypesByParentTypeID.atx
-- Installing: <project>\releases\V0.6.0-hardening/./docs/evidence/V0.1.1/jpeg-direction/native-jpeg-plane.gdb/a00000005.CatItemTypesByUUID.atx
-- Installing: <project>\releases\V0.6.0-hardening/./docs/evidence/V0.1.1/jpeg-direction/native-jpeg-plane.gdb/a00000005.gdbindexes
-- Installing: <project>\releases\V0.6.0-hardening/./docs/evidence/V0.1.1/jpeg-direction/native-jpeg-plane.gdb/a00000005.gdbtable
-- Installing: <project>\releases\V0.6.0-hardening/./docs/evidence/V0.1.1/jpeg-direction/native-jpeg-plane.gdb/a00000005.gdbtablx
-- Installing: <project>\releases\V0.6.0-hardening/./docs/evidence/V0.1.1/jpeg-direction/native-jpeg-plane.gdb/a00000006.CatRelsByDestinationID.atx
-- Installing: <project>\releases\V0.6.0-hardening/./docs/evidence/V0.1.1/jpeg-direction/native-jpeg-plane.gdb/a00000006.CatRelsByOriginID.atx
-- Installing: <project>\releases\V0.6.0-hardening/./docs/evidence/V0.1.1/jpeg-direction/native-jpeg-plane.gdb/a00000006.CatRelsByType.atx
-- Installing: <project>\releases\V0.6.0-hardening/./docs/evidence/V0.1.1/jpeg-direction/native-jpeg-plane.gdb/a00000006.FDO_UUID.atx
-- Installing: <project>\releases\V0.6.0-hardening/./docs/evidence/V0.1.1/jpeg-direction/native-jpeg-plane.gdb/a00000006.gdbindexes
-- Installing: <project>\releases\V0.6.0-hardening/./docs/evidence/V0.1.1/jpeg-direction/native-jpeg-plane.gdb/a00000006.gdbtable
-- Installing: <project>\releases\V0.6.0-hardening/./docs/evidence/V0.1.1/jpeg-direction/native-jpeg-plane.gdb/a00000006.gdbtablx
-- Installing: <project>\releases\V0.6.0-hardening/./docs/evidence/V0.1.1/jpeg-direction/native-jpeg-plane.gdb/a00000007.CatRelTypesByBackwardLabel.atx
-- Installing: <project>\releases\V0.6.0-hardening/./docs/evidence/V0.1.1/jpeg-direction/native-jpeg-plane.gdb/a00000007.CatRelTypesByDestItemTypeID.atx
-- Installing: <project>\releases\V0.6.0-hardening/./docs/evidence/V0.1.1/jpeg-direction/native-jpeg-plane.gdb/a00000007.CatRelTypesByForwardLabel.atx
-- Installing: <project>\releases\V0.6.0-hardening/./docs/evidence/V0.1.1/jpeg-direction/native-jpeg-plane.gdb/a00000007.CatRelTypesByName.atx
-- Installing: <project>\releases\V0.6.0-hardening/./docs/evidence/V0.1.1/jpeg-direction/native-jpeg-plane.gdb/a00000007.CatRelTypesByOriginItemTypeID.atx
-- Installing: <project>\releases\V0.6.0-hardening/./docs/evidence/V0.1.1/jpeg-direction/native-jpeg-plane.gdb/a00000007.CatRelTypesByUUID.atx
-- Installing: <project>\releases\V0.6.0-hardening/./docs/evidence/V0.1.1/jpeg-direction/native-jpeg-plane.gdb/a00000007.gdbindexes
-- Installing: <project>\releases\V0.6.0-hardening/./docs/evidence/V0.1.1/jpeg-direction/native-jpeg-plane.gdb/a00000007.gdbtable
-- Installing: <project>\releases\V0.6.0-hardening/./docs/evidence/V0.1.1/jpeg-direction/native-jpeg-plane.gdb/a00000007.gdbtablx
-- Installing: <project>\releases\V0.6.0-hardening/./docs/evidence/V0.1.1/jpeg-direction/native-jpeg-plane.gdb/a00000009.gdbindexes
-- Installing: <project>\releases\V0.6.0-hardening/./docs/evidence/V0.1.1/jpeg-direction/native-jpeg-plane.gdb/a00000009.gdbtable
-- Installing: <project>\releases\V0.6.0-hardening/./docs/evidence/V0.1.1/jpeg-direction/native-jpeg-plane.gdb/a00000009.gdbtablx
-- Installing: <project>\releases\V0.6.0-hardening/./docs/evidence/V0.1.1/jpeg-direction/native-jpeg-plane.gdb/a00000009.horizon
-- Installing: <project>\releases\V0.6.0-hardening/./docs/evidence/V0.1.1/jpeg-direction/native-jpeg-plane.gdb/gdb
-- Installing: <project>\releases\V0.6.0-hardening/./docs/evidence/V0.1.1/jpeg-direction/native-jpeg-plane.gdb/timestamps
-- Installing: <project>\releases\V0.6.0-hardening/./docs/evidence/V0.1.1/jpeg-direction/native-writer-report.json
-- Installing: <project>\releases\V0.6.0-hardening/./docs/evidence/V0.1.1/jpeg-direction/native-writer.log
-- Installing: <project>\releases\V0.6.0-hardening/./docs/evidence/V0.1.1/jpeg-direction/pro-jpeg-plane.gdb
-- Installing: <project>\releases\V0.6.0-hardening/./docs/evidence/V0.1.1/jpeg-direction/pro-jpeg-plane.gdb/a00000001.gdbindexes
-- Installing: <project>\releases\V0.6.0-hardening/./docs/evidence/V0.1.1/jpeg-direction/pro-jpeg-plane.gdb/a00000001.gdbtable
-- Installing: <project>\releases\V0.6.0-hardening/./docs/evidence/V0.1.1/jpeg-direction/pro-jpeg-plane.gdb/a00000001.gdbtablx
-- Installing: <project>\releases\V0.6.0-hardening/./docs/evidence/V0.1.1/jpeg-direction/pro-jpeg-plane.gdb/a00000001.TablesByName.atx
-- Installing: <project>\releases\V0.6.0-hardening/./docs/evidence/V0.1.1/jpeg-direction/pro-jpeg-plane.gdb/a00000002.gdbtable
-- Installing: <project>\releases\V0.6.0-hardening/./docs/evidence/V0.1.1/jpeg-direction/pro-jpeg-plane.gdb/a00000002.gdbtablx
-- Installing: <project>\releases\V0.6.0-hardening/./docs/evidence/V0.1.1/jpeg-direction/pro-jpeg-plane.gdb/a00000003.gdbindexes
-- Installing: <project>\releases\V0.6.0-hardening/./docs/evidence/V0.1.1/jpeg-direction/pro-jpeg-plane.gdb/a00000003.gdbtable
-- Installing: <project>\releases\V0.6.0-hardening/./docs/evidence/V0.1.1/jpeg-direction/pro-jpeg-plane.gdb/a00000003.gdbtablx
-- Installing: <project>\releases\V0.6.0-hardening/./docs/evidence/V0.1.1/jpeg-direction/pro-jpeg-plane.gdb/a00000004.CatItemsByPhysicalName.atx
-- Installing: <project>\releases\V0.6.0-hardening/./docs/evidence/V0.1.1/jpeg-direction/pro-jpeg-plane.gdb/a00000004.CatItemsByType.atx
-- Installing: <project>\releases\V0.6.0-hardening/./docs/evidence/V0.1.1/jpeg-direction/pro-jpeg-plane.gdb/a00000004.FDO_UUID.atx
-- Installing: <project>\releases\V0.6.0-hardening/./docs/evidence/V0.1.1/jpeg-direction/pro-jpeg-plane.gdb/a00000004.freelist
-- Installing: <project>\releases\V0.6.0-hardening/./docs/evidence/V0.1.1/jpeg-direction/pro-jpeg-plane.gdb/a00000004.gdbindexes
-- Installing: <project>\releases\V0.6.0-hardening/./docs/evidence/V0.1.1/jpeg-direction/pro-jpeg-plane.gdb/a00000004.gdbtable
-- Installing: <project>\releases\V0.6.0-hardening/./docs/evidence/V0.1.1/jpeg-direction/pro-jpeg-plane.gdb/a00000004.gdbtablx
-- Installing: <project>\releases\V0.6.0-hardening/./docs/evidence/V0.1.1/jpeg-direction/pro-jpeg-plane.gdb/a00000004.horizon
-- Installing: <project>\releases\V0.6.0-hardening/./docs/evidence/V0.1.1/jpeg-direction/pro-jpeg-plane.gdb/a00000004.spx
-- Installing: <project>\releases\V0.6.0-hardening/./docs/evidence/V0.1.1/jpeg-direction/pro-jpeg-plane.gdb/a00000005.CatItemTypesByName.atx
-- Installing: <project>\releases\V0.6.0-hardening/./docs/evidence/V0.1.1/jpeg-direction/pro-jpeg-plane.gdb/a00000005.CatItemTypesByParentTypeID.atx
-- Installing: <project>\releases\V0.6.0-hardening/./docs/evidence/V0.1.1/jpeg-direction/pro-jpeg-plane.gdb/a00000005.CatItemTypesByUUID.atx
-- Installing: <project>\releases\V0.6.0-hardening/./docs/evidence/V0.1.1/jpeg-direction/pro-jpeg-plane.gdb/a00000005.gdbindexes
-- Installing: <project>\releases\V0.6.0-hardening/./docs/evidence/V0.1.1/jpeg-direction/pro-jpeg-plane.gdb/a00000005.gdbtable
-- Installing: <project>\releases\V0.6.0-hardening/./docs/evidence/V0.1.1/jpeg-direction/pro-jpeg-plane.gdb/a00000005.gdbtablx
-- Installing: <project>\releases\V0.6.0-hardening/./docs/evidence/V0.1.1/jpeg-direction/pro-jpeg-plane.gdb/a00000006.CatRelsByDestinationID.atx
-- Installing: <project>\releases\V0.6.0-hardening/./docs/evidence/V0.1.1/jpeg-direction/pro-jpeg-plane.gdb/a00000006.CatRelsByOriginID.atx
-- Installing: <project>\releases\V0.6.0-hardening/./docs/evidence/V0.1.1/jpeg-direction/pro-jpeg-plane.gdb/a00000006.CatRelsByType.atx
-- Installing: <project>\releases\V0.6.0-hardening/./docs/evidence/V0.1.1/jpeg-direction/pro-jpeg-plane.gdb/a00000006.FDO_UUID.atx
-- Installing: <project>\releases\V0.6.0-hardening/./docs/evidence/V0.1.1/jpeg-direction/pro-jpeg-plane.gdb/a00000006.gdbindexes
-- Installing: <project>\releases\V0.6.0-hardening/./docs/evidence/V0.1.1/jpeg-direction/pro-jpeg-plane.gdb/a00000006.gdbtable
-- Installing: <project>\releases\V0.6.0-hardening/./docs/evidence/V0.1.1/jpeg-direction/pro-jpeg-plane.gdb/a00000006.gdbtablx
-- Installing: <project>\releases\V0.6.0-hardening/./docs/evidence/V0.1.1/jpeg-direction/pro-jpeg-plane.gdb/a00000007.CatRelTypesByBackwardLabel.atx
-- Installing: <project>\releases\V0.6.0-hardening/./docs/evidence/V0.1.1/jpeg-direction/pro-jpeg-plane.gdb/a00000007.CatRelTypesByDestItemTypeID.atx
-- Installing: <project>\releases\V0.6.0-hardening/./docs/evidence/V0.1.1/jpeg-direction/pro-jpeg-plane.gdb/a00000007.CatRelTypesByForwardLabel.atx
-- Installing: <project>\releases\V0.6.0-hardening/./docs/evidence/V0.1.1/jpeg-direction/pro-jpeg-plane.gdb/a00000007.CatRelTypesByName.atx
-- Installing: <project>\releases\V0.6.0-hardening/./docs/evidence/V0.1.1/jpeg-direction/pro-jpeg-plane.gdb/a00000007.CatRelTypesByOriginItemTypeID.atx
-- Installing: <project>\releases\V0.6.0-hardening/./docs/evidence/V0.1.1/jpeg-direction/pro-jpeg-plane.gdb/a00000007.CatRelTypesByUUID.atx
-- Installing: <project>\releases\V0.6.0-hardening/./docs/evidence/V0.1.1/jpeg-direction/pro-jpeg-plane.gdb/a00000007.gdbindexes
-- Installing: <project>\releases\V0.6.0-hardening/./docs/evidence/V0.1.1/jpeg-direction/pro-jpeg-plane.gdb/a00000007.gdbtable
-- Installing: <project>\releases\V0.6.0-hardening/./docs/evidence/V0.1.1/jpeg-direction/pro-jpeg-plane.gdb/a00000007.gdbtablx
-- Installing: <project>\releases\V0.6.0-hardening/./docs/evidence/V0.1.1/jpeg-direction/pro-jpeg-plane.gdb/a00000009.EditingTemplatesByDatasetGUID.atx
-- Installing: <project>\releases\V0.6.0-hardening/./docs/evidence/V0.1.1/jpeg-direction/pro-jpeg-plane.gdb/a00000009.EditingTemplatesByName.atx
-- Installing: <project>\releases\V0.6.0-hardening/./docs/evidence/V0.1.1/jpeg-direction/pro-jpeg-plane.gdb/a00000009.EditingTemplatesByType.atx
-- Installing: <project>\releases\V0.6.0-hardening/./docs/evidence/V0.1.1/jpeg-direction/pro-jpeg-plane.gdb/a00000009.FDO_GlobalID.atx
-- Installing: <project>\releases\V0.6.0-hardening/./docs/evidence/V0.1.1/jpeg-direction/pro-jpeg-plane.gdb/a00000009.gdbindexes
-- Installing: <project>\releases\V0.6.0-hardening/./docs/evidence/V0.1.1/jpeg-direction/pro-jpeg-plane.gdb/a00000009.gdbtable
-- Installing: <project>\releases\V0.6.0-hardening/./docs/evidence/V0.1.1/jpeg-direction/pro-jpeg-plane.gdb/a00000009.gdbtablx
-- Installing: <project>\releases\V0.6.0-hardening/./docs/evidence/V0.1.1/jpeg-direction/pro-jpeg-plane.gdb/a0000000a.EditingTemplateRelsByDestinationID.atx
-- Installing: <project>\releases\V0.6.0-hardening/./docs/evidence/V0.1.1/jpeg-direction/pro-jpeg-plane.gdb/a0000000a.EditingTemplateRelsByOriginID.atx
-- Installing: <project>\releases\V0.6.0-hardening/./docs/evidence/V0.1.1/jpeg-direction/pro-jpeg-plane.gdb/a0000000a.EditingTemplateRelsByType.atx
-- Installing: <project>\releases\V0.6.0-hardening/./docs/evidence/V0.1.1/jpeg-direction/pro-jpeg-plane.gdb/a0000000a.gdbindexes
-- Installing: <project>\releases\V0.6.0-hardening/./docs/evidence/V0.1.1/jpeg-direction/pro-jpeg-plane.gdb/a0000000a.gdbtable
-- Installing: <project>\releases\V0.6.0-hardening/./docs/evidence/V0.1.1/jpeg-direction/pro-jpeg-plane.gdb/a0000000a.gdbtablx
-- Installing: <project>\releases\V0.6.0-hardening/./docs/evidence/V0.1.1/jpeg-direction/pro-jpeg-plane.gdb/a0000000b.gdbindexes
-- Installing: <project>\releases\V0.6.0-hardening/./docs/evidence/V0.1.1/jpeg-direction/pro-jpeg-plane.gdb/a0000000b.gdbtable
-- Installing: <project>\releases\V0.6.0-hardening/./docs/evidence/V0.1.1/jpeg-direction/pro-jpeg-plane.gdb/a0000000b.gdbtablx
-- Installing: <project>\releases\V0.6.0-hardening/./docs/evidence/V0.1.1/jpeg-direction/pro-jpeg-plane.gdb/a0000000b.horizon
-- Installing: <project>\releases\V0.6.0-hardening/./docs/evidence/V0.1.1/jpeg-direction/pro-jpeg-plane.gdb/a0000000b.spx
-- Installing: <project>\releases\V0.6.0-hardening/./docs/evidence/V0.1.1/jpeg-direction/pro-jpeg-plane.gdb/gdb
-- Installing: <project>\releases\V0.6.0-hardening/./docs/evidence/V0.1.1/jpeg-direction/pro-jpeg-plane.gdb/timestamps
-- Installing: <project>\releases\V0.6.0-hardening/./docs/evidence/V0.1.1/jpeg-direction/pro-writer-report.json
-- Installing: <project>\releases\V0.6.0-hardening/./docs/evidence/V0.1.1/jpeg-direction/pro-writer.log
-- Installing: <project>\releases\V0.6.0-hardening/./docs/evidence/V0.1.1/jpeg-direction/source-bundle
-- Installing: <project>\releases\V0.6.0-hardening/./docs/evidence/V0.1.1/jpeg-direction/source-bundle/scene.json
-- Installing: <project>\releases\V0.6.0-hardening/./docs/evidence/V0.1.1/jpeg-direction/source-bundle/textures
-- Installing: <project>\releases\V0.6.0-hardening/./docs/evidence/V0.1.1/jpeg-direction/source-bundle/textures/aefee6ad6a7c5cc986190df94b1da12a7487604a4cec3a8a7efb7002bc2fa686.jpg
-- Installing: <project>\releases\V0.6.0-hardening/./docs/evidence/V0.1.1/jpeg-direction/source-direction.jpg
-- Installing: <project>\releases\V0.6.0-hardening/./docs/evidence/V0.1.1/jpeg-direction/source-direction.png
-- Installing: <project>\releases\V0.6.0-hardening/./docs/evidence/V0.1.1/jpeg-direction/source-preparation.json
-- Installing: <project>\releases\V0.6.0-hardening/./docs/evidence/V0.1.1/legacy-writer-rejection.json
-- Installing: <project>\releases\V0.6.0-hardening/./docs/evidence/V0.1.1/native-independent-pro
-- Installing: <project>\releases\V0.6.0-hardening/./docs/evidence/V0.1.1/native-independent-pro/alpha-plane.json
-- Installing: <project>\releases\V0.6.0-hardening/./docs/evidence/V0.1.1/native-independent-pro/binary_blender.json
-- Installing: <project>\releases\V0.6.0-hardening/./docs/evidence/V0.1.1/native-independent-pro/color-cube.json
-- Installing: <project>\releases\V0.6.0-hardening/./docs/evidence/V0.1.1/native-independent-pro/colored_quad.json
-- Installing: <project>\releases\V0.6.0-hardening/./docs/evidence/V0.1.1/native-independent-pro/embedded_quad.json
-- Installing: <project>\releases\V0.6.0-hardening/./docs/evidence/V0.1.1/native-independent-pro/instanced_mirror.json
-- Installing: <project>\releases\V0.6.0-hardening/./docs/evidence/V0.1.1/native-independent-pro/mixed-materials.json
-- Installing: <project>\releases\V0.6.0-hardening/./docs/evidence/V0.1.1/native-independent-pro/multi_material.json
-- Installing: <project>\releases\V0.6.0-hardening/./docs/evidence/V0.1.1/native-independent-pro/no_material.json
-- Installing: <project>\releases\V0.6.0-hardening/./docs/evidence/V0.1.1/native-independent-pro/seam-cube.json
-- Installing: <project>\releases\V0.6.0-hardening/./docs/evidence/V0.1.1/native-independent-pro/sloped_normals.json
-- Installing: <project>\releases\V0.6.0-hardening/./docs/evidence/V0.1.1/native-independent-pro/summary.json
-- Installing: <project>\releases\V0.6.0-hardening/./docs/evidence/V0.1.1/native-independent-pro/textured_quad.json
-- Installing: <project>\releases\V0.6.0-hardening/./docs/evidence/V0.1.1/native-independent-pro/uv-plane.json
-- Installing: <project>\releases\V0.6.0-hardening/./docs/evidence/V0.1.1/native-independent-pro/uv_transform.json
-- Installing: <project>\releases\V0.6.0-hardening/./docs/evidence/V0.1.1/native-integration.json
-- Installing: <project>\releases\V0.6.0-hardening/./docs/evidence/V0.1.1/pro-integration.json
-- Installing: <project>\releases\V0.6.0-hardening/./docs/evidence/V0.1.1/visual
-- Installing: <project>\releases\V0.6.0-hardening/./docs/evidence/V0.1.1/visual/assessment.json
-- Installing: <project>\releases\V0.6.0-hardening/./docs/evidence/V0.1.1/visual/index.html
-- Installing: <project>\releases\V0.6.0-hardening/./docs/evidence/V0.1.1/visual/renders
-- Installing: <project>\releases\V0.6.0-hardening/./docs/evidence/V0.1.1/visual/renders/alpha-plane-top.png
-- Installing: <project>\releases\V0.6.0-hardening/./docs/evidence/V0.1.1/visual/renders/color-cube-oblique.png
-- Installing: <project>\releases\V0.6.0-hardening/./docs/evidence/V0.1.1/visual/renders/color-cube-opposite.png
-- Installing: <project>\releases\V0.6.0-hardening/./docs/evidence/V0.1.1/visual/renders/color-cube-top.png
-- Installing: <project>\releases\V0.6.0-hardening/./docs/evidence/V0.1.1/visual/renders/mixed-materials-oblique.png
-- Installing: <project>\releases\V0.6.0-hardening/./docs/evidence/V0.1.1/visual/renders/mixed-materials-top.png
-- Installing: <project>\releases\V0.6.0-hardening/./docs/evidence/V0.1.1/visual/renders/native-jpeg-plane-top.png
-- Installing: <project>\releases\V0.6.0-hardening/./docs/evidence/V0.1.1/visual/renders/native-uv-plane-top.png
-- Installing: <project>\releases\V0.6.0-hardening/./docs/evidence/V0.1.1/visual/renders/pro-jpeg-plane-top.png
-- Installing: <project>\releases\V0.6.0-hardening/./docs/evidence/V0.1.1/visual/renders/seam-cube-oblique.png
-- Installing: <project>\releases\V0.6.0-hardening/./docs/evidence/V0.1.1/visual/renders/seam-cube-opposite.png
-- Installing: <project>\releases\V0.6.0-hardening/./docs/evidence/V0.1.1/visual/renders/seam-cube-top.png
-- Installing: <project>\releases\V0.6.0-hardening/./docs/evidence/V0.1.1/visual/renders/standalone-copy-top.png
-- Installing: <project>\releases\V0.6.0-hardening/./docs/evidence/V0.1.1/visual/renders/uv-plane-top.png
-- Installing: <project>\releases\V0.6.0-hardening/./docs/evidence/V0.1.1/visual/sources
-- Installing: <project>\releases\V0.6.0-hardening/./docs/evidence/V0.1.1/visual/sources/uv-direction.jpg
-- Installing: <project>\releases\V0.6.0-hardening/./docs/evidence/V0.1.1/visual/sources/uv-direction.png
-- Installing: <project>\releases\V0.6.0-hardening/./docs/evidence/V0.1.1/visual/visual-project.json
-- Installing: <project>\releases\V0.6.0-hardening/./docs/evidence/V0.1.10
-- Installing: <project>\releases\V0.6.0-hardening/./docs/evidence/V0.1.10/ubuntu-build.log
-- Installing: <project>\releases\V0.6.0-hardening/./docs/evidence/V0.1.10/ubuntu-ctest-final.log
-- Installing: <project>\releases\V0.6.0-hardening/./docs/evidence/V0.1.10/ubuntu-deployment.json
-- Installing: <project>\releases\V0.6.0-hardening/./docs/evidence/V0.1.10/ubuntu-deployment.log
-- Installing: <project>\releases\V0.6.0-hardening/./docs/evidence/V0.1.10/ubuntu-examples.json
-- Installing: <project>\releases\V0.6.0-hardening/./docs/evidence/V0.1.10/ubuntu-examples.log
-- Installing: <project>\releases\V0.6.0-hardening/./docs/evidence/V0.1.10/ubuntu-native.log
-- Installing: <project>\releases\V0.6.0-hardening/./docs/evidence/V0.1.10/ubuntu-package-check.log
-- Installing: <project>\releases\V0.6.0-hardening/./docs/evidence/V0.1.10/ubuntu-python-client.json
-- Installing: <project>\releases\V0.6.0-hardening/./docs/evidence/V0.1.10/ubuntu-python-client.log
-- Installing: <project>\releases\V0.6.0-hardening/./docs/evidence/V0.1.10/ubuntu-python-unit.log
-- Installing: <project>\releases\V0.6.0-hardening/./docs/evidence/V0.1.10/windows-build.log
-- Installing: <project>\releases\V0.6.0-hardening/./docs/evidence/V0.1.10/windows-ctest-final.log
-- Installing: <project>\releases\V0.6.0-hardening/./docs/evidence/V0.1.10/windows-deployment.json
-- Installing: <project>\releases\V0.6.0-hardening/./docs/evidence/V0.1.10/windows-examples.json
-- Installing: <project>\releases\V0.6.0-hardening/./docs/evidence/V0.1.10/windows-gui-initial.json
-- Installing: <project>\releases\V0.6.0-hardening/./docs/evidence/V0.1.10/windows-gui.json
-- Installing: <project>\releases\V0.6.0-hardening/./docs/evidence/V0.1.10/windows-native.log
-- Installing: <project>\releases\V0.6.0-hardening/./docs/evidence/V0.1.10/windows-package-check.log
-- Installing: <project>\releases\V0.6.0-hardening/./docs/evidence/V0.1.10/windows-python-client.json
-- Installing: <project>\releases\V0.6.0-hardening/./docs/evidence/V0.1.10/windows-python-unit.log
-- Installing: <project>\releases\V0.6.0-hardening/./docs/evidence/V0.1.11
-- Installing: <project>\releases\V0.6.0-hardening/./docs/evidence/V0.1.11/ubuntu-build-final.log
-- Installing: <project>\releases\V0.6.0-hardening/./docs/evidence/V0.1.11/ubuntu-build-initial.log
-- Installing: <project>\releases\V0.6.0-hardening/./docs/evidence/V0.1.11/ubuntu-ctest-final.log
-- Installing: <project>\releases\V0.6.0-hardening/./docs/evidence/V0.1.11/ubuntu-deployment.json
-- Installing: <project>\releases\V0.6.0-hardening/./docs/evidence/V0.1.11/ubuntu-deployment.log
-- Installing: <project>\releases\V0.6.0-hardening/./docs/evidence/V0.1.11/ubuntu-examples.json
-- Installing: <project>\releases\V0.6.0-hardening/./docs/evidence/V0.1.11/ubuntu-examples.log
-- Installing: <project>\releases\V0.6.0-hardening/./docs/evidence/V0.1.11/ubuntu-native.json
-- Installing: <project>\releases\V0.6.0-hardening/./docs/evidence/V0.1.11/ubuntu-native.log
-- Installing: <project>\releases\V0.6.0-hardening/./docs/evidence/V0.1.11/ubuntu-output-safety.log
-- Installing: <project>\releases\V0.6.0-hardening/./docs/evidence/V0.1.11/ubuntu-package-final.log
-- Installing: <project>\releases\V0.6.0-hardening/./docs/evidence/V0.1.11/ubuntu-package.log
-- Installing: <project>\releases\V0.6.0-hardening/./docs/evidence/V0.1.11/ubuntu-python-client.json
-- Installing: <project>\releases\V0.6.0-hardening/./docs/evidence/V0.1.11/ubuntu-python-client.log
-- Installing: <project>\releases\V0.6.0-hardening/./docs/evidence/V0.1.11/ubuntu-python-unit.log
-- Installing: <project>\releases\V0.6.0-hardening/./docs/evidence/V0.1.11/windows-build-final.log
-- Installing: <project>\releases\V0.6.0-hardening/./docs/evidence/V0.1.11/windows-build-initial.log
-- Installing: <project>\releases\V0.6.0-hardening/./docs/evidence/V0.1.11/windows-ctest-final.log
-- Installing: <project>\releases\V0.6.0-hardening/./docs/evidence/V0.1.11/windows-deployment.json
-- Installing: <project>\releases\V0.6.0-hardening/./docs/evidence/V0.1.11/windows-deployment.log
-- Installing: <project>\releases\V0.6.0-hardening/./docs/evidence/V0.1.11/windows-examples.json
-- Installing: <project>\releases\V0.6.0-hardening/./docs/evidence/V0.1.11/windows-examples.log
-- Installing: <project>\releases\V0.6.0-hardening/./docs/evidence/V0.1.11/windows-gui.json
-- Installing: <project>\releases\V0.6.0-hardening/./docs/evidence/V0.1.11/windows-gui.log
-- Installing: <project>\releases\V0.6.0-hardening/./docs/evidence/V0.1.11/windows-native.json
-- Installing: <project>\releases\V0.6.0-hardening/./docs/evidence/V0.1.11/windows-native.log
-- Installing: <project>\releases\V0.6.0-hardening/./docs/evidence/V0.1.11/windows-output-build.log
-- Installing: <project>\releases\V0.6.0-hardening/./docs/evidence/V0.1.11/windows-output-safety.log
-- Installing: <project>\releases\V0.6.0-hardening/./docs/evidence/V0.1.11/windows-package-final.log
-- Installing: <project>\releases\V0.6.0-hardening/./docs/evidence/V0.1.11/windows-package.log
-- Installing: <project>\releases\V0.6.0-hardening/./docs/evidence/V0.1.11/windows-python-client.json
-- Installing: <project>\releases\V0.6.0-hardening/./docs/evidence/V0.1.11/windows-python-client.log
-- Installing: <project>\releases\V0.6.0-hardening/./docs/evidence/V0.1.11/windows-python-unit.log
-- Installing: <project>\releases\V0.6.0-hardening/./docs/evidence/V0.1.12
-- Installing: <project>\releases\V0.6.0-hardening/./docs/evidence/V0.1.12/texture-path-before-after.json
-- Installing: <project>\releases\V0.6.0-hardening/./docs/evidence/V0.1.12/ubuntu-build-final.log
-- Installing: <project>\releases\V0.6.0-hardening/./docs/evidence/V0.1.12/ubuntu-ctest-final.log
-- Installing: <project>\releases\V0.6.0-hardening/./docs/evidence/V0.1.12/ubuntu-deployment.json
-- Installing: <project>\releases\V0.6.0-hardening/./docs/evidence/V0.1.12/ubuntu-deployment.log
-- Installing: <project>\releases\V0.6.0-hardening/./docs/evidence/V0.1.12/ubuntu-examples.json
-- Installing: <project>\releases\V0.6.0-hardening/./docs/evidence/V0.1.12/ubuntu-examples.log
-- Installing: <project>\releases\V0.6.0-hardening/./docs/evidence/V0.1.12/ubuntu-missing-textures.log
-- Installing: <project>\releases\V0.6.0-hardening/./docs/evidence/V0.1.12/ubuntu-native.json
-- Installing: <project>\releases\V0.6.0-hardening/./docs/evidence/V0.1.12/ubuntu-native.log
-- Installing: <project>\releases\V0.6.0-hardening/./docs/evidence/V0.1.12/ubuntu-package.log
-- Installing: <project>\releases\V0.6.0-hardening/./docs/evidence/V0.1.12/ubuntu-python-client.json
-- Installing: <project>\releases\V0.6.0-hardening/./docs/evidence/V0.1.12/ubuntu-python-client.log
-- Installing: <project>\releases\V0.6.0-hardening/./docs/evidence/V0.1.12/ubuntu-python-unit.log
-- Installing: <project>\releases\V0.6.0-hardening/./docs/evidence/V0.1.12/windows-build-final.log
-- Installing: <project>\releases\V0.6.0-hardening/./docs/evidence/V0.1.12/windows-build-initial.log
-- Installing: <project>\releases\V0.6.0-hardening/./docs/evidence/V0.1.12/windows-ctest-final.log
-- Installing: <project>\releases\V0.6.0-hardening/./docs/evidence/V0.1.12/windows-deployment.json
-- Installing: <project>\releases\V0.6.0-hardening/./docs/evidence/V0.1.12/windows-deployment.log
-- Installing: <project>\releases\V0.6.0-hardening/./docs/evidence/V0.1.12/windows-examples.json
-- Installing: <project>\releases\V0.6.0-hardening/./docs/evidence/V0.1.12/windows-examples.log
-- Installing: <project>\releases\V0.6.0-hardening/./docs/evidence/V0.1.12/windows-gui.json
-- Installing: <project>\releases\V0.6.0-hardening/./docs/evidence/V0.1.12/windows-gui.log
-- Installing: <project>\releases\V0.6.0-hardening/./docs/evidence/V0.1.12/windows-missing-textures.log
-- Installing: <project>\releases\V0.6.0-hardening/./docs/evidence/V0.1.12/windows-native.json
-- Installing: <project>\releases\V0.6.0-hardening/./docs/evidence/V0.1.12/windows-native.log
-- Installing: <project>\releases\V0.6.0-hardening/./docs/evidence/V0.1.12/windows-package.log
-- Installing: <project>\releases\V0.6.0-hardening/./docs/evidence/V0.1.12/windows-python-client.json
-- Installing: <project>\releases\V0.6.0-hardening/./docs/evidence/V0.1.12/windows-python-client.log
-- Installing: <project>\releases\V0.6.0-hardening/./docs/evidence/V0.1.12/windows-python-unit.log
-- Installing: <project>\releases\V0.6.0-hardening/./docs/evidence/V0.1.13
-- Installing: <project>\releases\V0.6.0-hardening/./docs/evidence/V0.1.13/ubuntu-build-final.log
-- Installing: <project>\releases\V0.6.0-hardening/./docs/evidence/V0.1.13/ubuntu-build.log
-- Installing: <project>\releases\V0.6.0-hardening/./docs/evidence/V0.1.13/ubuntu-ctest-final.log
-- Installing: <project>\releases\V0.6.0-hardening/./docs/evidence/V0.1.13/ubuntu-deployment.json
-- Installing: <project>\releases\V0.6.0-hardening/./docs/evidence/V0.1.13/ubuntu-deployment.log
-- Installing: <project>\releases\V0.6.0-hardening/./docs/evidence/V0.1.13/ubuntu-doc-bash.log
-- Installing: <project>\releases\V0.6.0-hardening/./docs/evidence/V0.1.13/ubuntu-examples.json
-- Installing: <project>\releases\V0.6.0-hardening/./docs/evidence/V0.1.13/ubuntu-examples.log
-- Installing: <project>\releases\V0.6.0-hardening/./docs/evidence/V0.1.13/ubuntu-native.json
-- Installing: <project>\releases\V0.6.0-hardening/./docs/evidence/V0.1.13/ubuntu-native.log
-- Installing: <project>\releases\V0.6.0-hardening/./docs/evidence/V0.1.13/ubuntu-package.log
-- Installing: <project>\releases\V0.6.0-hardening/./docs/evidence/V0.1.13/ubuntu-python-client.json
-- Installing: <project>\releases\V0.6.0-hardening/./docs/evidence/V0.1.13/ubuntu-python-client.log
-- Installing: <project>\releases\V0.6.0-hardening/./docs/evidence/V0.1.13/ubuntu-python-unit.log
-- Installing: <project>\releases\V0.6.0-hardening/./docs/evidence/V0.1.13/ubuntu-runtime-recovery.log
-- Installing: <project>\releases\V0.6.0-hardening/./docs/evidence/V0.1.13/ubuntu-writer-dependencies.log
-- Installing: <project>\releases\V0.6.0-hardening/./docs/evidence/V0.1.13/windows-build-final.log
-- Installing: <project>\releases\V0.6.0-hardening/./docs/evidence/V0.1.13/windows-build.log
-- Installing: <project>\releases\V0.6.0-hardening/./docs/evidence/V0.1.13/windows-ctest-final.log
-- Installing: <project>\releases\V0.6.0-hardening/./docs/evidence/V0.1.13/windows-default-build.log
-- Installing: <project>\releases\V0.6.0-hardening/./docs/evidence/V0.1.13/windows-deployment.json
-- Installing: <project>\releases\V0.6.0-hardening/./docs/evidence/V0.1.13/windows-deployment.log
-- Installing: <project>\releases\V0.6.0-hardening/./docs/evidence/V0.1.13/windows-doc-cmd.log
-- Installing: <project>\releases\V0.6.0-hardening/./docs/evidence/V0.1.13/windows-doc-powershell-final.log
-- Installing: <project>\releases\V0.6.0-hardening/./docs/evidence/V0.1.13/windows-doc-powershell.log
-- Installing: <project>\releases\V0.6.0-hardening/./docs/evidence/V0.1.13/windows-examples.json
-- Installing: <project>\releases\V0.6.0-hardening/./docs/evidence/V0.1.13/windows-examples.log
-- Installing: <project>\releases\V0.6.0-hardening/./docs/evidence/V0.1.13/windows-gui.json
-- Installing: <project>\releases\V0.6.0-hardening/./docs/evidence/V0.1.13/windows-gui.log
-- Installing: <project>\releases\V0.6.0-hardening/./docs/evidence/V0.1.13/windows-invalid-build.log
-- Installing: <project>\releases\V0.6.0-hardening/./docs/evidence/V0.1.13/windows-native.json
-- Installing: <project>\releases\V0.6.0-hardening/./docs/evidence/V0.1.13/windows-native.log
-- Installing: <project>\releases\V0.6.0-hardening/./docs/evidence/V0.1.13/windows-package.log
-- Installing: <project>\releases\V0.6.0-hardening/./docs/evidence/V0.1.13/windows-python-client.json
-- Installing: <project>\releases\V0.6.0-hardening/./docs/evidence/V0.1.13/windows-python-client.log
-- Installing: <project>\releases\V0.6.0-hardening/./docs/evidence/V0.1.13/windows-python-unit.log
-- Installing: <project>\releases\V0.6.0-hardening/./docs/evidence/V0.1.13/windows-runtime-off.log
-- Installing: <project>\releases\V0.6.0-hardening/./docs/evidence/V0.1.13/windows-runtime-recovery-target.log
-- Installing: <project>\releases\V0.6.0-hardening/./docs/evidence/V0.1.13/windows-runtime-recovery.log
-- Installing: <project>\releases\V0.6.0-hardening/./docs/evidence/V0.1.13/windows-writer-dependencies.log
-- Installing: <project>\releases\V0.6.0-hardening/./docs/evidence/V0.1.14
-- Installing: <project>\releases\V0.6.0-hardening/./docs/evidence/V0.1.14/ubuntu-build-final.log
-- Installing: <project>\releases\V0.6.0-hardening/./docs/evidence/V0.1.14/ubuntu-build.log
-- Installing: <project>\releases\V0.6.0-hardening/./docs/evidence/V0.1.14/ubuntu-core-config.log
-- Installing: <project>\releases\V0.6.0-hardening/./docs/evidence/V0.1.14/ubuntu-ctest.log
-- Installing: <project>\releases\V0.6.0-hardening/./docs/evidence/V0.1.14/ubuntu-deployment.json
-- Installing: <project>\releases\V0.6.0-hardening/./docs/evidence/V0.1.14/ubuntu-deployment.log
-- Installing: <project>\releases\V0.6.0-hardening/./docs/evidence/V0.1.14/ubuntu-examples.json
-- Installing: <project>\releases\V0.6.0-hardening/./docs/evidence/V0.1.14/ubuntu-examples.log
-- Installing: <project>\releases\V0.6.0-hardening/./docs/evidence/V0.1.14/ubuntu-native.json
-- Installing: <project>\releases\V0.6.0-hardening/./docs/evidence/V0.1.14/ubuntu-native.log
-- Installing: <project>\releases\V0.6.0-hardening/./docs/evidence/V0.1.14/ubuntu-package.log
-- Installing: <project>\releases\V0.6.0-hardening/./docs/evidence/V0.1.14/ubuntu-python-client.json
-- Installing: <project>\releases\V0.6.0-hardening/./docs/evidence/V0.1.14/ubuntu-python-client.log
-- Installing: <project>\releases\V0.6.0-hardening/./docs/evidence/V0.1.14/ubuntu-python-unit.log
-- Installing: <project>\releases\V0.6.0-hardening/./docs/evidence/V0.1.14/windows-build.log
-- Installing: <project>\releases\V0.6.0-hardening/./docs/evidence/V0.1.14/windows-core.log
-- Installing: <project>\releases\V0.6.0-hardening/./docs/evidence/V0.1.14/windows-ctest.log
-- Installing: <project>\releases\V0.6.0-hardening/./docs/evidence/V0.1.14/windows-deployment.json
-- Installing: <project>\releases\V0.6.0-hardening/./docs/evidence/V0.1.14/windows-deployment.log
-- Installing: <project>\releases\V0.6.0-hardening/./docs/evidence/V0.1.14/windows-examples.json
-- Installing: <project>\releases\V0.6.0-hardening/./docs/evidence/V0.1.14/windows-examples.log
-- Installing: <project>\releases\V0.6.0-hardening/./docs/evidence/V0.1.14/windows-gui.json
-- Installing: <project>\releases\V0.6.0-hardening/./docs/evidence/V0.1.14/windows-gui.log
-- Installing: <project>\releases\V0.6.0-hardening/./docs/evidence/V0.1.14/windows-missing-sdk.log
-- Installing: <project>\releases\V0.6.0-hardening/./docs/evidence/V0.1.14/windows-multiconfig.log
-- Installing: <project>\releases\V0.6.0-hardening/./docs/evidence/V0.1.14/windows-native.json
-- Installing: <project>\releases\V0.6.0-hardening/./docs/evidence/V0.1.14/windows-native.log
-- Installing: <project>\releases\V0.6.0-hardening/./docs/evidence/V0.1.14/windows-package.log
-- Installing: <project>\releases\V0.6.0-hardening/./docs/evidence/V0.1.14/windows-python-client.json
-- Installing: <project>\releases\V0.6.0-hardening/./docs/evidence/V0.1.14/windows-python-client.log
-- Installing: <project>\releases\V0.6.0-hardening/./docs/evidence/V0.1.14/windows-python-unit.log
-- Installing: <project>\releases\V0.6.0-hardening/./docs/evidence/V0.1.14/windows-release-preset.log
-- Installing: <project>\releases\V0.6.0-hardening/./docs/evidence/V0.1.14/windows-user-configure.log
-- Installing: <project>\releases\V0.6.0-hardening/./docs/evidence/V0.1.2
-- Installing: <project>\releases\V0.6.0-hardening/./docs/evidence/V0.1.2/build.log
-- Installing: <project>\releases\V0.6.0-hardening/./docs/evidence/V0.1.2/core-tests.log
-- Installing: <project>\releases\V0.6.0-hardening/./docs/evidence/V0.1.2/dotnet-runtime-licenses.json
-- Installing: <project>\releases\V0.6.0-hardening/./docs/evidence/V0.1.2/gui-demo-reset.txt
-- Installing: <project>\releases\V0.6.0-hardening/./docs/evidence/V0.1.2/gui-native-report.json
-- Installing: <project>\releases\V0.6.0-hardening/./docs/evidence/V0.1.2/gui-native-success.png
-- Installing: <project>\releases\V0.6.0-hardening/./docs/evidence/V0.1.2/gui-native-success.txt
-- Installing: <project>\releases\V0.6.0-hardening/./docs/evidence/V0.1.2/gui-pro-probe.txt
-- Installing: <project>\releases\V0.6.0-hardening/./docs/evidence/V0.1.2/gui-tests.json
-- Installing: <project>\releases\V0.6.0-hardening/./docs/evidence/V0.1.2/gui-ui-checks.json
-- Installing: <project>\releases\V0.6.0-hardening/./docs/evidence/V0.1.2/native-tests.json
-- Installing: <project>\releases\V0.6.0-hardening/./docs/evidence/V0.1.2/pro-tests.json
-- Installing: <project>\releases\V0.6.0-hardening/./docs/evidence/V0.1.3
-- Installing: <project>\releases\V0.6.0-hardening/./docs/evidence/V0.1.3/baseline-v012.json
-- Installing: <project>\releases\V0.6.0-hardening/./docs/evidence/V0.1.3/core-build.log
-- Installing: <project>\releases\V0.6.0-hardening/./docs/evidence/V0.1.3/core-tests.log
-- Installing: <project>\releases\V0.6.0-hardening/./docs/evidence/V0.1.3/dotnet-runtime-licenses.json
-- Installing: <project>\releases\V0.6.0-hardening/./docs/evidence/V0.1.3/final-strict-inspection.json
-- Installing: <project>\releases\V0.6.0-hardening/./docs/evidence/V0.1.3/gui-build-final.log
-- Installing: <project>\releases\V0.6.0-hardening/./docs/evidence/V0.1.3/gui-native-report.json
-- Installing: <project>\releases\V0.6.0-hardening/./docs/evidence/V0.1.3/gui-no-overwrite-hashes.json
-- Installing: <project>\releases\V0.6.0-hardening/./docs/evidence/V0.1.3/gui-no-overwrite.png
-- Installing: <project>\releases\V0.6.0-hardening/./docs/evidence/V0.1.3/gui-no-overwrite.txt
-- Installing: <project>\releases\V0.6.0-hardening/./docs/evidence/V0.1.3/gui-raw-report.png
-- Installing: <project>\releases\V0.6.0-hardening/./docs/evidence/V0.1.3/gui-readable-report.png
-- Installing: <project>\releases\V0.6.0-hardening/./docs/evidence/V0.1.3/gui-readable-report.txt
-- Installing: <project>\releases\V0.6.0-hardening/./docs/evidence/V0.1.3/gui-real-success.png
-- Installing: <project>\releases\V0.6.0-hardening/./docs/evidence/V0.1.3/gui-real-success.txt
-- Installing: <project>\releases\V0.6.0-hardening/./docs/evidence/V0.1.3/gui-result-independent-pro.json
-- Installing: <project>\releases\V0.6.0-hardening/./docs/evidence/V0.1.3/gui-result-independent-pro.log
-- Installing: <project>\releases\V0.6.0-hardening/./docs/evidence/V0.1.3/gui-retry-new-name.png
-- Installing: <project>\releases\V0.6.0-hardening/./docs/evidence/V0.1.3/gui-strict-failure.png
-- Installing: <project>\releases\V0.6.0-hardening/./docs/evidence/V0.1.3/gui-tests.json
-- Installing: <project>\releases\V0.6.0-hardening/./docs/evidence/V0.1.3/independent-pro-tool
-- Installing: <project>\releases\V0.6.0-hardening/./docs/evidence/V0.1.3/independent-pro-tool/README.md
-- Installing: <project>\releases\V0.6.0-hardening/./docs/evidence/V0.1.3/input-inspection.json
-- Installing: <project>\releases\V0.6.0-hardening/./docs/evidence/V0.1.3/jpeg-normalization-pixels.json
-- Installing: <project>\releases\V0.6.0-hardening/./docs/evidence/V0.1.3/native-pro-coordinate-differences.json
-- Installing: <project>\releases\V0.6.0-hardening/./docs/evidence/V0.1.3/native-read-by-pro-final.log
-- Installing: <project>\releases\V0.6.0-hardening/./docs/evidence/V0.1.3/native-read-by-pro.json
-- Installing: <project>\releases\V0.6.0-hardening/./docs/evidence/V0.1.3/native-tests-final.log
-- Installing: <project>\releases\V0.6.0-hardening/./docs/evidence/V0.1.3/native-tests.json
-- Installing: <project>\releases\V0.6.0-hardening/./docs/evidence/V0.1.3/original-files-unchanged.json
-- Installing: <project>\releases\V0.6.0-hardening/./docs/evidence/V0.1.3/pro-tests-jpeg-final.log
-- Installing: <project>\releases\V0.6.0-hardening/./docs/evidence/V0.1.3/pro-tests.json
-- Installing: <project>\releases\V0.6.0-hardening/./docs/evidence/V0.1.3/profile-tests.txt
-- Installing: <project>\releases\V0.6.0-hardening/./docs/evidence/V0.1.3/real-pro-report.json
-- Installing: <project>\releases\V0.6.0-hardening/./docs/evidence/V0.1.3/release-files.json
-- Installing: <project>\releases\V0.6.0-hardening/./docs/evidence/V0.1.4
-- Installing: <project>\releases\V0.6.0-hardening/./docs/evidence/V0.1.4/baseline-prepare.json
-- Installing: <project>\releases\V0.6.0-hardening/./docs/evidence/V0.1.4/benchmark_prepare.py
-- Installing: <project>\releases\V0.6.0-hardening/./docs/evidence/V0.1.4/core-build.log
-- Installing: <project>\releases\V0.6.0-hardening/./docs/evidence/V0.1.4/core-tests.log
-- Installing: <project>\releases\V0.6.0-hardening/./docs/evidence/V0.1.4/gui-build.log
-- Installing: <project>\releases\V0.6.0-hardening/./docs/evidence/V0.1.4/gui-release-report.json
-- Installing: <project>\releases\V0.6.0-hardening/./docs/evidence/V0.1.4/gui-release-success.png
-- Installing: <project>\releases\V0.6.0-hardening/./docs/evidence/V0.1.4/gui-release-success.txt
-- Installing: <project>\releases\V0.6.0-hardening/./docs/evidence/V0.1.4/gui-tests.json
-- Installing: <project>\releases\V0.6.0-hardening/./docs/evidence/V0.1.4/native-tests.json
-- Installing: <project>\releases\V0.6.0-hardening/./docs/evidence/V0.1.4/native-tests.log
-- Installing: <project>\releases\V0.6.0-hardening/./docs/evidence/V0.1.4/original-files-unchanged.json
-- Installing: <project>\releases\V0.6.0-hardening/./docs/evidence/V0.1.4/pro-tests.json
-- Installing: <project>\releases\V0.6.0-hardening/./docs/evidence/V0.1.4/pro-tests.log
-- Installing: <project>\releases\V0.6.0-hardening/./docs/evidence/V0.1.4/reader-benchmark.json
-- Installing: <project>\releases\V0.6.0-hardening/./docs/evidence/V0.1.4/real-native-report.json
-- Installing: <project>\releases\V0.6.0-hardening/./docs/evidence/V0.1.4/real-native-v013-equivalence.json
-- Installing: <project>\releases\V0.6.0-hardening/./docs/evidence/V0.1.4/release-files.json
-- Installing: <project>\releases\V0.6.0-hardening/./docs/evidence/V0.1.4/streaming-prepare.json
-- Installing: <project>\releases\V0.6.0-hardening/./docs/evidence/V0.1.5
-- Installing: <project>\releases\V0.6.0-hardening/./docs/evidence/V0.1.5/build.log
-- Installing: <project>\releases\V0.6.0-hardening/./docs/evidence/V0.1.5/examples.json
-- Installing: <project>\releases\V0.6.0-hardening/./docs/evidence/V0.1.5/gui-tests.json
-- Installing: <project>\releases\V0.6.0-hardening/./docs/evidence/V0.1.5/native-deployment.json
-- Installing: <project>\releases\V0.6.0-hardening/./docs/evidence/V0.1.5/native-tests.json
-- Installing: <project>\releases\V0.6.0-hardening/./docs/evidence/V0.1.5/release-checks.json
-- Installing: <project>\releases\V0.6.0-hardening/./docs/evidence/V0.1.5/release-dependencies.json
-- Installing: <project>\releases\V0.6.0-hardening/./docs/evidence/V0.1.6
-- Installing: <project>\releases\V0.6.0-hardening/./docs/evidence/V0.1.6/cross_readback.py
-- Installing: <project>\releases\V0.6.0-hardening/./docs/evidence/V0.1.6/independent-os-output-comparison.json
-- Installing: <project>\releases\V0.6.0-hardening/./docs/evidence/V0.1.6/ubuntu-alpha-plane.json
-- Installing: <project>\releases\V0.6.0-hardening/./docs/evidence/V0.1.6/ubuntu-archive-deployment.json
-- Installing: <project>\releases\V0.6.0-hardening/./docs/evidence/V0.1.6/ubuntu-build.log
-- Installing: <project>\releases\V0.6.0-hardening/./docs/evidence/V0.1.6/ubuntu-deployment.json
-- Installing: <project>\releases\V0.6.0-hardening/./docs/evidence/V0.1.6/ubuntu-deployment.log
-- Installing: <project>\releases\V0.6.0-hardening/./docs/evidence/V0.1.6/ubuntu-environment.log
-- Installing: <project>\releases\V0.6.0-hardening/./docs/evidence/V0.1.6/ubuntu-examples.json
-- Installing: <project>\releases\V0.6.0-hardening/./docs/evidence/V0.1.6/ubuntu-examples.log
-- Installing: <project>\releases\V0.6.0-hardening/./docs/evidence/V0.1.6/ubuntu-native.json
-- Installing: <project>\releases\V0.6.0-hardening/./docs/evidence/V0.1.6/ubuntu-native.log
-- Installing: <project>\releases\V0.6.0-hardening/./docs/evidence/V0.1.6/ubuntu-package.log
-- Installing: <project>\releases\V0.6.0-hardening/./docs/evidence/V0.1.6/ubuntu-sloped_normals.json
-- Installing: <project>\releases\V0.6.0-hardening/./docs/evidence/V0.1.6/ubuntu-textured_quad.json
-- Installing: <project>\releases\V0.6.0-hardening/./docs/evidence/V0.1.6/ubuntu-to-windows.json
-- Installing: <project>\releases\V0.6.0-hardening/./docs/evidence/V0.1.6/windows-alpha-plane.json
-- Installing: <project>\releases\V0.6.0-hardening/./docs/evidence/V0.1.6/windows-build.log
-- Installing: <project>\releases\V0.6.0-hardening/./docs/evidence/V0.1.6/windows-deployment.json
-- Installing: <project>\releases\V0.6.0-hardening/./docs/evidence/V0.1.6/windows-examples.json
-- Installing: <project>\releases\V0.6.0-hardening/./docs/evidence/V0.1.6/windows-gui.json
-- Installing: <project>\releases\V0.6.0-hardening/./docs/evidence/V0.1.6/windows-native.json
-- Installing: <project>\releases\V0.6.0-hardening/./docs/evidence/V0.1.6/windows-native.log
-- Installing: <project>\releases\V0.6.0-hardening/./docs/evidence/V0.1.6/windows-sloped_normals.json
-- Installing: <project>\releases\V0.6.0-hardening/./docs/evidence/V0.1.6/windows-textured_quad.json
-- Installing: <project>\releases\V0.6.0-hardening/./docs/evidence/V0.1.6/windows-to-ubuntu.json
-- Installing: <project>\releases\V0.6.0-hardening/./docs/evidence/V0.1.6/windows-unified-build.log
-- Installing: <project>\releases\V0.6.0-hardening/./docs/evidence/V0.1.7
-- Installing: <project>\releases\V0.6.0-hardening/./docs/evidence/V0.1.7/real-model-assessment.json
-- Installing: <project>\releases\V0.6.0-hardening/./docs/evidence/V0.1.7/ubuntu-build.log
-- Installing: <project>\releases\V0.6.0-hardening/./docs/evidence/V0.1.7/ubuntu-deployment.json
-- Installing: <project>\releases\V0.6.0-hardening/./docs/evidence/V0.1.7/ubuntu-deployment.log
-- Installing: <project>\releases\V0.6.0-hardening/./docs/evidence/V0.1.7/ubuntu-examples.json
-- Installing: <project>\releases\V0.6.0-hardening/./docs/evidence/V0.1.7/ubuntu-examples.log
-- Installing: <project>\releases\V0.6.0-hardening/./docs/evidence/V0.1.7/ubuntu-missing-textures.log
-- Installing: <project>\releases\V0.6.0-hardening/./docs/evidence/V0.1.7/ubuntu-native.log
-- Installing: <project>\releases\V0.6.0-hardening/./docs/evidence/V0.1.7/ubuntu-package-check.log
-- Installing: <project>\releases\V0.6.0-hardening/./docs/evidence/V0.1.7/windows-build.log
-- Installing: <project>\releases\V0.6.0-hardening/./docs/evidence/V0.1.7/windows-deployment.json
-- Installing: <project>\releases\V0.6.0-hardening/./docs/evidence/V0.1.7/windows-examples.json
-- Installing: <project>\releases\V0.6.0-hardening/./docs/evidence/V0.1.7/windows-gui.json
-- Installing: <project>\releases\V0.6.0-hardening/./docs/evidence/V0.1.7/windows-missing-textures.log
-- Installing: <project>\releases\V0.6.0-hardening/./docs/evidence/V0.1.7/windows-native.log
-- Installing: <project>\releases\V0.6.0-hardening/./docs/evidence/V0.1.7/windows-package-check.log
-- Installing: <project>\releases\V0.6.0-hardening/./docs/evidence/V0.1.8
-- Installing: <project>\releases\V0.6.0-hardening/./docs/evidence/V0.1.8/real-model-assessment.json
-- Installing: <project>\releases\V0.6.0-hardening/./docs/evidence/V0.1.8/ubuntu-build.log
-- Installing: <project>\releases\V0.6.0-hardening/./docs/evidence/V0.1.8/ubuntu-deployment.json
-- Installing: <project>\releases\V0.6.0-hardening/./docs/evidence/V0.1.8/ubuntu-deployment.log
-- Installing: <project>\releases\V0.6.0-hardening/./docs/evidence/V0.1.8/ubuntu-examples.json
-- Installing: <project>\releases\V0.6.0-hardening/./docs/evidence/V0.1.8/ubuntu-examples.log
-- Installing: <project>\releases\V0.6.0-hardening/./docs/evidence/V0.1.8/ubuntu-final-ctest.log
-- Installing: <project>\releases\V0.6.0-hardening/./docs/evidence/V0.1.8/ubuntu-final-native-build.log
-- Installing: <project>\releases\V0.6.0-hardening/./docs/evidence/V0.1.8/ubuntu-native.log
-- Installing: <project>\releases\V0.6.0-hardening/./docs/evidence/V0.1.8/ubuntu-normal.log
-- Installing: <project>\releases\V0.6.0-hardening/./docs/evidence/V0.1.8/ubuntu-package-check.log
-- Installing: <project>\releases\V0.6.0-hardening/./docs/evidence/V0.1.8/windows-build.log
-- Installing: <project>\releases\V0.6.0-hardening/./docs/evidence/V0.1.8/windows-deployment.json
-- Installing: <project>\releases\V0.6.0-hardening/./docs/evidence/V0.1.8/windows-examples.json
-- Installing: <project>\releases\V0.6.0-hardening/./docs/evidence/V0.1.8/windows-gui.json
-- Installing: <project>\releases\V0.6.0-hardening/./docs/evidence/V0.1.8/windows-native.log
-- Installing: <project>\releases\V0.6.0-hardening/./docs/evidence/V0.1.8/windows-normal.log
-- Installing: <project>\releases\V0.6.0-hardening/./docs/evidence/V0.1.8/windows-package-check.log
-- Installing: <project>\releases\V0.6.0-hardening/./docs/evidence/V0.1.9
-- Installing: <project>\releases\V0.6.0-hardening/./docs/evidence/V0.1.9/ubuntu-build.log
-- Installing: <project>\releases\V0.6.0-hardening/./docs/evidence/V0.1.9/ubuntu-deployment.json
-- Installing: <project>\releases\V0.6.0-hardening/./docs/evidence/V0.1.9/ubuntu-deployment.log
-- Installing: <project>\releases\V0.6.0-hardening/./docs/evidence/V0.1.9/ubuntu-examples.json
-- Installing: <project>\releases\V0.6.0-hardening/./docs/evidence/V0.1.9/ubuntu-examples.log
-- Installing: <project>\releases\V0.6.0-hardening/./docs/evidence/V0.1.9/ubuntu-native.log
-- Installing: <project>\releases\V0.6.0-hardening/./docs/evidence/V0.1.9/ubuntu-package-check.log
-- Installing: <project>\releases\V0.6.0-hardening/./docs/evidence/V0.1.9/ubuntu-python-client.json
-- Installing: <project>\releases\V0.6.0-hardening/./docs/evidence/V0.1.9/ubuntu-python-client.log
-- Installing: <project>\releases\V0.6.0-hardening/./docs/evidence/V0.1.9/ubuntu-python-unit.log
-- Installing: <project>\releases\V0.6.0-hardening/./docs/evidence/V0.1.9/windows-build.log
-- Installing: <project>\releases\V0.6.0-hardening/./docs/evidence/V0.1.9/windows-deployment.json
-- Installing: <project>\releases\V0.6.0-hardening/./docs/evidence/V0.1.9/windows-examples.json
-- Installing: <project>\releases\V0.6.0-hardening/./docs/evidence/V0.1.9/windows-gui.json
-- Installing: <project>\releases\V0.6.0-hardening/./docs/evidence/V0.1.9/windows-native.log
-- Installing: <project>\releases\V0.6.0-hardening/./docs/evidence/V0.1.9/windows-package-check.log
-- Installing: <project>\releases\V0.6.0-hardening/./docs/evidence/V0.1.9/windows-python-client.json
-- Installing: <project>\releases\V0.6.0-hardening/./docs/evidence/V0.1.9/windows-python-example.log
-- Installing: <project>\releases\V0.6.0-hardening/./docs/evidence/V0.1.9/windows-python-unit.log
-- Installing: <project>\releases\V0.6.0-hardening/./docs/evidence/V0.2
-- Installing: <project>\releases\V0.6.0-hardening/./docs/evidence/V0.2/source-match.json
-- Installing: <project>\releases\V0.6.0-hardening/./docs/evidence/V0.2/ubuntu-build.log
-- Installing: <project>\releases\V0.6.0-hardening/./docs/evidence/V0.2/ubuntu-ctest-detail.log
-- Installing: <project>\releases\V0.6.0-hardening/./docs/evidence/V0.2/ubuntu-dependencies.log
-- Installing: <project>\releases\V0.6.0-hardening/./docs/evidence/V0.2/ubuntu-deployment.json
-- Installing: <project>\releases\V0.6.0-hardening/./docs/evidence/V0.2/ubuntu-deployment.log
-- Installing: <project>\releases\V0.6.0-hardening/./docs/evidence/V0.2/ubuntu-examples.json
-- Installing: <project>\releases\V0.6.0-hardening/./docs/evidence/V0.2/ubuntu-examples.log
-- Installing: <project>\releases\V0.6.0-hardening/./docs/evidence/V0.2/ubuntu-native.json
-- Installing: <project>\releases\V0.6.0-hardening/./docs/evidence/V0.2/ubuntu-native.log
-- Installing: <project>\releases\V0.6.0-hardening/./docs/evidence/V0.2/ubuntu-normals.log
-- Installing: <project>\releases\V0.6.0-hardening/./docs/evidence/V0.2/ubuntu-package.log
-- Installing: <project>\releases\V0.6.0-hardening/./docs/evidence/V0.2/ubuntu-python-client.json
-- Installing: <project>\releases\V0.6.0-hardening/./docs/evidence/V0.2/ubuntu-python-client.log
-- Installing: <project>\releases\V0.6.0-hardening/./docs/evidence/V0.2/ubuntu-python-unit.log
-- Installing: <project>\releases\V0.6.0-hardening/./docs/evidence/V0.2/ubuntu-textures.log
-- Installing: <project>\releases\V0.6.0-hardening/./docs/evidence/V0.2/ubuntu-version.log
-- Installing: <project>\releases\V0.6.0-hardening/./docs/evidence/V0.2/windows-build.log
-- Installing: <project>\releases\V0.6.0-hardening/./docs/evidence/V0.2/windows-core.log
-- Installing: <project>\releases\V0.6.0-hardening/./docs/evidence/V0.2/windows-ctest-detail.log
-- Installing: <project>\releases\V0.6.0-hardening/./docs/evidence/V0.2/windows-dependencies.log
-- Installing: <project>\releases\V0.6.0-hardening/./docs/evidence/V0.2/windows-deployment.json
-- Installing: <project>\releases\V0.6.0-hardening/./docs/evidence/V0.2/windows-deployment.log
-- Installing: <project>\releases\V0.6.0-hardening/./docs/evidence/V0.2/windows-examples.json
-- Installing: <project>\releases\V0.6.0-hardening/./docs/evidence/V0.2/windows-examples.log
-- Installing: <project>\releases\V0.6.0-hardening/./docs/evidence/V0.2/windows-gui.json
-- Installing: <project>\releases\V0.6.0-hardening/./docs/evidence/V0.2/windows-gui.log
-- Installing: <project>\releases\V0.6.0-hardening/./docs/evidence/V0.2/windows-mingw-core.log
-- Installing: <project>\releases\V0.6.0-hardening/./docs/evidence/V0.2/windows-native.json
-- Installing: <project>\releases\V0.6.0-hardening/./docs/evidence/V0.2/windows-native.log
-- Installing: <project>\releases\V0.6.0-hardening/./docs/evidence/V0.2/windows-normals.log
-- Installing: <project>\releases\V0.6.0-hardening/./docs/evidence/V0.2/windows-package.log
-- Installing: <project>\releases\V0.6.0-hardening/./docs/evidence/V0.2/windows-python-client.json
-- Installing: <project>\releases\V0.6.0-hardening/./docs/evidence/V0.2/windows-python-client.log
-- Installing: <project>\releases\V0.6.0-hardening/./docs/evidence/V0.2/windows-python-unit.log
-- Installing: <project>\releases\V0.6.0-hardening/./docs/evidence/V0.2/windows-textures.log
-- Installing: <project>\releases\V0.6.0-hardening/./docs/evidence/V0.2/windows-version.log
-- Installing: <project>\releases\V0.6.0-hardening/./docs/evidence/V0.2.1
-- Installing: <project>\releases\V0.6.0-hardening/./docs/evidence/V0.2.1/source-match.json
-- Installing: <project>\releases\V0.6.0-hardening/./docs/evidence/V0.2.1/ubuntu-build.log
-- Installing: <project>\releases\V0.6.0-hardening/./docs/evidence/V0.2.1/ubuntu-ctest-detail.log
-- Installing: <project>\releases\V0.6.0-hardening/./docs/evidence/V0.2.1/ubuntu-dependencies.log
-- Installing: <project>\releases\V0.6.0-hardening/./docs/evidence/V0.2.1/ubuntu-deployment.json
-- Installing: <project>\releases\V0.6.0-hardening/./docs/evidence/V0.2.1/ubuntu-deployment.log
-- Installing: <project>\releases\V0.6.0-hardening/./docs/evidence/V0.2.1/ubuntu-examples.json
-- Installing: <project>\releases\V0.6.0-hardening/./docs/evidence/V0.2.1/ubuntu-examples.log
-- Installing: <project>\releases\V0.6.0-hardening/./docs/evidence/V0.2.1/ubuntu-native.json
-- Installing: <project>\releases\V0.6.0-hardening/./docs/evidence/V0.2.1/ubuntu-native.log
-- Installing: <project>\releases\V0.6.0-hardening/./docs/evidence/V0.2.1/ubuntu-normals.log
-- Installing: <project>\releases\V0.6.0-hardening/./docs/evidence/V0.2.1/ubuntu-package.log
-- Installing: <project>\releases\V0.6.0-hardening/./docs/evidence/V0.2.1/ubuntu-python-client.json
-- Installing: <project>\releases\V0.6.0-hardening/./docs/evidence/V0.2.1/ubuntu-python-client.log
-- Installing: <project>\releases\V0.6.0-hardening/./docs/evidence/V0.2.1/ubuntu-python-unit.log
-- Installing: <project>\releases\V0.6.0-hardening/./docs/evidence/V0.2.1/ubuntu-textures.log
-- Installing: <project>\releases\V0.6.0-hardening/./docs/evidence/V0.2.1/ubuntu-version.log
-- Installing: <project>\releases\V0.6.0-hardening/./docs/evidence/V0.2.1/windows-build.log
-- Installing: <project>\releases\V0.6.0-hardening/./docs/evidence/V0.2.1/windows-ctest-detail.log
-- Installing: <project>\releases\V0.6.0-hardening/./docs/evidence/V0.2.1/windows-dependencies.log
-- Installing: <project>\releases\V0.6.0-hardening/./docs/evidence/V0.2.1/windows-deployment.json
-- Installing: <project>\releases\V0.6.0-hardening/./docs/evidence/V0.2.1/windows-deployment.log
-- Installing: <project>\releases\V0.6.0-hardening/./docs/evidence/V0.2.1/windows-examples.json
-- Installing: <project>\releases\V0.6.0-hardening/./docs/evidence/V0.2.1/windows-examples.log
-- Installing: <project>\releases\V0.6.0-hardening/./docs/evidence/V0.2.1/windows-gui.json
-- Installing: <project>\releases\V0.6.0-hardening/./docs/evidence/V0.2.1/windows-gui.log
-- Installing: <project>\releases\V0.6.0-hardening/./docs/evidence/V0.2.1/windows-native.json
-- Installing: <project>\releases\V0.6.0-hardening/./docs/evidence/V0.2.1/windows-native.log
-- Installing: <project>\releases\V0.6.0-hardening/./docs/evidence/V0.2.1/windows-normals.log
-- Installing: <project>\releases\V0.6.0-hardening/./docs/evidence/V0.2.1/windows-package.log
-- Installing: <project>\releases\V0.6.0-hardening/./docs/evidence/V0.2.1/windows-python-client.json
-- Installing: <project>\releases\V0.6.0-hardening/./docs/evidence/V0.2.1/windows-python-client.log
-- Installing: <project>\releases\V0.6.0-hardening/./docs/evidence/V0.2.1/windows-python-unit.log
-- Installing: <project>\releases\V0.6.0-hardening/./docs/evidence/V0.2.1/windows-textures.log
-- Installing: <project>\releases\V0.6.0-hardening/./docs/evidence/V0.2.1/windows-version.log
-- Installing: <project>\releases\V0.6.0-hardening/./docs/evidence/V0.2.2
-- Installing: <project>\releases\V0.6.0-hardening/./docs/evidence/V0.2.2/source-match.json
-- Installing: <project>\releases\V0.6.0-hardening/./docs/evidence/V0.2.2/ubuntu-build.log
-- Installing: <project>\releases\V0.6.0-hardening/./docs/evidence/V0.2.2/ubuntu-ctest-detail.log
-- Installing: <project>\releases\V0.6.0-hardening/./docs/evidence/V0.2.2/ubuntu-dependencies.log
-- Installing: <project>\releases\V0.6.0-hardening/./docs/evidence/V0.2.2/ubuntu-deployment.json
-- Installing: <project>\releases\V0.6.0-hardening/./docs/evidence/V0.2.2/ubuntu-deployment.log
-- Installing: <project>\releases\V0.6.0-hardening/./docs/evidence/V0.2.2/ubuntu-examples.json
-- Installing: <project>\releases\V0.6.0-hardening/./docs/evidence/V0.2.2/ubuntu-examples.log
-- Installing: <project>\releases\V0.6.0-hardening/./docs/evidence/V0.2.2/ubuntu-native.json
-- Installing: <project>\releases\V0.6.0-hardening/./docs/evidence/V0.2.2/ubuntu-native.log
-- Installing: <project>\releases\V0.6.0-hardening/./docs/evidence/V0.2.2/ubuntu-normals.log
-- Installing: <project>\releases\V0.6.0-hardening/./docs/evidence/V0.2.2/ubuntu-package.log
-- Installing: <project>\releases\V0.6.0-hardening/./docs/evidence/V0.2.2/ubuntu-python-client.json
-- Installing: <project>\releases\V0.6.0-hardening/./docs/evidence/V0.2.2/ubuntu-python-client.log
-- Installing: <project>\releases\V0.6.0-hardening/./docs/evidence/V0.2.2/ubuntu-python-unit.log
-- Installing: <project>\releases\V0.6.0-hardening/./docs/evidence/V0.2.2/ubuntu-textures.log
-- Installing: <project>\releases\V0.6.0-hardening/./docs/evidence/V0.2.2/ubuntu-version.log
-- Installing: <project>\releases\V0.6.0-hardening/./docs/evidence/V0.2.2/windows-build.log
-- Installing: <project>\releases\V0.6.0-hardening/./docs/evidence/V0.2.2/windows-ctest-detail.log
-- Installing: <project>\releases\V0.6.0-hardening/./docs/evidence/V0.2.2/windows-dependencies.log
-- Installing: <project>\releases\V0.6.0-hardening/./docs/evidence/V0.2.2/windows-deployment.json
-- Installing: <project>\releases\V0.6.0-hardening/./docs/evidence/V0.2.2/windows-deployment.log
-- Installing: <project>\releases\V0.6.0-hardening/./docs/evidence/V0.2.2/windows-examples.json
-- Installing: <project>\releases\V0.6.0-hardening/./docs/evidence/V0.2.2/windows-examples.log
-- Installing: <project>\releases\V0.6.0-hardening/./docs/evidence/V0.2.2/windows-gui.json
-- Installing: <project>\releases\V0.6.0-hardening/./docs/evidence/V0.2.2/windows-gui.log
-- Installing: <project>\releases\V0.6.0-hardening/./docs/evidence/V0.2.2/windows-help-build.log
-- Installing: <project>\releases\V0.6.0-hardening/./docs/evidence/V0.2.2/windows-native.json
-- Installing: <project>\releases\V0.6.0-hardening/./docs/evidence/V0.2.2/windows-native.log
-- Installing: <project>\releases\V0.6.0-hardening/./docs/evidence/V0.2.2/windows-normals.log
-- Installing: <project>\releases\V0.6.0-hardening/./docs/evidence/V0.2.2/windows-package.log
-- Installing: <project>\releases\V0.6.0-hardening/./docs/evidence/V0.2.2/windows-python-client.json
-- Installing: <project>\releases\V0.6.0-hardening/./docs/evidence/V0.2.2/windows-python-client.log
-- Installing: <project>\releases\V0.6.0-hardening/./docs/evidence/V0.2.2/windows-python-unit.log
-- Installing: <project>\releases\V0.6.0-hardening/./docs/evidence/V0.2.2/windows-textures.log
-- Installing: <project>\releases\V0.6.0-hardening/./docs/evidence/V0.2.2/windows-version.log
-- Installing: <project>\releases\V0.6.0-hardening/./docs/evidence/V0.5.0
-- Installing: <project>\releases\V0.6.0-hardening/./docs/evidence/V0.5.0/source-match.json
-- Installing: <project>\releases\V0.6.0-hardening/./docs/evidence/V0.5.0/ubuntu-build.log
-- Installing: <project>\releases\V0.6.0-hardening/./docs/evidence/V0.5.0/ubuntu-dependencies.log
-- Installing: <project>\releases\V0.6.0-hardening/./docs/evidence/V0.5.0/ubuntu-deployment.json
-- Installing: <project>\releases\V0.6.0-hardening/./docs/evidence/V0.5.0/ubuntu-deployment.log
-- Installing: <project>\releases\V0.6.0-hardening/./docs/evidence/V0.5.0/ubuntu-examples.log
-- Installing: <project>\releases\V0.6.0-hardening/./docs/evidence/V0.5.0/ubuntu-formats.json
-- Installing: <project>\releases\V0.6.0-hardening/./docs/evidence/V0.5.0/ubuntu-native.json
-- Installing: <project>\releases\V0.6.0-hardening/./docs/evidence/V0.5.0/ubuntu-native.log
-- Installing: <project>\releases\V0.6.0-hardening/./docs/evidence/V0.5.0/ubuntu-normals.log
-- Installing: <project>\releases\V0.6.0-hardening/./docs/evidence/V0.5.0/ubuntu-package.log
-- Installing: <project>\releases\V0.6.0-hardening/./docs/evidence/V0.5.0/ubuntu-python-client.json
-- Installing: <project>\releases\V0.6.0-hardening/./docs/evidence/V0.5.0/ubuntu-python-client.log
-- Installing: <project>\releases\V0.6.0-hardening/./docs/evidence/V0.5.0/ubuntu-python-unit.log
-- Installing: <project>\releases\V0.6.0-hardening/./docs/evidence/V0.5.0/ubuntu-textures.log
-- Installing: <project>\releases\V0.6.0-hardening/./docs/evidence/V0.5.0/ubuntu-version.log
-- Installing: <project>\releases\V0.6.0-hardening/./docs/evidence/V0.5.0/ubuntu-wrl-final.log
-- Installing: <project>\releases\V0.6.0-hardening/./docs/evidence/V0.5.0/windows-build.log
-- Installing: <project>\releases\V0.6.0-hardening/./docs/evidence/V0.5.0/windows-dependencies.log
-- Installing: <project>\releases\V0.6.0-hardening/./docs/evidence/V0.5.0/windows-deployment.json
-- Installing: <project>\releases\V0.6.0-hardening/./docs/evidence/V0.5.0/windows-examples.log
-- Installing: <project>\releases\V0.6.0-hardening/./docs/evidence/V0.5.0/windows-formats.json
-- Installing: <project>\releases\V0.6.0-hardening/./docs/evidence/V0.5.0/windows-gui.json
-- Installing: <project>\releases\V0.6.0-hardening/./docs/evidence/V0.5.0/windows-native.json
-- Installing: <project>\releases\V0.6.0-hardening/./docs/evidence/V0.5.0/windows-native.log
-- Installing: <project>\releases\V0.6.0-hardening/./docs/evidence/V0.5.0/windows-normals.log
-- Installing: <project>\releases\V0.6.0-hardening/./docs/evidence/V0.5.0/windows-package.log
-- Installing: <project>\releases\V0.6.0-hardening/./docs/evidence/V0.5.0/windows-python-client.json
-- Installing: <project>\releases\V0.6.0-hardening/./docs/evidence/V0.5.0/windows-python-client.log
-- Installing: <project>\releases\V0.6.0-hardening/./docs/evidence/V0.5.0/windows-python-unit.log
-- Installing: <project>\releases\V0.6.0-hardening/./docs/evidence/V0.5.0/windows-textures.log
-- Installing: <project>\releases\V0.6.0-hardening/./docs/evidence/V0.5.0/windows-version.log
-- Installing: <project>\releases\V0.6.0-hardening/./docs/evidence/V0.5.0/windows-wrl-final.log
-- Installing: <project>\releases\V0.6.0-hardening/./docs/evidence/V0.6.0
-- Installing: <project>\releases\V0.6.0-hardening/./docs/evidence/V0.6.0/source-match.json
-- Installing: <project>\releases\V0.6.0-hardening/./docs/evidence/V0.6.0/source-sha256.json
-- Installing: <project>\releases\V0.6.0-hardening/./docs/evidence/V0.6.0/ubuntu-build.log
-- Installing: <project>\releases\V0.6.0-hardening/./docs/evidence/V0.6.0/ubuntu-dependencies.log
-- Installing: <project>\releases\V0.6.0-hardening/./docs/evidence/V0.6.0/ubuntu-deployment.json
-- Installing: <project>\releases\V0.6.0-hardening/./docs/evidence/V0.6.0/ubuntu-deployment.log
-- Installing: <project>\releases\V0.6.0-hardening/./docs/evidence/V0.6.0/ubuntu-examples.log
-- Installing: <project>\releases\V0.6.0-hardening/./docs/evidence/V0.6.0/ubuntu-final-checks.log
-- Installing: <project>\releases\V0.6.0-hardening/./docs/evidence/V0.6.0/ubuntu-native.json
-- Installing: <project>\releases\V0.6.0-hardening/./docs/evidence/V0.6.0/ubuntu-native.log
-- Installing: <project>\releases\V0.6.0-hardening/./docs/evidence/V0.6.0/ubuntu-normals.log
-- Installing: <project>\releases\V0.6.0-hardening/./docs/evidence/V0.6.0/ubuntu-package.log
-- Installing: <project>\releases\V0.6.0-hardening/./docs/evidence/V0.6.0/ubuntu-python-client.json
-- Installing: <project>\releases\V0.6.0-hardening/./docs/evidence/V0.6.0/ubuntu-python-client.log
-- Installing: <project>\releases\V0.6.0-hardening/./docs/evidence/V0.6.0/ubuntu-python-unit.log
-- Installing: <project>\releases\V0.6.0-hardening/./docs/evidence/V0.6.0/ubuntu-textures.log
-- Installing: <project>\releases\V0.6.0-hardening/./docs/evidence/V0.6.0/ubuntu-version.log
-- Installing: <project>\releases\V0.6.0-hardening/./docs/evidence/V0.6.0/windows-ctest.log
-- Installing: <project>\releases\V0.6.0-hardening/./docs/evidence/V0.6.0/windows-dependencies.log
-- Installing: <project>\releases\V0.6.0-hardening/./docs/evidence/V0.6.0/windows-deployment.json
-- Installing: <project>\releases\V0.6.0-hardening/./docs/evidence/V0.6.0/windows-examples.log
-- Installing: <project>\releases\V0.6.0-hardening/./docs/evidence/V0.6.0/windows-final-build.log
-- Installing: <project>\releases\V0.6.0-hardening/./docs/evidence/V0.6.0/windows-gui-final.log
-- Installing: <project>\releases\V0.6.0-hardening/./docs/evidence/V0.6.0/windows-gui.json
-- Installing: <project>\releases\V0.6.0-hardening/./docs/evidence/V0.6.0/windows-max-native.log
-- Installing: <project>\releases\V0.6.0-hardening/./docs/evidence/V0.6.0/windows-max-protocol-native.json
-- Installing: <project>\releases\V0.6.0-hardening/./docs/evidence/V0.6.0/windows-native.json
-- Installing: <project>\releases\V0.6.0-hardening/./docs/evidence/V0.6.0/windows-native.log
-- Installing: <project>\releases\V0.6.0-hardening/./docs/evidence/V0.6.0/windows-normals.log
-- Installing: <project>\releases\V0.6.0-hardening/./docs/evidence/V0.6.0/windows-package.log
-- Installing: <project>\releases\V0.6.0-hardening/./docs/evidence/V0.6.0/windows-python-client.json
-- Installing: <project>\releases\V0.6.0-hardening/./docs/evidence/V0.6.0/windows-python-client.log
-- Installing: <project>\releases\V0.6.0-hardening/./docs/evidence/V0.6.0/windows-python-unit.log
-- Installing: <project>\releases\V0.6.0-hardening/./docs/evidence/V0.6.0/windows-textures.log
-- Installing: <project>\releases\V0.6.0-hardening/./docs/evidence/V0.6.0/windows-version.log
-- Installing: <project>\releases\V0.6.0-hardening/./docs/filegdb-api.md
-- Installing: <project>\releases\V0.6.0-hardening/./docs/glb.md
-- Installing: <project>\releases\V0.6.0-hardening/./docs/gui.md
-- Installing: <project>\releases\V0.6.0-hardening/./docs/max-adapter.md
-- Installing: <project>\releases\V0.6.0-hardening/./docs/max-roadmap.md
-- Installing: <project>\releases\V0.6.0-hardening/./docs/python-client.md
-- Installing: <project>\releases\V0.6.0-hardening/./docs/roadmap.md
-- Installing: <project>\releases\V0.6.0-hardening/./docs/validation-results.md
-- Installing: <project>\releases\V0.6.0-hardening/./docs/validation-v0.1.1.md
-- Installing: <project>\releases\V0.6.0-hardening/./docs/validation-v0.1.10.md
-- Installing: <project>\releases\V0.6.0-hardening/./docs/validation-v0.1.11.md
-- Installing: <project>\releases\V0.6.0-hardening/./docs/validation-v0.1.12.md
-- Installing: <project>\releases\V0.6.0-hardening/./docs/validation-v0.1.13.md
-- Installing: <project>\releases\V0.6.0-hardening/./docs/validation-v0.1.14.md
-- Installing: <project>\releases\V0.6.0-hardening/./docs/validation-v0.1.2.md
-- Installing: <project>\releases\V0.6.0-hardening/./docs/validation-v0.1.3.md
-- Installing: <project>\releases\V0.6.0-hardening/./docs/validation-v0.1.4.md
-- Installing: <project>\releases\V0.6.0-hardening/./docs/validation-v0.1.5.md
-- Installing: <project>\releases\V0.6.0-hardening/./docs/validation-v0.1.6.md
-- Installing: <project>\releases\V0.6.0-hardening/./docs/validation-v0.1.7.md
-- Installing: <project>\releases\V0.6.0-hardening/./docs/validation-v0.1.8.md
-- Installing: <project>\releases\V0.6.0-hardening/./docs/validation-v0.1.9.md
-- Installing: <project>\releases\V0.6.0-hardening/./docs/validation-v0.2.1.md
-- Installing: <project>\releases\V0.6.0-hardening/./docs/validation-v0.2.2.md
-- Installing: <project>\releases\V0.6.0-hardening/./docs/validation-v0.2.md
-- Installing: <project>\releases\V0.6.0-hardening/./docs/validation-v0.3.0.md
-- Installing: <project>\releases\V0.6.0-hardening/./docs/validation-v0.4.0.md
-- Installing: <project>\releases\V0.6.0-hardening/./docs/validation-v0.5.0.md
-- Installing: <project>\releases\V0.6.0-hardening/./docs/validation-v0.6.0.md
-- Installing: <project>\releases\V0.6.0-hardening/./docs/visual-acceptance-setup.md
-- Installing: <project>\releases\V0.6.0-hardening/./docs/wrl.md
-- Installing: <project>\releases\V0.6.0-hardening/./README.md
-- Installing: <project>\releases\V0.6.0-hardening/./VERSION
-- Installing: <project>\releases\V0.6.0-hardening/./CHANGELOG.md
-- Installing: <project>\releases\V0.6.0-hardening/./THIRD_PARTY_NOTICES.md
-- Installing: <project>\releases\V0.6.0-hardening/licenses/ufbx/LICENSE
-- Installing: <project>\releases\V0.6.0-hardening/licenses/nlohmann/LICENSE.MIT
{"arcgis_pro_required":false,"backend":"native-filegdb","filegdb_api":"1.5.5","status":"available","version":"0.6.0"}
  正在确定要还原的项目…
  所有项目均是最新的，无法还原。
  GeoModelBridge.Gui.Core -> <project>\apps\GeoModelBridge.Gui.Core\bin\Release\net8.0\GeoModelBridge.Gui.Core.dll
  GeoModelBridge.Gui -> <project>\apps\GeoModelBridge.Gui\bin\Release\net8.0-windows\win-x64\geomodelbridgeGUI.dll
  GeoModelBridge.Gui -> <project>\releases\V0.6.0-hardening\bin\
Installed 3 original .NET runtime notice files: <project>\releases\V0.6.0-hardening\licenses\dotnet
GUI: <project>\releases\V0.6.0-hardening\bin\geomodelbridgeGUI.exe
Verified cgltf 1.15
Verified ufbx 0.23.0
Verified nlohmann/json 3.12.0
Verified libjpeg-turbo (Windows decoder) 3.1.4.1
Verified libpng (Windows decoder) 1.6.58
Verified zlib (Windows decoder) 1.3.2
Verified FileGDB API 1.5.5.330 runtime and original license files
GeoModelBridge built and tested. CLI: <project>\releases\V0.6.0-hardening\bin\geomodelbridge.exe
Native writer: <project>\releases\V0.6.0-hardening\bin\native-filegdb\GeoModelBridge.NativeWriter.exe (runtime bundling: ON)
CLI help: geomodelbridge.exe convert -h; sequential calling examples: docs/command-line.md
