Verified GeoModelBridge 0.6.0: 7 required declarations and runtime release references agree.
Verified tinyxml2 10.0.0
Verified cgltf 1.15
Verified ufbx 0.23.0
Verified nlohmann/json 3.12.0
Verified libjpeg-turbo (Windows decoder) 3.1.4.1
Verified libpng (Windows decoder) 1.6.58
Verified zlib (Windows decoder) 1.3.2
-- The C compiler identification is GNU 13.3.0
-- The CXX compiler identification is GNU 13.3.0
-- Detecting C compiler ABI info
-- Detecting C compiler ABI info - done
-- Check for working C compiler: /usr/bin/cc - skipped
-- Detecting C compile features
-- Detecting C compile features - done
-- Detecting CXX compiler ABI info
-- Detecting CXX compiler ABI info - done
-- Check for working CXX compiler: /usr/bin/c++ - skipped
-- Detecting CXX compile features
-- Detecting CXX compile features - done
-- Performing Test CMAKE_HAVE_LIBC_PTHREAD
-- Performing Test CMAKE_HAVE_LIBC_PTHREAD - Success
-- Found Threads: TRUE
-- Found ZLIB: /usr/lib/x86_64-linux-gnu/libz.so (found version "1.3")
-- Found PNG: /usr/lib/x86_64-linux-gnu/libpng.so (found version "1.6.43")
-- Found JPEG: /usr/lib/x86_64-linux-gnu/libjpeg.so (found version "80")
-- Native FileGDB runtime: bundled beside the built writer and installed to bin/native-filegdb (licenses in licenses/filegdb-api)
-- Configuring done (6.5s)
-- Generating done (0.2s)
-- Build files have been written to: <project>/build/native
[1/35] Building CXX object CMakeFiles/GeoModelBridge.Core.dir/src/core.cpp.o
[2/35] Building CXX object CMakeFiles/gmb_tinyxml2.dir/third_party/tinyxml2/tinyxml2.cpp.o
[3/35] Linking CXX static library libgmb_tinyxml2.a
[4/35] Building CXX object CMakeFiles/GeoModelBridge.Core.dir/src/bundle.cpp.o
[5/35] Building CXX object CMakeFiles/GeoModelBridge.Core.dir/src/fbx_reader.cpp.o
[6/35] Building C object CMakeFiles/gmb_ufbx.dir/third_party/ufbx/ufbx.c.o
[7/35] Linking C static library libgmb_ufbx.a
[8/35] Building CXX object CMakeFiles/GeoModelBridge.Core.dir/src/glb_reader.cpp.o
[9/35] Building CXX object CMakeFiles/GeoModelBridge.Core.dir/src/wrl_reader.cpp.o
[10/35] Building CXX object CMakeFiles/GeoModelBridge.Core.dir/src/fixtures.cpp.o
[11/35] Building CXX object CMakeFiles/GeoModelBridge.Core.dir/src/max_adapter.cpp.o
[12/35] Building CXX object CMakeFiles/GeoModelBridge.Core.dir/src/platform_files_linux.cpp.o
[13/35] Building CXX object CMakeFiles/GeoModelBridge.Core.dir/src/platform_process_linux.cpp.o
[14/35] Building CXX object CMakeFiles/GeoModelBridge.Core.dir/src/dae_reader.cpp.o
[15/35] Linking CXX static library libGeoModelBridge.Core.a
[16/35] Building CXX object CMakeFiles/gmb_failing_writer.dir/tests/failing_writer.cpp.o
[17/35] Linking CXX executable bin/gmb_failing_writer
[18/35] Building CXX object CMakeFiles/gmb_core_tests.dir/tests/core_tests.cpp.o
[19/35] Linking CXX executable bin/gmb_core_tests
[20/35] cd <project>/build/native && /usr/bin/cmake -E make_directory <project>/build/native/bin/max-adapter && /usr/bin/cmake -E copy_if_different <project>/adapters/3dsmax/worker.py <project>/build/native/bin/max-adapter/worker.py
[21/35] Copying official FileGDB runtime beside the native writer
[22/35] Building CXX object CMakeFiles/gmb_output_tests.dir/tests/output_tests.cpp.o
[23/35] Linking CXX executable bin/gmb_output_tests
[24/35] Building CXX object CMakeFiles/GeoModelBridge.NativeWriter.dir/backends/native-filegdb/images.cpp.o
[25/35] Building CXX object CMakeFiles/gmb_report_writer.dir/tests/report_writer.cpp.o
[26/35] Linking CXX executable bin/gmb_report_writer
[27/35] Building CXX object CMakeFiles/GeoModelBridge.NativeWriter.dir/backends/native-filegdb/images_jpeg.cpp.o
[28/35] Building CXX object CMakeFiles/GeoModelBridge.NativeWriter.dir/backends/native-filegdb/images_png.cpp.o
[29/35] Building CXX object CMakeFiles/GeoModelBridge.NativeWriter.dir/src/core.cpp.o
[30/35] Building CXX object CMakeFiles/GeoModelBridge.NativeWriter.dir/backends/native-filegdb/platform_linux.cpp.o
[31/35] Building CXX object CMakeFiles/GeoModelBridge.NativeWriter.dir/src/platform_files_linux.cpp.o
[32/35] Building CXX object CMakeFiles/GeoModelBridge.NativeWriter.dir/backends/native-filegdb/main.cpp.o
[33/35] Linking CXX executable bin/native-filegdb/GeoModelBridge.NativeWriter
[34/35] Building CXX object CMakeFiles/geomodelbridge.dir/src/main.cpp.o
[35/35] Linking CXX executable bin/geomodelbridge
Internal ctest changing into directory: <project>/build/native
Test project <project>/build/native
      Start  1: core
 1/18 Test  #1: core .............................   Passed    0.28 sec
      Start  2: output_safety
 2/18 Test  #2: output_safety ....................   Passed    0.35 sec
      Start  3: cli
 3/18 Test  #3: cli ..............................   Passed    3.10 sec
      Start  4: reader_integration
 4/18 Test  #4: reader_integration ...............   Passed    0.93 sec
      Start  5: binary_fbx
 5/18 Test  #5: binary_fbx .......................   Passed    0.52 sec
      Start  6: obj_integration
 6/18 Test  #6: obj_integration ..................   Passed    0.60 sec
      Start  7: glb_integration
 7/18 Test  #7: glb_integration ..................   Passed    1.08 sec
      Start  8: gltf_integration
 8/18 Test  #8: gltf_integration .................   Passed    0.67 sec
      Start  9: wrl_integration
 9/18 Test  #9: wrl_integration ..................   Passed    1.21 sec
      Start 10: dae_integration
10/18 Test #10: dae_integration ..................   Passed    1.97 sec
      Start 11: profile_integration
11/18 Test #11: profile_integration ..............   Passed    3.85 sec
      Start 12: missing_textures
12/18 Test #12: missing_textures .................   Passed    1.37 sec
      Start 13: normal_repair
13/18 Test #13: normal_repair ....................   Passed    0.87 sec
      Start 14: python_client
14/18 Test #14: python_client ....................   Passed    3.53 sec
      Start 15: max_worker_policy
15/18 Test #15: max_worker_policy ................   Passed    0.84 sec
      Start 16: max_adapter
16/18 Test #16: max_adapter ......................   Passed    0.54 sec
      Start 17: native_runtime
17/18 Test #17: native_runtime ...................   Passed    0.78 sec
      Start 18: native_build_layout
18/18 Test #18: native_build_layout ..............   Passed    4.34 sec

100% tests passed, 0 tests failed out of 18

Total Test time (real) =  26.95 sec
-- Install configuration: "Release"
-- Installing: <project>/releases/DAE/bin/max-adapter/worker.py
-- Installing: <project>/releases/DAE/bin/geomodelbridge
-- Installing: <project>/releases/DAE/bin/demo/textured_quad.fbx
-- Installing: <project>/releases/DAE/bin/demo/textured_quad.obj
-- Installing: <project>/releases/DAE/bin/demo/textured_quad.mtl
-- Installing: <project>/releases/DAE/bin/demo/textured_quad.glb
-- Installing: <project>/releases/DAE/bin/demo/textured_quad.gltf
-- Installing: <project>/releases/DAE/bin/demo/textured_quad.bin
-- Installing: <project>/releases/DAE/bin/demo/textured_quad.wrl
-- Installing: <project>/releases/DAE/bin/demo/checker.png
-- Installing: <project>/releases/DAE/licenses/cgltf/LICENSE
-- Installing: <project>/releases/DAE/licenses/tinyxml2/LICENSE.txt
-- Installing: <project>/releases/DAE/bin/demo/textured_quad.dae
-- Installing: <project>/releases/DAE/python/geomodelbridge
-- Installing: <project>/releases/DAE/python/geomodelbridge/client.py
-- Installing: <project>/releases/DAE/python/geomodelbridge/__init__.py
-- Installing: <project>/releases/DAE/python/geomodelbridge/_version.py
-- Installing: <project>/releases/DAE/python/examples/convert_fbx.py
-- Installing: <project>/releases/DAE/bin/native-filegdb/GeoModelBridge.NativeWriter
-- Installing: <project>/releases/DAE/bin/native-filegdb/libFileGDBAPI.so
-- Installing: <project>/releases/DAE/bin/native-filegdb/libfgdbunixrtl.so
-- Installing: <project>/releases/DAE/licenses/filegdb-api
-- Installing: <project>/releases/DAE/licenses/filegdb-api/Acknowledgements
-- Installing: <project>/releases/DAE/licenses/filegdb-api/userestrictions.txt
-- Installing: <project>/releases/DAE/licenses/filegdb-api/Apache License.pdf
-- Installing: <project>/releases/DAE/licenses/filegdb-api/AUTHORS
-- Installing: <project>/releases/DAE/licenses/filegdb-api/Acknowledgements-FGDBUnixRTL
-- Installing: <project>/releases/DAE/licenses/filegdb-api/README
-- Installing: <project>/releases/DAE/licenses/filegdb-api/sdk-sources-linux.json
-- Installing: <project>/releases/DAE/./docs
-- Installing: <project>/releases/DAE/./docs/validation-v0.2.1.md
-- Installing: <project>/releases/DAE/./docs/glb.md
-- Installing: <project>/releases/DAE/./docs/max-adapter.md
-- Installing: <project>/releases/DAE/./docs/gui.md
-- Installing: <project>/releases/DAE/./docs/validation-results.md
-- Installing: <project>/releases/DAE/./docs/dae.md
-- Installing: <project>/releases/DAE/./docs/validation-v0.1.13.md
-- Installing: <project>/releases/DAE/./docs/validation-v0.1.8.md
-- Installing: <project>/releases/DAE/./docs/validation-v0.1.4.md
-- Installing: <project>/releases/DAE/./docs/validation-v0.3.0.md
-- Installing: <project>/releases/DAE/./docs/validation-v0.1.6.md
-- Installing: <project>/releases/DAE/./docs/validation-v0.5.0.md
-- Installing: <project>/releases/DAE/./docs/command-line.md
-- Installing: <project>/releases/DAE/./docs/acceptance.md
-- Installing: <project>/releases/DAE/./docs/validation-v0.1.2.md
-- Installing: <project>/releases/DAE/./docs/visual-acceptance-setup.md
-- Installing: <project>/releases/DAE/./docs/architecture.md
-- Installing: <project>/releases/DAE/./docs/compatibility.md
-- Installing: <project>/releases/DAE/./docs/validation-v0.1.7.md
-- Installing: <project>/releases/DAE/./docs/validation-v0.6.0.md
-- Installing: <project>/releases/DAE/./docs/validation-max-hardening-2026-09-27.md
-- Installing: <project>/releases/DAE/./docs/bundle-format.md
-- Installing: <project>/releases/DAE/./docs/filegdb-api.md
-- Installing: <project>/releases/DAE/./docs/wrl.md
-- Installing: <project>/releases/DAE/./docs/validation-v0.1.3.md
-- Installing: <project>/releases/DAE/./docs/validation-v0.4.0.md
-- Installing: <project>/releases/DAE/./docs/validation-v0.1.14.md
-- Installing: <project>/releases/DAE/./docs/build-and-release.md
-- Installing: <project>/releases/DAE/./docs/validation-v0.1.10.md
-- Installing: <project>/releases/DAE/./docs/validation-v0.1.11.md
-- Installing: <project>/releases/DAE/./docs/max-roadmap.md
-- Installing: <project>/releases/DAE/./docs/roadmap.md
-- Installing: <project>/releases/DAE/./docs/validation-v0.1.5.md
-- Installing: <project>/releases/DAE/./docs/python-client.md
-- Installing: <project>/releases/DAE/./docs/validation-v0.1.12.md
-- Installing: <project>/releases/DAE/./docs/validation-v0.2.2.md
-- Installing: <project>/releases/DAE/./docs/evidence
-- Installing: <project>/releases/DAE/./docs/evidence/pro-integration.json
-- Installing: <project>/releases/DAE/./docs/evidence/V0.1.6
-- Installing: <project>/releases/DAE/./docs/evidence/V0.1.6/windows-examples.json
-- Installing: <project>/releases/DAE/./docs/evidence/V0.1.6/windows-gui.json
-- Installing: <project>/releases/DAE/./docs/evidence/V0.1.6/ubuntu-to-windows.json
-- Installing: <project>/releases/DAE/./docs/evidence/V0.1.6/windows-build.log
-- Installing: <project>/releases/DAE/./docs/evidence/V0.1.6/ubuntu-native.json
-- Installing: <project>/releases/DAE/./docs/evidence/V0.1.6/ubuntu-examples.log
-- Installing: <project>/releases/DAE/./docs/evidence/V0.1.6/windows-sloped_normals.json
-- Installing: <project>/releases/DAE/./docs/evidence/V0.1.6/windows-alpha-plane.json
-- Installing: <project>/releases/DAE/./docs/evidence/V0.1.6/ubuntu-examples.json
-- Installing: <project>/releases/DAE/./docs/evidence/V0.1.6/ubuntu-archive-deployment.json
-- Installing: <project>/releases/DAE/./docs/evidence/V0.1.6/ubuntu-build.log
-- Installing: <project>/releases/DAE/./docs/evidence/V0.1.6/ubuntu-environment.log
-- Installing: <project>/releases/DAE/./docs/evidence/V0.1.6/ubuntu-deployment.log
-- Installing: <project>/releases/DAE/./docs/evidence/V0.1.6/windows-to-ubuntu.json
-- Installing: <project>/releases/DAE/./docs/evidence/V0.1.6/windows-unified-build.log
-- Installing: <project>/releases/DAE/./docs/evidence/V0.1.6/independent-os-output-comparison.json
-- Installing: <project>/releases/DAE/./docs/evidence/V0.1.6/ubuntu-textured_quad.json
-- Installing: <project>/releases/DAE/./docs/evidence/V0.1.6/windows-deployment.json
-- Installing: <project>/releases/DAE/./docs/evidence/V0.1.6/windows-textured_quad.json
-- Installing: <project>/releases/DAE/./docs/evidence/V0.1.6/ubuntu-package.log
-- Installing: <project>/releases/DAE/./docs/evidence/V0.1.6/windows-native.json
-- Installing: <project>/releases/DAE/./docs/evidence/V0.1.6/ubuntu-sloped_normals.json
-- Installing: <project>/releases/DAE/./docs/evidence/V0.1.6/windows-native.log
-- Installing: <project>/releases/DAE/./docs/evidence/V0.1.6/cross_readback.py
-- Installing: <project>/releases/DAE/./docs/evidence/V0.1.6/ubuntu-alpha-plane.json
-- Installing: <project>/releases/DAE/./docs/evidence/V0.1.6/ubuntu-deployment.json
-- Installing: <project>/releases/DAE/./docs/evidence/V0.1.6/ubuntu-native.log
-- Installing: <project>/releases/DAE/./docs/evidence/V0.1.13
-- Installing: <project>/releases/DAE/./docs/evidence/V0.1.13/ubuntu-build-final.log
-- Installing: <project>/releases/DAE/./docs/evidence/V0.1.13/ubuntu-python-client.log
-- Installing: <project>/releases/DAE/./docs/evidence/V0.1.13/windows-doc-powershell.log
-- Installing: <project>/releases/DAE/./docs/evidence/V0.1.13/windows-examples.json
-- Installing: <project>/releases/DAE/./docs/evidence/V0.1.13/ubuntu-doc-bash.log
-- Installing: <project>/releases/DAE/./docs/evidence/V0.1.13/windows-runtime-recovery-target.log
-- Installing: <project>/releases/DAE/./docs/evidence/V0.1.13/windows-gui.json
-- Installing: <project>/releases/DAE/./docs/evidence/V0.1.13/windows-build.log
-- Installing: <project>/releases/DAE/./docs/evidence/V0.1.13/windows-build-final.log
-- Installing: <project>/releases/DAE/./docs/evidence/V0.1.13/windows-deployment.log
-- Installing: <project>/releases/DAE/./docs/evidence/V0.1.13/windows-runtime-off.log
-- Installing: <project>/releases/DAE/./docs/evidence/V0.1.13/ubuntu-native.json
-- Installing: <project>/releases/DAE/./docs/evidence/V0.1.13/windows-ctest-final.log
-- Installing: <project>/releases/DAE/./docs/evidence/V0.1.13/windows-invalid-build.log
-- Installing: <project>/releases/DAE/./docs/evidence/V0.1.13/ubuntu-examples.log
-- Installing: <project>/releases/DAE/./docs/evidence/V0.1.13/ubuntu-writer-dependencies.log
-- Installing: <project>/releases/DAE/./docs/evidence/V0.1.13/windows-writer-dependencies.log
-- Installing: <project>/releases/DAE/./docs/evidence/V0.1.13/windows-default-build.log
-- Installing: <project>/releases/DAE/./docs/evidence/V0.1.13/ubuntu-python-unit.log
-- Installing: <project>/releases/DAE/./docs/evidence/V0.1.13/windows-package.log
-- Installing: <project>/releases/DAE/./docs/evidence/V0.1.13/windows-examples.log
-- Installing: <project>/releases/DAE/./docs/evidence/V0.1.13/ubuntu-examples.json
-- Installing: <project>/releases/DAE/./docs/evidence/V0.1.13/ubuntu-build.log
-- Installing: <project>/releases/DAE/./docs/evidence/V0.1.13/ubuntu-deployment.log
-- Installing: <project>/releases/DAE/./docs/evidence/V0.1.13/windows-python-client.log
-- Installing: <project>/releases/DAE/./docs/evidence/V0.1.13/windows-deployment.json
-- Installing: <project>/releases/DAE/./docs/evidence/V0.1.13/ubuntu-package.log
-- Installing: <project>/releases/DAE/./docs/evidence/V0.1.13/windows-python-client.json
-- Installing: <project>/releases/DAE/./docs/evidence/V0.1.13/ubuntu-ctest-final.log
-- Installing: <project>/releases/DAE/./docs/evidence/V0.1.13/windows-python-unit.log
-- Installing: <project>/releases/DAE/./docs/evidence/V0.1.13/windows-doc-cmd.log
-- Installing: <project>/releases/DAE/./docs/evidence/V0.1.13/windows-gui.log
-- Installing: <project>/releases/DAE/./docs/evidence/V0.1.13/windows-native.json
-- Installing: <project>/releases/DAE/./docs/evidence/V0.1.13/windows-native.log
-- Installing: <project>/releases/DAE/./docs/evidence/V0.1.13/windows-runtime-recovery.log
-- Installing: <project>/releases/DAE/./docs/evidence/V0.1.13/ubuntu-python-client.json
-- Installing: <project>/releases/DAE/./docs/evidence/V0.1.13/ubuntu-deployment.json
-- Installing: <project>/releases/DAE/./docs/evidence/V0.1.13/ubuntu-native.log
-- Installing: <project>/releases/DAE/./docs/evidence/V0.1.13/ubuntu-runtime-recovery.log
-- Installing: <project>/releases/DAE/./docs/evidence/V0.1.13/windows-doc-powershell-final.log
-- Installing: <project>/releases/DAE/./docs/evidence/V0.1.3
-- Installing: <project>/releases/DAE/./docs/evidence/V0.1.3/gui-result-independent-pro.log
-- Installing: <project>/releases/DAE/./docs/evidence/V0.1.3/gui-no-overwrite-hashes.json
-- Installing: <project>/releases/DAE/./docs/evidence/V0.1.3/native-tests.json
-- Installing: <project>/releases/DAE/./docs/evidence/V0.1.3/gui-readable-report.txt
-- Installing: <project>/releases/DAE/./docs/evidence/V0.1.3/gui-tests.json
-- Installing: <project>/releases/DAE/./docs/evidence/V0.1.3/real-pro-report.json
-- Installing: <project>/releases/DAE/./docs/evidence/V0.1.3/gui-no-overwrite.png
-- Installing: <project>/releases/DAE/./docs/evidence/V0.1.3/dotnet-runtime-licenses.json
-- Installing: <project>/releases/DAE/./docs/evidence/V0.1.3/native-pro-coordinate-differences.json
-- Installing: <project>/releases/DAE/./docs/evidence/V0.1.3/gui-readable-report.png
-- Installing: <project>/releases/DAE/./docs/evidence/V0.1.3/core-tests.log
-- Installing: <project>/releases/DAE/./docs/evidence/V0.1.3/gui-real-success.txt
-- Installing: <project>/releases/DAE/./docs/evidence/V0.1.3/original-files-unchanged.json
-- Installing: <project>/releases/DAE/./docs/evidence/V0.1.3/profile-tests.txt
-- Installing: <project>/releases/DAE/./docs/evidence/V0.1.3/gui-retry-new-name.png
-- Installing: <project>/releases/DAE/./docs/evidence/V0.1.3/gui-no-overwrite.txt
-- Installing: <project>/releases/DAE/./docs/evidence/V0.1.3/gui-native-report.json
-- Installing: <project>/releases/DAE/./docs/evidence/V0.1.3/final-strict-inspection.json
-- Installing: <project>/releases/DAE/./docs/evidence/V0.1.3/native-tests-final.log
-- Installing: <project>/releases/DAE/./docs/evidence/V0.1.3/gui-strict-failure.png
-- Installing: <project>/releases/DAE/./docs/evidence/V0.1.3/native-read-by-pro.json
-- Installing: <project>/releases/DAE/./docs/evidence/V0.1.3/gui-real-success.png
-- Installing: <project>/releases/DAE/./docs/evidence/V0.1.3/core-build.log
-- Installing: <project>/releases/DAE/./docs/evidence/V0.1.3/independent-pro-tool
-- Installing: <project>/releases/DAE/./docs/evidence/V0.1.3/independent-pro-tool/README.md
-- Installing: <project>/releases/DAE/./docs/evidence/V0.1.3/baseline-v012.json
-- Installing: <project>/releases/DAE/./docs/evidence/V0.1.3/gui-build-final.log
-- Installing: <project>/releases/DAE/./docs/evidence/V0.1.3/jpeg-normalization-pixels.json
-- Installing: <project>/releases/DAE/./docs/evidence/V0.1.3/input-inspection.json
-- Installing: <project>/releases/DAE/./docs/evidence/V0.1.3/pro-tests.json
-- Installing: <project>/releases/DAE/./docs/evidence/V0.1.3/native-read-by-pro-final.log
-- Installing: <project>/releases/DAE/./docs/evidence/V0.1.3/gui-raw-report.png
-- Installing: <project>/releases/DAE/./docs/evidence/V0.1.3/gui-result-independent-pro.json
-- Installing: <project>/releases/DAE/./docs/evidence/V0.1.3/release-files.json
-- Installing: <project>/releases/DAE/./docs/evidence/V0.1.3/pro-tests-jpeg-final.log
-- Installing: <project>/releases/DAE/./docs/evidence/V0.1.11
-- Installing: <project>/releases/DAE/./docs/evidence/V0.1.11/ubuntu-build-final.log
-- Installing: <project>/releases/DAE/./docs/evidence/V0.1.11/ubuntu-python-client.log
-- Installing: <project>/releases/DAE/./docs/evidence/V0.1.11/windows-examples.json
-- Installing: <project>/releases/DAE/./docs/evidence/V0.1.11/windows-gui.json
-- Installing: <project>/releases/DAE/./docs/evidence/V0.1.11/ubuntu-output-safety.log
-- Installing: <project>/releases/DAE/./docs/evidence/V0.1.11/windows-build-final.log
-- Installing: <project>/releases/DAE/./docs/evidence/V0.1.11/windows-deployment.log
-- Installing: <project>/releases/DAE/./docs/evidence/V0.1.11/ubuntu-native.json
-- Installing: <project>/releases/DAE/./docs/evidence/V0.1.11/windows-ctest-final.log
-- Installing: <project>/releases/DAE/./docs/evidence/V0.1.11/ubuntu-examples.log
-- Installing: <project>/releases/DAE/./docs/evidence/V0.1.11/windows-output-safety.log
-- Installing: <project>/releases/DAE/./docs/evidence/V0.1.11/windows-output-build.log
-- Installing: <project>/releases/DAE/./docs/evidence/V0.1.11/ubuntu-python-unit.log
-- Installing: <project>/releases/DAE/./docs/evidence/V0.1.11/windows-package.log
-- Installing: <project>/releases/DAE/./docs/evidence/V0.1.11/windows-examples.log
-- Installing: <project>/releases/DAE/./docs/evidence/V0.1.11/ubuntu-package-final.log
-- Installing: <project>/releases/DAE/./docs/evidence/V0.1.11/ubuntu-examples.json
-- Installing: <project>/releases/DAE/./docs/evidence/V0.1.11/windows-build-initial.log
-- Installing: <project>/releases/DAE/./docs/evidence/V0.1.11/ubuntu-deployment.log
-- Installing: <project>/releases/DAE/./docs/evidence/V0.1.11/windows-python-client.log
-- Installing: <project>/releases/DAE/./docs/evidence/V0.1.11/windows-deployment.json
-- Installing: <project>/releases/DAE/./docs/evidence/V0.1.11/ubuntu-package.log
-- Installing: <project>/releases/DAE/./docs/evidence/V0.1.11/windows-python-client.json
-- Installing: <project>/releases/DAE/./docs/evidence/V0.1.11/ubuntu-ctest-final.log
-- Installing: <project>/releases/DAE/./docs/evidence/V0.1.11/windows-package-final.log
-- Installing: <project>/releases/DAE/./docs/evidence/V0.1.11/windows-python-unit.log
-- Installing: <project>/releases/DAE/./docs/evidence/V0.1.11/windows-gui.log
-- Installing: <project>/releases/DAE/./docs/evidence/V0.1.11/windows-native.json
-- Installing: <project>/releases/DAE/./docs/evidence/V0.1.11/windows-native.log
-- Installing: <project>/releases/DAE/./docs/evidence/V0.1.11/ubuntu-build-initial.log
-- Installing: <project>/releases/DAE/./docs/evidence/V0.1.11/ubuntu-python-client.json
-- Installing: <project>/releases/DAE/./docs/evidence/V0.1.11/ubuntu-deployment.json
-- Installing: <project>/releases/DAE/./docs/evidence/V0.1.11/ubuntu-native.log
-- Installing: <project>/releases/DAE/./docs/evidence/V0.1.10
-- Installing: <project>/releases/DAE/./docs/evidence/V0.1.10/ubuntu-python-client.log
-- Installing: <project>/releases/DAE/./docs/evidence/V0.1.10/windows-examples.json
-- Installing: <project>/releases/DAE/./docs/evidence/V0.1.10/windows-gui.json
-- Installing: <project>/releases/DAE/./docs/evidence/V0.1.10/windows-build.log
-- Installing: <project>/releases/DAE/./docs/evidence/V0.1.10/windows-ctest-final.log
-- Installing: <project>/releases/DAE/./docs/evidence/V0.1.10/ubuntu-examples.log
-- Installing: <project>/releases/DAE/./docs/evidence/V0.1.10/ubuntu-package-check.log
-- Installing: <project>/releases/DAE/./docs/evidence/V0.1.10/ubuntu-python-unit.log
-- Installing: <project>/releases/DAE/./docs/evidence/V0.1.10/ubuntu-examples.json
-- Installing: <project>/releases/DAE/./docs/evidence/V0.1.10/ubuntu-build.log
-- Installing: <project>/releases/DAE/./docs/evidence/V0.1.10/ubuntu-deployment.log
-- Installing: <project>/releases/DAE/./docs/evidence/V0.1.10/windows-package-check.log
-- Installing: <project>/releases/DAE/./docs/evidence/V0.1.10/windows-deployment.json
-- Installing: <project>/releases/DAE/./docs/evidence/V0.1.10/windows-python-client.json
-- Installing: <project>/releases/DAE/./docs/evidence/V0.1.10/ubuntu-ctest-final.log
-- Installing: <project>/releases/DAE/./docs/evidence/V0.1.10/windows-python-unit.log
-- Installing: <project>/releases/DAE/./docs/evidence/V0.1.10/windows-native.log
-- Installing: <project>/releases/DAE/./docs/evidence/V0.1.10/ubuntu-python-client.json
-- Installing: <project>/releases/DAE/./docs/evidence/V0.1.10/windows-gui-initial.json
-- Installing: <project>/releases/DAE/./docs/evidence/V0.1.10/ubuntu-deployment.json
-- Installing: <project>/releases/DAE/./docs/evidence/V0.1.10/ubuntu-native.log
-- Installing: <project>/releases/DAE/./docs/evidence/core-tests.log
-- Installing: <project>/releases/DAE/./docs/evidence/V0.1.2
-- Installing: <project>/releases/DAE/./docs/evidence/V0.1.2/gui-native-success.png
-- Installing: <project>/releases/DAE/./docs/evidence/V0.1.2/native-tests.json
-- Installing: <project>/releases/DAE/./docs/evidence/V0.1.2/gui-tests.json
-- Installing: <project>/releases/DAE/./docs/evidence/V0.1.2/dotnet-runtime-licenses.json
-- Installing: <project>/releases/DAE/./docs/evidence/V0.1.2/gui-pro-probe.txt
-- Installing: <project>/releases/DAE/./docs/evidence/V0.1.2/core-tests.log
-- Installing: <project>/releases/DAE/./docs/evidence/V0.1.2/gui-demo-reset.txt
-- Installing: <project>/releases/DAE/./docs/evidence/V0.1.2/gui-native-success.txt
-- Installing: <project>/releases/DAE/./docs/evidence/V0.1.2/gui-native-report.json
-- Installing: <project>/releases/DAE/./docs/evidence/V0.1.2/build.log
-- Installing: <project>/releases/DAE/./docs/evidence/V0.1.2/pro-tests.json
-- Installing: <project>/releases/DAE/./docs/evidence/V0.1.2/gui-ui-checks.json
-- Installing: <project>/releases/DAE/./docs/evidence/V0.6.0
-- Installing: <project>/releases/DAE/./docs/evidence/V0.6.0/ubuntu-python-client.log
-- Installing: <project>/releases/DAE/./docs/evidence/V0.6.0/ubuntu-dependencies.log
-- Installing: <project>/releases/DAE/./docs/evidence/V0.6.0/windows-gui.json
-- Installing: <project>/releases/DAE/./docs/evidence/V0.6.0/windows-max-protocol-native.json
-- Installing: <project>/releases/DAE/./docs/evidence/V0.6.0/windows-dependencies.log
-- Installing: <project>/releases/DAE/./docs/evidence/V0.6.0/ubuntu-native.json
-- Installing: <project>/releases/DAE/./docs/evidence/V0.6.0/windows-max-native.log
-- Installing: <project>/releases/DAE/./docs/evidence/V0.6.0/ubuntu-textures.log
-- Installing: <project>/releases/DAE/./docs/evidence/V0.6.0/ubuntu-examples.log
-- Installing: <project>/releases/DAE/./docs/evidence/V0.6.0/windows-textures.log
-- Installing: <project>/releases/DAE/./docs/evidence/V0.6.0/ubuntu-normals.log
-- Installing: <project>/releases/DAE/./docs/evidence/V0.6.0/windows-version.log
-- Installing: <project>/releases/DAE/./docs/evidence/V0.6.0/ubuntu-python-unit.log
-- Installing: <project>/releases/DAE/./docs/evidence/V0.6.0/windows-package.log
-- Installing: <project>/releases/DAE/./docs/evidence/V0.6.0/windows-examples.log
-- Installing: <project>/releases/DAE/./docs/evidence/V0.6.0/ubuntu-build.log
-- Installing: <project>/releases/DAE/./docs/evidence/V0.6.0/ubuntu-deployment.log
-- Installing: <project>/releases/DAE/./docs/evidence/V0.6.0/windows-python-client.log
-- Installing: <project>/releases/DAE/./docs/evidence/V0.6.0/windows-normals.log
-- Installing: <project>/releases/DAE/./docs/evidence/V0.6.0/windows-deployment.json
-- Installing: <project>/releases/DAE/./docs/evidence/V0.6.0/ubuntu-package.log
-- Installing: <project>/releases/DAE/./docs/evidence/V0.6.0/windows-python-client.json
-- Installing: <project>/releases/DAE/./docs/evidence/V0.6.0/windows-final-build.log
-- Installing: <project>/releases/DAE/./docs/evidence/V0.6.0/source-match.json
-- Installing: <project>/releases/DAE/./docs/evidence/V0.6.0/ubuntu-version.log
-- Installing: <project>/releases/DAE/./docs/evidence/V0.6.0/windows-gui-final.log
-- Installing: <project>/releases/DAE/./docs/evidence/V0.6.0/ubuntu-final-checks.log
-- Installing: <project>/releases/DAE/./docs/evidence/V0.6.0/source-sha256.json
-- Installing: <project>/releases/DAE/./docs/evidence/V0.6.0/windows-python-unit.log
-- Installing: <project>/releases/DAE/./docs/evidence/V0.6.0/windows-ctest.log
-- Installing: <project>/releases/DAE/./docs/evidence/V0.6.0/windows-native.json
-- Installing: <project>/releases/DAE/./docs/evidence/V0.6.0/windows-native.log
-- Installing: <project>/releases/DAE/./docs/evidence/V0.6.0/ubuntu-python-client.json
-- Installing: <project>/releases/DAE/./docs/evidence/V0.6.0/ubuntu-deployment.json
-- Installing: <project>/releases/DAE/./docs/evidence/V0.6.0/ubuntu-native.log
-- Installing: <project>/releases/DAE/./docs/evidence/V0.1.7
-- Installing: <project>/releases/DAE/./docs/evidence/V0.1.7/windows-examples.json
-- Installing: <project>/releases/DAE/./docs/evidence/V0.1.7/windows-gui.json
-- Installing: <project>/releases/DAE/./docs/evidence/V0.1.7/windows-build.log
-- Installing: <project>/releases/DAE/./docs/evidence/V0.1.7/ubuntu-examples.log
-- Installing: <project>/releases/DAE/./docs/evidence/V0.1.7/ubuntu-package-check.log
-- Installing: <project>/releases/DAE/./docs/evidence/V0.1.7/ubuntu-examples.json
-- Installing: <project>/releases/DAE/./docs/evidence/V0.1.7/ubuntu-missing-textures.log
-- Installing: <project>/releases/DAE/./docs/evidence/V0.1.7/ubuntu-build.log
-- Installing: <project>/releases/DAE/./docs/evidence/V0.1.7/ubuntu-deployment.log
-- Installing: <project>/releases/DAE/./docs/evidence/V0.1.7/windows-package-check.log
-- Installing: <project>/releases/DAE/./docs/evidence/V0.1.7/windows-deployment.json
-- Installing: <project>/releases/DAE/./docs/evidence/V0.1.7/real-model-assessment.json
-- Installing: <project>/releases/DAE/./docs/evidence/V0.1.7/windows-missing-textures.log
-- Installing: <project>/releases/DAE/./docs/evidence/V0.1.7/windows-native.log
-- Installing: <project>/releases/DAE/./docs/evidence/V0.1.7/ubuntu-deployment.json
-- Installing: <project>/releases/DAE/./docs/evidence/V0.1.7/ubuntu-native.log
-- Installing: <project>/releases/DAE/./docs/evidence/V0.1.5
-- Installing: <project>/releases/DAE/./docs/evidence/V0.1.5/native-tests.json
-- Installing: <project>/releases/DAE/./docs/evidence/V0.1.5/gui-tests.json
-- Installing: <project>/releases/DAE/./docs/evidence/V0.1.5/release-checks.json
-- Installing: <project>/releases/DAE/./docs/evidence/V0.1.5/release-dependencies.json
-- Installing: <project>/releases/DAE/./docs/evidence/V0.1.5/build.log
-- Installing: <project>/releases/DAE/./docs/evidence/V0.1.5/native-deployment.json
-- Installing: <project>/releases/DAE/./docs/evidence/V0.1.5/examples.json
-- Installing: <project>/releases/DAE/./docs/evidence/README.md
-- Installing: <project>/releases/DAE/./docs/evidence/V0.1.8
-- Installing: <project>/releases/DAE/./docs/evidence/V0.1.8/windows-examples.json
-- Installing: <project>/releases/DAE/./docs/evidence/V0.1.8/windows-gui.json
-- Installing: <project>/releases/DAE/./docs/evidence/V0.1.8/windows-build.log
-- Installing: <project>/releases/DAE/./docs/evidence/V0.1.8/ubuntu-examples.log
-- Installing: <project>/releases/DAE/./docs/evidence/V0.1.8/ubuntu-package-check.log
-- Installing: <project>/releases/DAE/./docs/evidence/V0.1.8/ubuntu-examples.json
-- Installing: <project>/releases/DAE/./docs/evidence/V0.1.8/ubuntu-build.log
-- Installing: <project>/releases/DAE/./docs/evidence/V0.1.8/ubuntu-deployment.log
-- Installing: <project>/releases/DAE/./docs/evidence/V0.1.8/windows-package-check.log
-- Installing: <project>/releases/DAE/./docs/evidence/V0.1.8/windows-deployment.json
-- Installing: <project>/releases/DAE/./docs/evidence/V0.1.8/real-model-assessment.json
-- Installing: <project>/releases/DAE/./docs/evidence/V0.1.8/ubuntu-normal.log
-- Installing: <project>/releases/DAE/./docs/evidence/V0.1.8/windows-normal.log
-- Installing: <project>/releases/DAE/./docs/evidence/V0.1.8/windows-native.log
-- Installing: <project>/releases/DAE/./docs/evidence/V0.1.8/ubuntu-final-ctest.log
-- Installing: <project>/releases/DAE/./docs/evidence/V0.1.8/ubuntu-final-native-build.log
-- Installing: <project>/releases/DAE/./docs/evidence/V0.1.8/ubuntu-deployment.json
-- Installing: <project>/releases/DAE/./docs/evidence/V0.1.8/ubuntu-native.log
-- Installing: <project>/releases/DAE/./docs/evidence/V0.2
-- Installing: <project>/releases/DAE/./docs/evidence/V0.2/ubuntu-python-client.log
-- Installing: <project>/releases/DAE/./docs/evidence/V0.2/windows-examples.json
-- Installing: <project>/releases/DAE/./docs/evidence/V0.2/ubuntu-dependencies.log
-- Installing: <project>/releases/DAE/./docs/evidence/V0.2/windows-gui.json
-- Installing: <project>/releases/DAE/./docs/evidence/V0.2/ubuntu-ctest-detail.log
-- Installing: <project>/releases/DAE/./docs/evidence/V0.2/windows-build.log
-- Installing: <project>/releases/DAE/./docs/evidence/V0.2/windows-mingw-core.log
-- Installing: <project>/releases/DAE/./docs/evidence/V0.2/windows-dependencies.log
-- Installing: <project>/releases/DAE/./docs/evidence/V0.2/windows-deployment.log
-- Installing: <project>/releases/DAE/./docs/evidence/V0.2/ubuntu-native.json
-- Installing: <project>/releases/DAE/./docs/evidence/V0.2/ubuntu-textures.log
-- Installing: <project>/releases/DAE/./docs/evidence/V0.2/ubuntu-examples.log
-- Installing: <project>/releases/DAE/./docs/evidence/V0.2/windows-textures.log
-- Installing: <project>/releases/DAE/./docs/evidence/V0.2/ubuntu-normals.log
-- Installing: <project>/releases/DAE/./docs/evidence/V0.2/windows-version.log
-- Installing: <project>/releases/DAE/./docs/evidence/V0.2/ubuntu-python-unit.log
-- Installing: <project>/releases/DAE/./docs/evidence/V0.2/windows-package.log
-- Installing: <project>/releases/DAE/./docs/evidence/V0.2/windows-examples.log
-- Installing: <project>/releases/DAE/./docs/evidence/V0.2/ubuntu-examples.json
-- Installing: <project>/releases/DAE/./docs/evidence/V0.2/ubuntu-build.log
-- Installing: <project>/releases/DAE/./docs/evidence/V0.2/ubuntu-deployment.log
-- Installing: <project>/releases/DAE/./docs/evidence/V0.2/windows-python-client.log
-- Installing: <project>/releases/DAE/./docs/evidence/V0.2/windows-core.log
-- Installing: <project>/releases/DAE/./docs/evidence/V0.2/windows-normals.log
-- Installing: <project>/releases/DAE/./docs/evidence/V0.2/windows-deployment.json
-- Installing: <project>/releases/DAE/./docs/evidence/V0.2/ubuntu-package.log
-- Installing: <project>/releases/DAE/./docs/evidence/V0.2/windows-python-client.json
-- Installing: <project>/releases/DAE/./docs/evidence/V0.2/source-match.json
-- Installing: <project>/releases/DAE/./docs/evidence/V0.2/ubuntu-version.log
-- Installing: <project>/releases/DAE/./docs/evidence/V0.2/windows-python-unit.log
-- Installing: <project>/releases/DAE/./docs/evidence/V0.2/windows-gui.log
-- Installing: <project>/releases/DAE/./docs/evidence/V0.2/windows-native.json
-- Installing: <project>/releases/DAE/./docs/evidence/V0.2/windows-native.log
-- Installing: <project>/releases/DAE/./docs/evidence/V0.2/windows-ctest-detail.log
-- Installing: <project>/releases/DAE/./docs/evidence/V0.2/ubuntu-python-client.json
-- Installing: <project>/releases/DAE/./docs/evidence/V0.2/ubuntu-deployment.json
-- Installing: <project>/releases/DAE/./docs/evidence/V0.2/ubuntu-native.log
-- Installing: <project>/releases/DAE/./docs/evidence/V0.5.0
-- Installing: <project>/releases/DAE/./docs/evidence/V0.5.0/ubuntu-python-client.log
-- Installing: <project>/releases/DAE/./docs/evidence/V0.5.0/ubuntu-dependencies.log
-- Installing: <project>/releases/DAE/./docs/evidence/V0.5.0/windows-gui.json
-- Installing: <project>/releases/DAE/./docs/evidence/V0.5.0/ubuntu-formats.json
-- Installing: <project>/releases/DAE/./docs/evidence/V0.5.0/windows-build.log
-- Installing: <project>/releases/DAE/./docs/evidence/V0.5.0/windows-dependencies.log
-- Installing: <project>/releases/DAE/./docs/evidence/V0.5.0/ubuntu-native.json
-- Installing: <project>/releases/DAE/./docs/evidence/V0.5.0/ubuntu-textures.log
-- Installing: <project>/releases/DAE/./docs/evidence/V0.5.0/ubuntu-examples.log
-- Installing: <project>/releases/DAE/./docs/evidence/V0.5.0/ubuntu-wrl-final.log
-- Installing: <project>/releases/DAE/./docs/evidence/V0.5.0/windows-textures.log
-- Installing: <project>/releases/DAE/./docs/evidence/V0.5.0/ubuntu-normals.log
-- Installing: <project>/releases/DAE/./docs/evidence/V0.5.0/windows-version.log
-- Installing: <project>/releases/DAE/./docs/evidence/V0.5.0/ubuntu-python-unit.log
-- Installing: <project>/releases/DAE/./docs/evidence/V0.5.0/windows-package.log
-- Installing: <project>/releases/DAE/./docs/evidence/V0.5.0/windows-examples.log
-- Installing: <project>/releases/DAE/./docs/evidence/V0.5.0/ubuntu-build.log
-- Installing: <project>/releases/DAE/./docs/evidence/V0.5.0/ubuntu-deployment.log
-- Installing: <project>/releases/DAE/./docs/evidence/V0.5.0/windows-python-client.log
-- Installing: <project>/releases/DAE/./docs/evidence/V0.5.0/windows-formats.json
-- Installing: <project>/releases/DAE/./docs/evidence/V0.5.0/windows-normals.log
-- Installing: <project>/releases/DAE/./docs/evidence/V0.5.0/windows-deployment.json
-- Installing: <project>/releases/DAE/./docs/evidence/V0.5.0/ubuntu-package.log
-- Installing: <project>/releases/DAE/./docs/evidence/V0.5.0/windows-python-client.json
-- Installing: <project>/releases/DAE/./docs/evidence/V0.5.0/source-match.json
-- Installing: <project>/releases/DAE/./docs/evidence/V0.5.0/ubuntu-version.log
-- Installing: <project>/releases/DAE/./docs/evidence/V0.5.0/windows-wrl-final.log
-- Installing: <project>/releases/DAE/./docs/evidence/V0.5.0/windows-python-unit.log
-- Installing: <project>/releases/DAE/./docs/evidence/V0.5.0/windows-native.json
-- Installing: <project>/releases/DAE/./docs/evidence/V0.5.0/windows-native.log
-- Installing: <project>/releases/DAE/./docs/evidence/V0.5.0/ubuntu-python-client.json
-- Installing: <project>/releases/DAE/./docs/evidence/V0.5.0/ubuntu-deployment.json
-- Installing: <project>/releases/DAE/./docs/evidence/V0.5.0/ubuntu-native.log
-- Installing: <project>/releases/DAE/./docs/evidence/V0.1.1
-- Installing: <project>/releases/DAE/./docs/evidence/V0.1.1/pro-integration.json
-- Installing: <project>/releases/DAE/./docs/evidence/V0.1.1/visual
-- Installing: <project>/releases/DAE/./docs/evidence/V0.1.1/visual/visual-project.json
-- Installing: <project>/releases/DAE/./docs/evidence/V0.1.1/visual/sources
-- Installing: <project>/releases/DAE/./docs/evidence/V0.1.1/visual/sources/uv-direction.jpg
-- Installing: <project>/releases/DAE/./docs/evidence/V0.1.1/visual/sources/uv-direction.png
-- Installing: <project>/releases/DAE/./docs/evidence/V0.1.1/visual/assessment.json
-- Installing: <project>/releases/DAE/./docs/evidence/V0.1.1/visual/index.html
-- Installing: <project>/releases/DAE/./docs/evidence/V0.1.1/visual/renders
-- Installing: <project>/releases/DAE/./docs/evidence/V0.1.1/visual/renders/pro-jpeg-plane-top.png
-- Installing: <project>/releases/DAE/./docs/evidence/V0.1.1/visual/renders/mixed-materials-top.png
-- Installing: <project>/releases/DAE/./docs/evidence/V0.1.1/visual/renders/native-uv-plane-top.png
-- Installing: <project>/releases/DAE/./docs/evidence/V0.1.1/visual/renders/mixed-materials-oblique.png
-- Installing: <project>/releases/DAE/./docs/evidence/V0.1.1/visual/renders/color-cube-opposite.png
-- Installing: <project>/releases/DAE/./docs/evidence/V0.1.1/visual/renders/seam-cube-opposite.png
-- Installing: <project>/releases/DAE/./docs/evidence/V0.1.1/visual/renders/standalone-copy-top.png
-- Installing: <project>/releases/DAE/./docs/evidence/V0.1.1/visual/renders/color-cube-top.png
-- Installing: <project>/releases/DAE/./docs/evidence/V0.1.1/visual/renders/seam-cube-oblique.png
-- Installing: <project>/releases/DAE/./docs/evidence/V0.1.1/visual/renders/alpha-plane-top.png
-- Installing: <project>/releases/DAE/./docs/evidence/V0.1.1/visual/renders/color-cube-oblique.png
-- Installing: <project>/releases/DAE/./docs/evidence/V0.1.1/visual/renders/uv-plane-top.png
-- Installing: <project>/releases/DAE/./docs/evidence/V0.1.1/visual/renders/native-jpeg-plane-top.png
-- Installing: <project>/releases/DAE/./docs/evidence/V0.1.1/visual/renders/seam-cube-top.png
-- Installing: <project>/releases/DAE/./docs/evidence/V0.1.1/legacy-writer-rejection.json
-- Installing: <project>/releases/DAE/./docs/evidence/V0.1.1/core-tests.log
-- Installing: <project>/releases/DAE/./docs/evidence/V0.1.1/jpeg-direction
-- Installing: <project>/releases/DAE/./docs/evidence/V0.1.1/jpeg-direction/source-preparation.json
-- Installing: <project>/releases/DAE/./docs/evidence/V0.1.1/jpeg-direction/native-writer.log
-- Installing: <project>/releases/DAE/./docs/evidence/V0.1.1/jpeg-direction/native-writer-report.json
-- Installing: <project>/releases/DAE/./docs/evidence/V0.1.1/jpeg-direction/pro-writer-report.json
-- Installing: <project>/releases/DAE/./docs/evidence/V0.1.1/jpeg-direction/source-direction.jpg
-- Installing: <project>/releases/DAE/./docs/evidence/V0.1.1/jpeg-direction/source-bundle
-- Installing: <project>/releases/DAE/./docs/evidence/V0.1.1/jpeg-direction/source-bundle/scene.json
-- Installing: <project>/releases/DAE/./docs/evidence/V0.1.1/jpeg-direction/source-bundle/textures
-- Installing: <project>/releases/DAE/./docs/evidence/V0.1.1/jpeg-direction/source-bundle/textures/aefee6ad6a7c5cc986190df94b1da12a7487604a4cec3a8a7efb7002bc2fa686.jpg
-- Installing: <project>/releases/DAE/./docs/evidence/V0.1.1/jpeg-direction/pro-writer.log
-- Installing: <project>/releases/DAE/./docs/evidence/V0.1.1/jpeg-direction/source-direction.png
-- Installing: <project>/releases/DAE/./docs/evidence/V0.1.1/build.log
-- Installing: <project>/releases/DAE/./docs/evidence/V0.1.1/native-integration.json
-- Installing: <project>/releases/DAE/./docs/evidence/V0.1.1/native-independent-pro
-- Installing: <project>/releases/DAE/./docs/evidence/V0.1.1/native-independent-pro/textured_quad.json
-- Installing: <project>/releases/DAE/./docs/evidence/V0.1.1/native-independent-pro/mixed-materials.json
-- Installing: <project>/releases/DAE/./docs/evidence/V0.1.1/native-independent-pro/uv_transform.json
-- Installing: <project>/releases/DAE/./docs/evidence/V0.1.1/native-independent-pro/seam-cube.json
-- Installing: <project>/releases/DAE/./docs/evidence/V0.1.1/native-independent-pro/embedded_quad.json
-- Installing: <project>/releases/DAE/./docs/evidence/V0.1.1/native-independent-pro/instanced_mirror.json
-- Installing: <project>/releases/DAE/./docs/evidence/V0.1.1/native-independent-pro/sloped_normals.json
-- Installing: <project>/releases/DAE/./docs/evidence/V0.1.1/native-independent-pro/color-cube.json
-- Installing: <project>/releases/DAE/./docs/evidence/V0.1.1/native-independent-pro/colored_quad.json
-- Installing: <project>/releases/DAE/./docs/evidence/V0.1.1/native-independent-pro/binary_blender.json
-- Installing: <project>/releases/DAE/./docs/evidence/V0.1.1/native-independent-pro/alpha-plane.json
-- Installing: <project>/releases/DAE/./docs/evidence/V0.1.1/native-independent-pro/no_material.json
-- Installing: <project>/releases/DAE/./docs/evidence/V0.1.1/native-independent-pro/uv-plane.json
-- Installing: <project>/releases/DAE/./docs/evidence/V0.1.1/native-independent-pro/summary.json
-- Installing: <project>/releases/DAE/./docs/evidence/V0.1.1/native-independent-pro/multi_material.json
-- Installing: <project>/releases/DAE/./docs/evidence/V0.1.12
-- Installing: <project>/releases/DAE/./docs/evidence/V0.1.12/ubuntu-build-final.log
-- Installing: <project>/releases/DAE/./docs/evidence/V0.1.12/ubuntu-python-client.log
-- Installing: <project>/releases/DAE/./docs/evidence/V0.1.12/windows-examples.json
-- Installing: <project>/releases/DAE/./docs/evidence/V0.1.12/windows-gui.json
-- Installing: <project>/releases/DAE/./docs/evidence/V0.1.12/windows-build-final.log
-- Installing: <project>/releases/DAE/./docs/evidence/V0.1.12/windows-deployment.log
-- Installing: <project>/releases/DAE/./docs/evidence/V0.1.12/ubuntu-native.json
-- Installing: <project>/releases/DAE/./docs/evidence/V0.1.12/windows-ctest-final.log
-- Installing: <project>/releases/DAE/./docs/evidence/V0.1.12/ubuntu-examples.log
-- Installing: <project>/releases/DAE/./docs/evidence/V0.1.12/ubuntu-python-unit.log
-- Installing: <project>/releases/DAE/./docs/evidence/V0.1.12/windows-package.log
-- Installing: <project>/releases/DAE/./docs/evidence/V0.1.12/windows-examples.log
-- Installing: <project>/releases/DAE/./docs/evidence/V0.1.12/ubuntu-examples.json
-- Installing: <project>/releases/DAE/./docs/evidence/V0.1.12/ubuntu-missing-textures.log
-- Installing: <project>/releases/DAE/./docs/evidence/V0.1.12/windows-build-initial.log
-- Installing: <project>/releases/DAE/./docs/evidence/V0.1.12/ubuntu-deployment.log
-- Installing: <project>/releases/DAE/./docs/evidence/V0.1.12/windows-python-client.log
-- Installing: <project>/releases/DAE/./docs/evidence/V0.1.12/windows-deployment.json
-- Installing: <project>/releases/DAE/./docs/evidence/V0.1.12/texture-path-before-after.json
-- Installing: <project>/releases/DAE/./docs/evidence/V0.1.12/ubuntu-package.log
-- Installing: <project>/releases/DAE/./docs/evidence/V0.1.12/windows-python-client.json
-- Installing: <project>/releases/DAE/./docs/evidence/V0.1.12/windows-missing-textures.log
-- Installing: <project>/releases/DAE/./docs/evidence/V0.1.12/ubuntu-ctest-final.log
-- Installing: <project>/releases/DAE/./docs/evidence/V0.1.12/windows-python-unit.log
-- Installing: <project>/releases/DAE/./docs/evidence/V0.1.12/windows-gui.log
-- Installing: <project>/releases/DAE/./docs/evidence/V0.1.12/windows-native.json
-- Installing: <project>/releases/DAE/./docs/evidence/V0.1.12/windows-native.log
-- Installing: <project>/releases/DAE/./docs/evidence/V0.1.12/ubuntu-python-client.json
-- Installing: <project>/releases/DAE/./docs/evidence/V0.1.12/ubuntu-deployment.json
-- Installing: <project>/releases/DAE/./docs/evidence/V0.1.12/ubuntu-native.log
-- Installing: <project>/releases/DAE/./docs/evidence/max-hardening-2026-09-27
-- Installing: <project>/releases/DAE/./docs/evidence/max-hardening-2026-09-27/ubuntu-python-client.log
-- Installing: <project>/releases/DAE/./docs/evidence/max-hardening-2026-09-27/ubuntu-dependencies.log
-- Installing: <project>/releases/DAE/./docs/evidence/max-hardening-2026-09-27/windows-gui.json
-- Installing: <project>/releases/DAE/./docs/evidence/max-hardening-2026-09-27/windows-build.log
-- Installing: <project>/releases/DAE/./docs/evidence/max-hardening-2026-09-27/windows-max-protocol-native.json
-- Installing: <project>/releases/DAE/./docs/evidence/max-hardening-2026-09-27/windows-dependencies.log
-- Installing: <project>/releases/DAE/./docs/evidence/max-hardening-2026-09-27/ubuntu-native.json
-- Installing: <project>/releases/DAE/./docs/evidence/max-hardening-2026-09-27/windows-max-native.log
-- Installing: <project>/releases/DAE/./docs/evidence/max-hardening-2026-09-27/ubuntu-textures.log
-- Installing: <project>/releases/DAE/./docs/evidence/max-hardening-2026-09-27/ubuntu-source-match.json
-- Installing: <project>/releases/DAE/./docs/evidence/max-hardening-2026-09-27/windows-textures.log
-- Installing: <project>/releases/DAE/./docs/evidence/max-hardening-2026-09-27/ubuntu-normals.log
-- Installing: <project>/releases/DAE/./docs/evidence/max-hardening-2026-09-27/windows-version.log
-- Installing: <project>/releases/DAE/./docs/evidence/max-hardening-2026-09-27/ubuntu-python-unit.log
-- Installing: <project>/releases/DAE/./docs/evidence/max-hardening-2026-09-27/ubuntu-build.log
-- Installing: <project>/releases/DAE/./docs/evidence/max-hardening-2026-09-27/ubuntu-deployment.log
-- Installing: <project>/releases/DAE/./docs/evidence/max-hardening-2026-09-27/windows-python-client.log
-- Installing: <project>/releases/DAE/./docs/evidence/max-hardening-2026-09-27/windows-normals.log
-- Installing: <project>/releases/DAE/./docs/evidence/max-hardening-2026-09-27/windows-deployment.json
-- Installing: <project>/releases/DAE/./docs/evidence/max-hardening-2026-09-27/windows-source-match.json
-- Installing: <project>/releases/DAE/./docs/evidence/max-hardening-2026-09-27/windows-python-client.json
-- Installing: <project>/releases/DAE/./docs/evidence/max-hardening-2026-09-27/ubuntu-version.log
-- Installing: <project>/releases/DAE/./docs/evidence/max-hardening-2026-09-27/source-sha256.json
-- Installing: <project>/releases/DAE/./docs/evidence/max-hardening-2026-09-27/windows-python-unit.log
-- Installing: <project>/releases/DAE/./docs/evidence/max-hardening-2026-09-27/windows-gui.log
-- Installing: <project>/releases/DAE/./docs/evidence/max-hardening-2026-09-27/windows-native.json
-- Installing: <project>/releases/DAE/./docs/evidence/max-hardening-2026-09-27/windows-native.log
-- Installing: <project>/releases/DAE/./docs/evidence/max-hardening-2026-09-27/ubuntu-python-client.json
-- Installing: <project>/releases/DAE/./docs/evidence/max-hardening-2026-09-27/ubuntu-deployment.json
-- Installing: <project>/releases/DAE/./docs/evidence/max-hardening-2026-09-27/ubuntu-native.log
-- Installing: <project>/releases/DAE/./docs/evidence/V0.2.1
-- Installing: <project>/releases/DAE/./docs/evidence/V0.2.1/ubuntu-python-client.log
-- Installing: <project>/releases/DAE/./docs/evidence/V0.2.1/windows-examples.json
-- Installing: <project>/releases/DAE/./docs/evidence/V0.2.1/ubuntu-dependencies.log
-- Installing: <project>/releases/DAE/./docs/evidence/V0.2.1/windows-gui.json
-- Installing: <project>/releases/DAE/./docs/evidence/V0.2.1/ubuntu-ctest-detail.log
-- Installing: <project>/releases/DAE/./docs/evidence/V0.2.1/windows-build.log
-- Installing: <project>/releases/DAE/./docs/evidence/V0.2.1/windows-dependencies.log
-- Installing: <project>/releases/DAE/./docs/evidence/V0.2.1/windows-deployment.log
-- Installing: <project>/releases/DAE/./docs/evidence/V0.2.1/ubuntu-native.json
-- Installing: <project>/releases/DAE/./docs/evidence/V0.2.1/ubuntu-textures.log
-- Installing: <project>/releases/DAE/./docs/evidence/V0.2.1/ubuntu-examples.log
-- Installing: <project>/releases/DAE/./docs/evidence/V0.2.1/windows-textures.log
-- Installing: <project>/releases/DAE/./docs/evidence/V0.2.1/ubuntu-normals.log
-- Installing: <project>/releases/DAE/./docs/evidence/V0.2.1/windows-version.log
-- Installing: <project>/releases/DAE/./docs/evidence/V0.2.1/ubuntu-python-unit.log
-- Installing: <project>/releases/DAE/./docs/evidence/V0.2.1/windows-package.log
-- Installing: <project>/releases/DAE/./docs/evidence/V0.2.1/windows-examples.log
-- Installing: <project>/releases/DAE/./docs/evidence/V0.2.1/ubuntu-examples.json
-- Installing: <project>/releases/DAE/./docs/evidence/V0.2.1/ubuntu-build.log
-- Installing: <project>/releases/DAE/./docs/evidence/V0.2.1/ubuntu-deployment.log
-- Installing: <project>/releases/DAE/./docs/evidence/V0.2.1/windows-python-client.log
-- Installing: <project>/releases/DAE/./docs/evidence/V0.2.1/windows-normals.log
-- Installing: <project>/releases/DAE/./docs/evidence/V0.2.1/windows-deployment.json
-- Installing: <project>/releases/DAE/./docs/evidence/V0.2.1/ubuntu-package.log
-- Installing: <project>/releases/DAE/./docs/evidence/V0.2.1/windows-python-client.json
-- Installing: <project>/releases/DAE/./docs/evidence/V0.2.1/source-match.json
-- Installing: <project>/releases/DAE/./docs/evidence/V0.2.1/ubuntu-version.log
-- Installing: <project>/releases/DAE/./docs/evidence/V0.2.1/windows-python-unit.log
-- Installing: <project>/releases/DAE/./docs/evidence/V0.2.1/windows-gui.log
-- Installing: <project>/releases/DAE/./docs/evidence/V0.2.1/windows-native.json
-- Installing: <project>/releases/DAE/./docs/evidence/V0.2.1/windows-native.log
-- Installing: <project>/releases/DAE/./docs/evidence/V0.2.1/windows-ctest-detail.log
-- Installing: <project>/releases/DAE/./docs/evidence/V0.2.1/ubuntu-python-client.json
-- Installing: <project>/releases/DAE/./docs/evidence/V0.2.1/ubuntu-deployment.json
-- Installing: <project>/releases/DAE/./docs/evidence/V0.2.1/ubuntu-native.log
-- Installing: <project>/releases/DAE/./docs/evidence/V0.1.9
-- Installing: <project>/releases/DAE/./docs/evidence/V0.1.9/ubuntu-python-client.log
-- Installing: <project>/releases/DAE/./docs/evidence/V0.1.9/windows-examples.json
-- Installing: <project>/releases/DAE/./docs/evidence/V0.1.9/windows-gui.json
-- Installing: <project>/releases/DAE/./docs/evidence/V0.1.9/windows-build.log
-- Installing: <project>/releases/DAE/./docs/evidence/V0.1.9/ubuntu-examples.log
-- Installing: <project>/releases/DAE/./docs/evidence/V0.1.9/ubuntu-package-check.log
-- Installing: <project>/releases/DAE/./docs/evidence/V0.1.9/ubuntu-python-unit.log
-- Installing: <project>/releases/DAE/./docs/evidence/V0.1.9/ubuntu-examples.json
-- Installing: <project>/releases/DAE/./docs/evidence/V0.1.9/ubuntu-build.log
-- Installing: <project>/releases/DAE/./docs/evidence/V0.1.9/ubuntu-deployment.log
-- Installing: <project>/releases/DAE/./docs/evidence/V0.1.9/windows-package-check.log
-- Installing: <project>/releases/DAE/./docs/evidence/V0.1.9/windows-deployment.json
-- Installing: <project>/releases/DAE/./docs/evidence/V0.1.9/windows-python-client.json
-- Installing: <project>/releases/DAE/./docs/evidence/V0.1.9/windows-python-example.log
-- Installing: <project>/releases/DAE/./docs/evidence/V0.1.9/windows-python-unit.log
-- Installing: <project>/releases/DAE/./docs/evidence/V0.1.9/windows-native.log
-- Installing: <project>/releases/DAE/./docs/evidence/V0.1.9/ubuntu-python-client.json
-- Installing: <project>/releases/DAE/./docs/evidence/V0.1.9/ubuntu-deployment.json
-- Installing: <project>/releases/DAE/./docs/evidence/V0.1.9/ubuntu-native.log
-- Installing: <project>/releases/DAE/./docs/evidence/V0.2.2
-- Installing: <project>/releases/DAE/./docs/evidence/V0.2.2/ubuntu-python-client.log
-- Installing: <project>/releases/DAE/./docs/evidence/V0.2.2/windows-examples.json
-- Installing: <project>/releases/DAE/./docs/evidence/V0.2.2/ubuntu-dependencies.log
-- Installing: <project>/releases/DAE/./docs/evidence/V0.2.2/windows-gui.json
-- Installing: <project>/releases/DAE/./docs/evidence/V0.2.2/ubuntu-ctest-detail.log
-- Installing: <project>/releases/DAE/./docs/evidence/V0.2.2/windows-build.log
-- Installing: <project>/releases/DAE/./docs/evidence/V0.2.2/windows-dependencies.log
-- Installing: <project>/releases/DAE/./docs/evidence/V0.2.2/windows-deployment.log
-- Installing: <project>/releases/DAE/./docs/evidence/V0.2.2/ubuntu-native.json
-- Installing: <project>/releases/DAE/./docs/evidence/V0.2.2/ubuntu-textures.log
-- Installing: <project>/releases/DAE/./docs/evidence/V0.2.2/ubuntu-examples.log
-- Installing: <project>/releases/DAE/./docs/evidence/V0.2.2/windows-textures.log
-- Installing: <project>/releases/DAE/./docs/evidence/V0.2.2/ubuntu-normals.log
-- Installing: <project>/releases/DAE/./docs/evidence/V0.2.2/windows-version.log
-- Installing: <project>/releases/DAE/./docs/evidence/V0.2.2/ubuntu-python-unit.log
-- Installing: <project>/releases/DAE/./docs/evidence/V0.2.2/windows-package.log
-- Installing: <project>/releases/DAE/./docs/evidence/V0.2.2/windows-examples.log
-- Installing: <project>/releases/DAE/./docs/evidence/V0.2.2/ubuntu-examples.json
-- Installing: <project>/releases/DAE/./docs/evidence/V0.2.2/ubuntu-build.log
-- Installing: <project>/releases/DAE/./docs/evidence/V0.2.2/ubuntu-deployment.log
-- Installing: <project>/releases/DAE/./docs/evidence/V0.2.2/windows-python-client.log
-- Installing: <project>/releases/DAE/./docs/evidence/V0.2.2/windows-normals.log
-- Installing: <project>/releases/DAE/./docs/evidence/V0.2.2/windows-deployment.json
-- Installing: <project>/releases/DAE/./docs/evidence/V0.2.2/ubuntu-package.log
-- Installing: <project>/releases/DAE/./docs/evidence/V0.2.2/windows-python-client.json
-- Installing: <project>/releases/DAE/./docs/evidence/V0.2.2/windows-help-build.log
-- Installing: <project>/releases/DAE/./docs/evidence/V0.2.2/source-match.json
-- Installing: <project>/releases/DAE/./docs/evidence/V0.2.2/ubuntu-version.log
-- Installing: <project>/releases/DAE/./docs/evidence/V0.2.2/windows-python-unit.log
-- Installing: <project>/releases/DAE/./docs/evidence/V0.2.2/windows-gui.log
-- Installing: <project>/releases/DAE/./docs/evidence/V0.2.2/windows-native.json
-- Installing: <project>/releases/DAE/./docs/evidence/V0.2.2/windows-native.log
-- Installing: <project>/releases/DAE/./docs/evidence/V0.2.2/windows-ctest-detail.log
-- Installing: <project>/releases/DAE/./docs/evidence/V0.2.2/ubuntu-python-client.json
-- Installing: <project>/releases/DAE/./docs/evidence/V0.2.2/ubuntu-deployment.json
-- Installing: <project>/releases/DAE/./docs/evidence/V0.2.2/ubuntu-native.log
-- Installing: <project>/releases/DAE/./docs/evidence/V0.1.4
-- Installing: <project>/releases/DAE/./docs/evidence/V0.1.4/reader-benchmark.json
-- Installing: <project>/releases/DAE/./docs/evidence/V0.1.4/streaming-prepare.json
-- Installing: <project>/releases/DAE/./docs/evidence/V0.1.4/native-tests.json
-- Installing: <project>/releases/DAE/./docs/evidence/V0.1.4/gui-tests.json
-- Installing: <project>/releases/DAE/./docs/evidence/V0.1.4/real-native-report.json
-- Installing: <project>/releases/DAE/./docs/evidence/V0.1.4/pro-tests.log
-- Installing: <project>/releases/DAE/./docs/evidence/V0.1.4/baseline-prepare.json
-- Installing: <project>/releases/DAE/./docs/evidence/V0.1.4/native-tests.log
-- Installing: <project>/releases/DAE/./docs/evidence/V0.1.4/core-tests.log
-- Installing: <project>/releases/DAE/./docs/evidence/V0.1.4/original-files-unchanged.json
-- Installing: <project>/releases/DAE/./docs/evidence/V0.1.4/real-native-v013-equivalence.json
-- Installing: <project>/releases/DAE/./docs/evidence/V0.1.4/benchmark_prepare.py
-- Installing: <project>/releases/DAE/./docs/evidence/V0.1.4/core-build.log
-- Installing: <project>/releases/DAE/./docs/evidence/V0.1.4/pro-tests.json
-- Installing: <project>/releases/DAE/./docs/evidence/V0.1.4/gui-release-success.txt
-- Installing: <project>/releases/DAE/./docs/evidence/V0.1.4/gui-release-success.png
-- Installing: <project>/releases/DAE/./docs/evidence/V0.1.4/gui-build.log
-- Installing: <project>/releases/DAE/./docs/evidence/V0.1.4/gui-release-report.json
-- Installing: <project>/releases/DAE/./docs/evidence/V0.1.4/release-files.json
-- Installing: <project>/releases/DAE/./docs/evidence/V0.1.14
-- Installing: <project>/releases/DAE/./docs/evidence/V0.1.14/ubuntu-build-final.log
-- Installing: <project>/releases/DAE/./docs/evidence/V0.1.14/ubuntu-python-client.log
-- Installing: <project>/releases/DAE/./docs/evidence/V0.1.14/windows-examples.json
-- Installing: <project>/releases/DAE/./docs/evidence/V0.1.14/windows-missing-sdk.log
-- Installing: <project>/releases/DAE/./docs/evidence/V0.1.14/windows-multiconfig.log
-- Installing: <project>/releases/DAE/./docs/evidence/V0.1.14/windows-gui.json
-- Installing: <project>/releases/DAE/./docs/evidence/V0.1.14/windows-build.log
-- Installing: <project>/releases/DAE/./docs/evidence/V0.1.14/ubuntu-ctest.log
-- Installing: <project>/releases/DAE/./docs/evidence/V0.1.14/windows-deployment.log
-- Installing: <project>/releases/DAE/./docs/evidence/V0.1.14/ubuntu-native.json
-- Installing: <project>/releases/DAE/./docs/evidence/V0.1.14/ubuntu-examples.log
-- Installing: <project>/releases/DAE/./docs/evidence/V0.1.14/windows-release-preset.log
-- Installing: <project>/releases/DAE/./docs/evidence/V0.1.14/ubuntu-python-unit.log
-- Installing: <project>/releases/DAE/./docs/evidence/V0.1.14/windows-package.log
-- Installing: <project>/releases/DAE/./docs/evidence/V0.1.14/windows-examples.log
-- Installing: <project>/releases/DAE/./docs/evidence/V0.1.14/ubuntu-examples.json
-- Installing: <project>/releases/DAE/./docs/evidence/V0.1.14/ubuntu-build.log
-- Installing: <project>/releases/DAE/./docs/evidence/V0.1.14/ubuntu-deployment.log
-- Installing: <project>/releases/DAE/./docs/evidence/V0.1.14/windows-python-client.log
-- Installing: <project>/releases/DAE/./docs/evidence/V0.1.14/windows-core.log
-- Installing: <project>/releases/DAE/./docs/evidence/V0.1.14/windows-deployment.json
-- Installing: <project>/releases/DAE/./docs/evidence/V0.1.14/ubuntu-package.log
-- Installing: <project>/releases/DAE/./docs/evidence/V0.1.14/windows-python-client.json
-- Installing: <project>/releases/DAE/./docs/evidence/V0.1.14/ubuntu-core-config.log
-- Installing: <project>/releases/DAE/./docs/evidence/V0.1.14/windows-python-unit.log
-- Installing: <project>/releases/DAE/./docs/evidence/V0.1.14/windows-ctest.log
-- Installing: <project>/releases/DAE/./docs/evidence/V0.1.14/windows-user-configure.log
-- Installing: <project>/releases/DAE/./docs/evidence/V0.1.14/windows-gui.log
-- Installing: <project>/releases/DAE/./docs/evidence/V0.1.14/windows-native.json
-- Installing: <project>/releases/DAE/./docs/evidence/V0.1.14/windows-native.log
-- Installing: <project>/releases/DAE/./docs/evidence/V0.1.14/ubuntu-python-client.json
-- Installing: <project>/releases/DAE/./docs/evidence/V0.1.14/ubuntu-deployment.json
-- Installing: <project>/releases/DAE/./docs/evidence/V0.1.14/ubuntu-native.log
-- Installing: <project>/releases/DAE/./docs/validation-v0.2.md
-- Installing: <project>/releases/DAE/./docs/validation-v0.1.1.md
-- Installing: <project>/releases/DAE/./docs/validation-v0.1.9.md
-- Installing: <project>/releases/DAE/./README.md
-- Installing: <project>/releases/DAE/./VERSION
-- Installing: <project>/releases/DAE/./CHANGELOG.md
-- Installing: <project>/releases/DAE/./THIRD_PARTY_NOTICES.md
-- Installing: <project>/releases/DAE/licenses/ufbx/LICENSE
-- Installing: <project>/releases/DAE/licenses/nlohmann/LICENSE.MIT
Verified tinyxml2 10.0.0
Verified cgltf 1.15
Verified ufbx 0.23.0
Verified nlohmann/json 3.12.0
Verified libjpeg-turbo (Windows decoder) 3.1.4.1
Verified libpng (Windows decoder) 1.6.58
Verified zlib (Windows decoder) 1.3.2
Verified FileGDB API 1.5.5.330 runtime and original license files
{"arcgis_pro_required":false,"backend":"native-filegdb","filegdb_api":"1.5.5","status":"available","version":"0.6.0"}
Installed native CLI: <project>/releases/DAE/bin/geomodelbridge
Native writer: <project>/releases/DAE/bin/native-filegdb/GeoModelBridge.NativeWriter
CLI help: geomodelbridge convert -h; sequential calling examples: docs/command-line.md
