[1/8] cd <project>/build/native && /usr/bin/cmake -E make_directory <project>/build/native/bin/max-adapter && /usr/bin/cmake -E copy_if_different <project>/adapters/3dsmax/worker.py <project>/build/native/bin/max-adapter/worker.py
[2/8] Copying official FileGDB runtime beside the native writer
[3/8] Building CXX object CMakeFiles/GeoModelBridge.Core.dir/src/max_adapter.cpp.o
[4/8] Linking CXX static library libGeoModelBridge.Core.a
[5/8] Linking CXX executable bin/gmb_output_tests
[6/8] Linking CXX executable bin/gmb_core_tests
[7/8] Linking CXX executable bin/gmb_report_writer
[8/8] Linking CXX executable bin/geomodelbridge
Internal ctest changing into directory: <project>/build/native
Test project <project>/build/native
      Start  1: core
 1/17 Test  #1: core .............................   Passed    0.25 sec
      Start  2: output_safety
 2/17 Test  #2: output_safety ....................   Passed    0.34 sec
      Start  3: cli
 3/17 Test  #3: cli ..............................   Passed    3.35 sec
      Start  4: reader_integration
 4/17 Test  #4: reader_integration ...............   Passed    1.06 sec
      Start  5: binary_fbx
 5/17 Test  #5: binary_fbx .......................   Passed    0.54 sec
      Start  6: obj_integration
 6/17 Test  #6: obj_integration ..................   Passed    0.61 sec
      Start  7: glb_integration
 7/17 Test  #7: glb_integration ..................   Passed    1.01 sec
      Start  8: gltf_integration
 8/17 Test  #8: gltf_integration .................   Passed    0.68 sec
      Start  9: wrl_integration
 9/17 Test  #9: wrl_integration ..................   Passed    1.28 sec
      Start 10: profile_integration
10/17 Test #10: profile_integration ..............   Passed    3.77 sec
      Start 11: missing_textures
11/17 Test #11: missing_textures .................   Passed    1.16 sec
      Start 12: normal_repair
12/17 Test #12: normal_repair ....................   Passed    0.78 sec
      Start 13: python_client
13/17 Test #13: python_client ....................   Passed    3.30 sec
      Start 14: max_worker_policy
14/17 Test #14: max_worker_policy ................   Passed    0.83 sec
      Start 15: max_adapter
15/17 Test #15: max_adapter ......................   Passed    0.52 sec
      Start 16: native_runtime
16/17 Test #16: native_runtime ...................   Passed    0.77 sec
      Start 17: native_build_layout
17/17 Test #17: native_build_layout ..............   Passed    3.59 sec

100% tests passed, 0 tests failed out of 17

Total Test time (real) =  23.94 sec
{"status": "passed", "file_count": 270, "different": [], "scope": "Implementation, build configuration, tests, fixtures, pinned libraries and Python/GUI sources; exact SHA-256 bytes"}
