Verified GeoModelBridge 0.2.0: 6 required declarations and runtime release references agree.
Verified ufbx 0.23.0
Verified nlohmann/json 3.12.0
Verified libjpeg-turbo (Windows decoder) 3.1.4.1
Verified libpng (Windows decoder) 1.6.58
Verified zlib (Windows decoder) 1.3.2
Verified FileGDB API 1.5.5.330 runtime and original license files
-- The C compiler identification is GNU 13.3.0
-- The CXX compiler identification is GNU 13.3.0
-- Detecting C compiler ABI info
-- Detecting C compiler ABI info - done
-- Check for working C compiler: /usr/bin/cc - skipped
-- Detecting C compile features
-- Detecting C compile features - done
-- Detecting CXX compiler ABI info
-- Detecting CXX compiler ABI info - done
-- Check for working CXX compiler: /usr/bin/c++ - skipped
-- Detecting CXX compile features
-- Detecting CXX compile features - done
-- Performing Test CMAKE_HAVE_LIBC_PTHREAD
-- Performing Test CMAKE_HAVE_LIBC_PTHREAD - Success
-- Found Threads: TRUE
-- Found ZLIB: /usr/lib/x86_64-linux-gnu/libz.so (found version "1.3")
-- Found PNG: /usr/lib/x86_64-linux-gnu/libpng.so (found version "1.6.43")
-- Found JPEG: /usr/lib/x86_64-linux-gnu/libjpeg.so (found version "80")
-- Native FileGDB runtime: bundled beside the built writer and installed to bin/native-filegdb (licenses in licenses/filegdb-api)
-- Configuring done (3.7s)
-- Generating done (0.1s)
-- Build files have been written to: <workspace>/build/v02-final
[1/27] Building CXX object CMakeFiles/GeoModelBridge.Core.dir/src/core.cpp.o
[2/27] Building CXX object CMakeFiles/GeoModelBridge.Core.dir/src/fixtures.cpp.o
[3/27] Building CXX object CMakeFiles/GeoModelBridge.Core.dir/src/fbx_reader.cpp.o
[4/27] Building CXX object CMakeFiles/GeoModelBridge.Core.dir/src/platform_files_linux.cpp.o
[5/27] Building CXX object CMakeFiles/GeoModelBridge.Core.dir/src/bundle.cpp.o
[6/27] Building CXX object CMakeFiles/gmb_failing_writer.dir/tests/failing_writer.cpp.o
[7/27] Linking CXX executable bin/gmb_failing_writer
[8/27] Building CXX object CMakeFiles/gmb_core_tests.dir/tests/core_tests.cpp.o
[9/27] Copying official FileGDB runtime beside the native writer
[10/27] Building CXX object CMakeFiles/gmb_output_tests.dir/tests/output_tests.cpp.o
[11/27] Building CXX object CMakeFiles/gmb_report_writer.dir/tests/report_writer.cpp.o
[12/27] Building CXX object CMakeFiles/GeoModelBridge.NativeWriter.dir/backends/native-filegdb/images.cpp.o
[13/27] Building C object CMakeFiles/gmb_ufbx.dir/third_party/ufbx/ufbx.c.o
[14/27] Linking C static library libgmb_ufbx.a
[15/27] Linking CXX static library libGeoModelBridge.Core.a
[16/27] Linking CXX executable bin/gmb_core_tests
[17/27] Linking CXX executable bin/gmb_output_tests
[18/27] Building CXX object CMakeFiles/GeoModelBridge.NativeWriter.dir/backends/native-filegdb/images_jpeg.cpp.o
[19/27] Linking CXX executable bin/gmb_report_writer
[20/27] Building CXX object CMakeFiles/GeoModelBridge.NativeWriter.dir/backends/native-filegdb/images_png.cpp.o
[21/27] Building CXX object CMakeFiles/GeoModelBridge.NativeWriter.dir/src/platform_files_linux.cpp.o
[22/27] Building CXX object CMakeFiles/GeoModelBridge.NativeWriter.dir/backends/native-filegdb/platform_linux.cpp.o
[23/27] Building CXX object CMakeFiles/GeoModelBridge.NativeWriter.dir/src/core.cpp.o
[24/27] Building CXX object CMakeFiles/GeoModelBridge.NativeWriter.dir/backends/native-filegdb/main.cpp.o
[25/27] Linking CXX executable bin/native-filegdb/GeoModelBridge.NativeWriter
[26/27] Building CXX object CMakeFiles/geomodelbridge.dir/src/main.cpp.o
[27/27] Linking CXX executable bin/geomodelbridge
Internal ctest changing into directory: <workspace>/build/v02-final
Test project <workspace>/build/v02-final
      Start  1: core
 1/11 Test  #1: core .............................   Passed    0.24 sec
      Start  2: output_safety
 2/11 Test  #2: output_safety ....................   Passed    0.32 sec
      Start  3: cli
 3/11 Test  #3: cli ..............................   Passed    2.33 sec
      Start  4: reader_integration
 4/11 Test  #4: reader_integration ...............   Passed    0.84 sec
      Start  5: binary_fbx
 5/11 Test  #5: binary_fbx .......................   Passed    0.48 sec
      Start  6: profile_integration
 6/11 Test  #6: profile_integration ..............   Passed    2.69 sec
      Start  7: missing_textures
 7/11 Test  #7: missing_textures .................   Passed    1.14 sec
      Start  8: normal_repair
 8/11 Test  #8: normal_repair ....................   Passed    0.78 sec
      Start  9: python_client
 9/11 Test  #9: python_client ....................   Passed    2.96 sec
      Start 10: native_runtime
10/11 Test #10: native_runtime ...................   Passed    0.70 sec
      Start 11: native_build_layout
11/11 Test #11: native_build_layout ..............   Passed    1.71 sec

100% tests passed, 0 tests failed out of 11

Total Test time (real) =  14.24 sec
-- Install configuration: "Release"
-- Installing: <workspace>/releases/V0.2.0/bin/geomodelbridge
-- Up-to-date: <workspace>/releases/V0.2.0/bin/demo/textured_quad.fbx
-- Up-to-date: <workspace>/releases/V0.2.0/bin/demo/checker.png
-- Up-to-date: <workspace>/releases/V0.2.0/python/geomodelbridge
-- Installing: <workspace>/releases/V0.2.0/python/geomodelbridge/client.py
-- Up-to-date: <workspace>/releases/V0.2.0/python/geomodelbridge/__init__.py
-- Up-to-date: <workspace>/releases/V0.2.0/python/geomodelbridge/_version.py
-- Up-to-date: <workspace>/releases/V0.2.0/python/examples/convert_fbx.py
-- Installing: <workspace>/releases/V0.2.0/bin/native-filegdb/GeoModelBridge.NativeWriter
-- Up-to-date: <workspace>/releases/V0.2.0/bin/native-filegdb/libFileGDBAPI.so
-- Up-to-date: <workspace>/releases/V0.2.0/bin/native-filegdb/libfgdbunixrtl.so
-- Up-to-date: <workspace>/releases/V0.2.0/licenses/filegdb-api
-- Up-to-date: <workspace>/releases/V0.2.0/licenses/filegdb-api/Acknowledgements
-- Up-to-date: <workspace>/releases/V0.2.0/licenses/filegdb-api/userestrictions.txt
-- Up-to-date: <workspace>/releases/V0.2.0/licenses/filegdb-api/Apache License.pdf
-- Up-to-date: <workspace>/releases/V0.2.0/licenses/filegdb-api/AUTHORS
-- Up-to-date: <workspace>/releases/V0.2.0/licenses/filegdb-api/Acknowledgements-FGDBUnixRTL
-- Up-to-date: <workspace>/releases/V0.2.0/licenses/filegdb-api/README
-- Up-to-date: <workspace>/releases/V0.2.0/licenses/filegdb-api/sdk-sources-linux.json
-- Up-to-date: <workspace>/releases/V0.2.0/./docs
-- Up-to-date: <workspace>/releases/V0.2.0/./docs/gui.md
-- Up-to-date: <workspace>/releases/V0.2.0/./docs/validation-results.md
-- Up-to-date: <workspace>/releases/V0.2.0/./docs/validation-v0.1.13.md
-- Up-to-date: <workspace>/releases/V0.2.0/./docs/validation-v0.1.8.md
-- Up-to-date: <workspace>/releases/V0.2.0/./docs/validation-v0.1.4.md
-- Up-to-date: <workspace>/releases/V0.2.0/./docs/validation-v0.1.6.md
-- Up-to-date: <workspace>/releases/V0.2.0/./docs/command-line.md
-- Up-to-date: <workspace>/releases/V0.2.0/./docs/acceptance.md
-- Up-to-date: <workspace>/releases/V0.2.0/./docs/validation-v0.1.2.md
-- Up-to-date: <workspace>/releases/V0.2.0/./docs/visual-acceptance-setup.md
-- Installing: <workspace>/releases/V0.2.0/./docs/architecture.md
-- Up-to-date: <workspace>/releases/V0.2.0/./docs/compatibility.md
-- Up-to-date: <workspace>/releases/V0.2.0/./docs/validation-v0.1.7.md
-- Up-to-date: <workspace>/releases/V0.2.0/./docs/bundle-format.md
-- Installing: <workspace>/releases/V0.2.0/./docs/filegdb-api.md
-- Up-to-date: <workspace>/releases/V0.2.0/./docs/validation-v0.1.3.md
-- Up-to-date: <workspace>/releases/V0.2.0/./docs/validation-v0.1.14.md
-- Installing: <workspace>/releases/V0.2.0/./docs/build-and-release.md
-- Up-to-date: <workspace>/releases/V0.2.0/./docs/validation-v0.1.10.md
-- Up-to-date: <workspace>/releases/V0.2.0/./docs/validation-v0.1.11.md
-- Installing: <workspace>/releases/V0.2.0/./docs/roadmap.md
-- Up-to-date: <workspace>/releases/V0.2.0/./docs/validation-v0.1.5.md
-- Installing: <workspace>/releases/V0.2.0/./docs/python-client.md
-- Up-to-date: <workspace>/releases/V0.2.0/./docs/validation-v0.1.12.md
-- Up-to-date: <workspace>/releases/V0.2.0/./docs/evidence
-- Up-to-date: <workspace>/releases/V0.2.0/./docs/evidence/pro-integration.json
-- Up-to-date: <workspace>/releases/V0.2.0/./docs/evidence/V0.1.6
-- Up-to-date: <workspace>/releases/V0.2.0/./docs/evidence/V0.1.6/windows-examples.json
-- Up-to-date: <workspace>/releases/V0.2.0/./docs/evidence/V0.1.6/windows-gui.json
-- Up-to-date: <workspace>/releases/V0.2.0/./docs/evidence/V0.1.6/ubuntu-to-windows.json
-- Up-to-date: <workspace>/releases/V0.2.0/./docs/evidence/V0.1.6/windows-build.log
-- Up-to-date: <workspace>/releases/V0.2.0/./docs/evidence/V0.1.6/ubuntu-native.json
-- Up-to-date: <workspace>/releases/V0.2.0/./docs/evidence/V0.1.6/ubuntu-examples.log
-- Up-to-date: <workspace>/releases/V0.2.0/./docs/evidence/V0.1.6/windows-sloped_normals.json
-- Up-to-date: <workspace>/releases/V0.2.0/./docs/evidence/V0.1.6/windows-alpha-plane.json
-- Up-to-date: <workspace>/releases/V0.2.0/./docs/evidence/V0.1.6/ubuntu-examples.json
-- Up-to-date: <workspace>/releases/V0.2.0/./docs/evidence/V0.1.6/ubuntu-archive-deployment.json
-- Up-to-date: <workspace>/releases/V0.2.0/./docs/evidence/V0.1.6/ubuntu-build.log
-- Up-to-date: <workspace>/releases/V0.2.0/./docs/evidence/V0.1.6/ubuntu-environment.log
-- Up-to-date: <workspace>/releases/V0.2.0/./docs/evidence/V0.1.6/ubuntu-deployment.log
-- Up-to-date: <workspace>/releases/V0.2.0/./docs/evidence/V0.1.6/windows-to-ubuntu.json
-- Up-to-date: <workspace>/releases/V0.2.0/./docs/evidence/V0.1.6/windows-unified-build.log
-- Up-to-date: <workspace>/releases/V0.2.0/./docs/evidence/V0.1.6/independent-os-output-comparison.json
-- Up-to-date: <workspace>/releases/V0.2.0/./docs/evidence/V0.1.6/ubuntu-textured_quad.json
-- Up-to-date: <workspace>/releases/V0.2.0/./docs/evidence/V0.1.6/windows-deployment.json
-- Up-to-date: <workspace>/releases/V0.2.0/./docs/evidence/V0.1.6/windows-textured_quad.json
-- Up-to-date: <workspace>/releases/V0.2.0/./docs/evidence/V0.1.6/ubuntu-package.log
-- Up-to-date: <workspace>/releases/V0.2.0/./docs/evidence/V0.1.6/windows-native.json
-- Up-to-date: <workspace>/releases/V0.2.0/./docs/evidence/V0.1.6/ubuntu-sloped_normals.json
-- Up-to-date: <workspace>/releases/V0.2.0/./docs/evidence/V0.1.6/windows-native.log
-- Up-to-date: <workspace>/releases/V0.2.0/./docs/evidence/V0.1.6/cross_readback.py
-- Up-to-date: <workspace>/releases/V0.2.0/./docs/evidence/V0.1.6/ubuntu-alpha-plane.json
-- Up-to-date: <workspace>/releases/V0.2.0/./docs/evidence/V0.1.6/ubuntu-deployment.json
-- Up-to-date: <workspace>/releases/V0.2.0/./docs/evidence/V0.1.6/ubuntu-native.log
-- Up-to-date: <workspace>/releases/V0.2.0/./docs/evidence/V0.1.13
-- Up-to-date: <workspace>/releases/V0.2.0/./docs/evidence/V0.1.13/ubuntu-build-final.log
-- Up-to-date: <workspace>/releases/V0.2.0/./docs/evidence/V0.1.13/ubuntu-python-client.log
-- Up-to-date: <workspace>/releases/V0.2.0/./docs/evidence/V0.1.13/windows-doc-powershell.log
-- Up-to-date: <workspace>/releases/V0.2.0/./docs/evidence/V0.1.13/windows-examples.json
-- Up-to-date: <workspace>/releases/V0.2.0/./docs/evidence/V0.1.13/ubuntu-doc-bash.log
-- Up-to-date: <workspace>/releases/V0.2.0/./docs/evidence/V0.1.13/windows-runtime-recovery-target.log
-- Up-to-date: <workspace>/releases/V0.2.0/./docs/evidence/V0.1.13/windows-gui.json
-- Up-to-date: <workspace>/releases/V0.2.0/./docs/evidence/V0.1.13/windows-build.log
-- Up-to-date: <workspace>/releases/V0.2.0/./docs/evidence/V0.1.13/windows-build-final.log
-- Up-to-date: <workspace>/releases/V0.2.0/./docs/evidence/V0.1.13/windows-deployment.log
-- Up-to-date: <workspace>/releases/V0.2.0/./docs/evidence/V0.1.13/windows-runtime-off.log
-- Up-to-date: <workspace>/releases/V0.2.0/./docs/evidence/V0.1.13/ubuntu-native.json
-- Up-to-date: <workspace>/releases/V0.2.0/./docs/evidence/V0.1.13/windows-ctest-final.log
-- Up-to-date: <workspace>/releases/V0.2.0/./docs/evidence/V0.1.13/windows-invalid-build.log
-- Up-to-date: <workspace>/releases/V0.2.0/./docs/evidence/V0.1.13/ubuntu-examples.log
-- Up-to-date: <workspace>/releases/V0.2.0/./docs/evidence/V0.1.13/ubuntu-writer-dependencies.log
-- Up-to-date: <workspace>/releases/V0.2.0/./docs/evidence/V0.1.13/windows-writer-dependencies.log
-- Up-to-date: <workspace>/releases/V0.2.0/./docs/evidence/V0.1.13/windows-default-build.log
-- Up-to-date: <workspace>/releases/V0.2.0/./docs/evidence/V0.1.13/ubuntu-python-unit.log
-- Up-to-date: <workspace>/releases/V0.2.0/./docs/evidence/V0.1.13/windows-package.log
-- Up-to-date: <workspace>/releases/V0.2.0/./docs/evidence/V0.1.13/windows-examples.log
-- Up-to-date: <workspace>/releases/V0.2.0/./docs/evidence/V0.1.13/ubuntu-examples.json
-- Up-to-date: <workspace>/releases/V0.2.0/./docs/evidence/V0.1.13/ubuntu-build.log
-- Up-to-date: <workspace>/releases/V0.2.0/./docs/evidence/V0.1.13/ubuntu-deployment.log
-- Up-to-date: <workspace>/releases/V0.2.0/./docs/evidence/V0.1.13/windows-python-client.log
-- Up-to-date: <workspace>/releases/V0.2.0/./docs/evidence/V0.1.13/windows-deployment.json
-- Up-to-date: <workspace>/releases/V0.2.0/./docs/evidence/V0.1.13/ubuntu-package.log
-- Up-to-date: <workspace>/releases/V0.2.0/./docs/evidence/V0.1.13/windows-python-client.json
-- Up-to-date: <workspace>/releases/V0.2.0/./docs/evidence/V0.1.13/ubuntu-ctest-final.log
-- Up-to-date: <workspace>/releases/V0.2.0/./docs/evidence/V0.1.13/windows-python-unit.log
-- Up-to-date: <workspace>/releases/V0.2.0/./docs/evidence/V0.1.13/windows-doc-cmd.log
-- Up-to-date: <workspace>/releases/V0.2.0/./docs/evidence/V0.1.13/windows-gui.log
-- Up-to-date: <workspace>/releases/V0.2.0/./docs/evidence/V0.1.13/windows-native.json
-- Up-to-date: <workspace>/releases/V0.2.0/./docs/evidence/V0.1.13/windows-native.log
-- Up-to-date: <workspace>/releases/V0.2.0/./docs/evidence/V0.1.13/windows-runtime-recovery.log
-- Up-to-date: <workspace>/releases/V0.2.0/./docs/evidence/V0.1.13/ubuntu-python-client.json
-- Up-to-date: <workspace>/releases/V0.2.0/./docs/evidence/V0.1.13/ubuntu-deployment.json
-- Up-to-date: <workspace>/releases/V0.2.0/./docs/evidence/V0.1.13/ubuntu-native.log
-- Up-to-date: <workspace>/releases/V0.2.0/./docs/evidence/V0.1.13/ubuntu-runtime-recovery.log
-- Up-to-date: <workspace>/releases/V0.2.0/./docs/evidence/V0.1.13/windows-doc-powershell-final.log
-- Up-to-date: <workspace>/releases/V0.2.0/./docs/evidence/V0.1.3
-- Up-to-date: <workspace>/releases/V0.2.0/./docs/evidence/V0.1.3/gui-result-independent-pro.log
-- Up-to-date: <workspace>/releases/V0.2.0/./docs/evidence/V0.1.3/gui-no-overwrite-hashes.json
-- Up-to-date: <workspace>/releases/V0.2.0/./docs/evidence/V0.1.3/native-tests.json
-- Up-to-date: <workspace>/releases/V0.2.0/./docs/evidence/V0.1.3/gui-readable-report.txt
-- Up-to-date: <workspace>/releases/V0.2.0/./docs/evidence/V0.1.3/gui-tests.json
-- Up-to-date: <workspace>/releases/V0.2.0/./docs/evidence/V0.1.3/real-pro-report.json
-- Up-to-date: <workspace>/releases/V0.2.0/./docs/evidence/V0.1.3/gui-no-overwrite.png
-- Up-to-date: <workspace>/releases/V0.2.0/./docs/evidence/V0.1.3/dotnet-runtime-licenses.json
-- Up-to-date: <workspace>/releases/V0.2.0/./docs/evidence/V0.1.3/native-pro-coordinate-differences.json
-- Up-to-date: <workspace>/releases/V0.2.0/./docs/evidence/V0.1.3/gui-readable-report.png
-- Up-to-date: <workspace>/releases/V0.2.0/./docs/evidence/V0.1.3/core-tests.log
-- Up-to-date: <workspace>/releases/V0.2.0/./docs/evidence/V0.1.3/gui-real-success.txt
-- Up-to-date: <workspace>/releases/V0.2.0/./docs/evidence/V0.1.3/original-files-unchanged.json
-- Up-to-date: <workspace>/releases/V0.2.0/./docs/evidence/V0.1.3/profile-tests.txt
-- Up-to-date: <workspace>/releases/V0.2.0/./docs/evidence/V0.1.3/gui-retry-new-name.png
-- Up-to-date: <workspace>/releases/V0.2.0/./docs/evidence/V0.1.3/gui-no-overwrite.txt
-- Up-to-date: <workspace>/releases/V0.2.0/./docs/evidence/V0.1.3/gui-native-report.json
-- Up-to-date: <workspace>/releases/V0.2.0/./docs/evidence/V0.1.3/final-strict-inspection.json
-- Up-to-date: <workspace>/releases/V0.2.0/./docs/evidence/V0.1.3/native-tests-final.log
-- Up-to-date: <workspace>/releases/V0.2.0/./docs/evidence/V0.1.3/gui-strict-failure.png
-- Up-to-date: <workspace>/releases/V0.2.0/./docs/evidence/V0.1.3/native-read-by-pro.json
-- Up-to-date: <workspace>/releases/V0.2.0/./docs/evidence/V0.1.3/gui-real-success.png
-- Up-to-date: <workspace>/releases/V0.2.0/./docs/evidence/V0.1.3/core-build.log
-- Up-to-date: <workspace>/releases/V0.2.0/./docs/evidence/V0.1.3/independent-pro-tool
-- Up-to-date: <workspace>/releases/V0.2.0/./docs/evidence/V0.1.3/independent-pro-tool/README.md
-- Up-to-date: <workspace>/releases/V0.2.0/./docs/evidence/V0.1.3/baseline-v012.json
-- Up-to-date: <workspace>/releases/V0.2.0/./docs/evidence/V0.1.3/gui-build-final.log
-- Up-to-date: <workspace>/releases/V0.2.0/./docs/evidence/V0.1.3/jpeg-normalization-pixels.json
-- Up-to-date: <workspace>/releases/V0.2.0/./docs/evidence/V0.1.3/input-inspection.json
-- Up-to-date: <workspace>/releases/V0.2.0/./docs/evidence/V0.1.3/pro-tests.json
-- Up-to-date: <workspace>/releases/V0.2.0/./docs/evidence/V0.1.3/native-read-by-pro-final.log
-- Up-to-date: <workspace>/releases/V0.2.0/./docs/evidence/V0.1.3/gui-raw-report.png
-- Up-to-date: <workspace>/releases/V0.2.0/./docs/evidence/V0.1.3/gui-result-independent-pro.json
-- Up-to-date: <workspace>/releases/V0.2.0/./docs/evidence/V0.1.3/release-files.json
-- Up-to-date: <workspace>/releases/V0.2.0/./docs/evidence/V0.1.3/pro-tests-jpeg-final.log
-- Up-to-date: <workspace>/releases/V0.2.0/./docs/evidence/V0.1.11
-- Up-to-date: <workspace>/releases/V0.2.0/./docs/evidence/V0.1.11/ubuntu-build-final.log
-- Up-to-date: <workspace>/releases/V0.2.0/./docs/evidence/V0.1.11/ubuntu-python-client.log
-- Up-to-date: <workspace>/releases/V0.2.0/./docs/evidence/V0.1.11/windows-examples.json
-- Up-to-date: <workspace>/releases/V0.2.0/./docs/evidence/V0.1.11/windows-gui.json
-- Up-to-date: <workspace>/releases/V0.2.0/./docs/evidence/V0.1.11/ubuntu-output-safety.log
-- Up-to-date: <workspace>/releases/V0.2.0/./docs/evidence/V0.1.11/windows-build-final.log
-- Up-to-date: <workspace>/releases/V0.2.0/./docs/evidence/V0.1.11/windows-deployment.log
-- Up-to-date: <workspace>/releases/V0.2.0/./docs/evidence/V0.1.11/ubuntu-native.json
-- Up-to-date: <workspace>/releases/V0.2.0/./docs/evidence/V0.1.11/windows-ctest-final.log
-- Up-to-date: <workspace>/releases/V0.2.0/./docs/evidence/V0.1.11/ubuntu-examples.log
-- Up-to-date: <workspace>/releases/V0.2.0/./docs/evidence/V0.1.11/windows-output-safety.log
-- Up-to-date: <workspace>/releases/V0.2.0/./docs/evidence/V0.1.11/windows-output-build.log
-- Up-to-date: <workspace>/releases/V0.2.0/./docs/evidence/V0.1.11/ubuntu-python-unit.log
-- Up-to-date: <workspace>/releases/V0.2.0/./docs/evidence/V0.1.11/windows-package.log
-- Up-to-date: <workspace>/releases/V0.2.0/./docs/evidence/V0.1.11/windows-examples.log
-- Up-to-date: <workspace>/releases/V0.2.0/./docs/evidence/V0.1.11/ubuntu-package-final.log
-- Up-to-date: <workspace>/releases/V0.2.0/./docs/evidence/V0.1.11/ubuntu-examples.json
-- Up-to-date: <workspace>/releases/V0.2.0/./docs/evidence/V0.1.11/windows-build-initial.log
-- Up-to-date: <workspace>/releases/V0.2.0/./docs/evidence/V0.1.11/ubuntu-deployment.log
-- Up-to-date: <workspace>/releases/V0.2.0/./docs/evidence/V0.1.11/windows-python-client.log
-- Up-to-date: <workspace>/releases/V0.2.0/./docs/evidence/V0.1.11/windows-deployment.json
-- Up-to-date: <workspace>/releases/V0.2.0/./docs/evidence/V0.1.11/ubuntu-package.log
-- Up-to-date: <workspace>/releases/V0.2.0/./docs/evidence/V0.1.11/windows-python-client.json
-- Up-to-date: <workspace>/releases/V0.2.0/./docs/evidence/V0.1.11/ubuntu-ctest-final.log
-- Up-to-date: <workspace>/releases/V0.2.0/./docs/evidence/V0.1.11/windows-package-final.log
-- Up-to-date: <workspace>/releases/V0.2.0/./docs/evidence/V0.1.11/windows-python-unit.log
-- Up-to-date: <workspace>/releases/V0.2.0/./docs/evidence/V0.1.11/windows-gui.log
-- Up-to-date: <workspace>/releases/V0.2.0/./docs/evidence/V0.1.11/windows-native.json
-- Up-to-date: <workspace>/releases/V0.2.0/./docs/evidence/V0.1.11/windows-native.log
-- Up-to-date: <workspace>/releases/V0.2.0/./docs/evidence/V0.1.11/ubuntu-build-initial.log
-- Up-to-date: <workspace>/releases/V0.2.0/./docs/evidence/V0.1.11/ubuntu-python-client.json
-- Up-to-date: <workspace>/releases/V0.2.0/./docs/evidence/V0.1.11/ubuntu-deployment.json
-- Up-to-date: <workspace>/releases/V0.2.0/./docs/evidence/V0.1.11/ubuntu-native.log
-- Up-to-date: <workspace>/releases/V0.2.0/./docs/evidence/V0.1.10
-- Up-to-date: <workspace>/releases/V0.2.0/./docs/evidence/V0.1.10/ubuntu-python-client.log
-- Up-to-date: <workspace>/releases/V0.2.0/./docs/evidence/V0.1.10/windows-examples.json
-- Up-to-date: <workspace>/releases/V0.2.0/./docs/evidence/V0.1.10/windows-gui.json
-- Up-to-date: <workspace>/releases/V0.2.0/./docs/evidence/V0.1.10/windows-build.log
-- Up-to-date: <workspace>/releases/V0.2.0/./docs/evidence/V0.1.10/windows-ctest-final.log
-- Up-to-date: <workspace>/releases/V0.2.0/./docs/evidence/V0.1.10/ubuntu-examples.log
-- Up-to-date: <workspace>/releases/V0.2.0/./docs/evidence/V0.1.10/ubuntu-package-check.log
-- Up-to-date: <workspace>/releases/V0.2.0/./docs/evidence/V0.1.10/ubuntu-python-unit.log
-- Up-to-date: <workspace>/releases/V0.2.0/./docs/evidence/V0.1.10/ubuntu-examples.json
-- Up-to-date: <workspace>/releases/V0.2.0/./docs/evidence/V0.1.10/ubuntu-build.log
-- Up-to-date: <workspace>/releases/V0.2.0/./docs/evidence/V0.1.10/ubuntu-deployment.log
-- Up-to-date: <workspace>/releases/V0.2.0/./docs/evidence/V0.1.10/windows-package-check.log
-- Up-to-date: <workspace>/releases/V0.2.0/./docs/evidence/V0.1.10/windows-deployment.json
-- Up-to-date: <workspace>/releases/V0.2.0/./docs/evidence/V0.1.10/windows-python-client.json
-- Up-to-date: <workspace>/releases/V0.2.0/./docs/evidence/V0.1.10/ubuntu-ctest-final.log
-- Up-to-date: <workspace>/releases/V0.2.0/./docs/evidence/V0.1.10/windows-python-unit.log
-- Up-to-date: <workspace>/releases/V0.2.0/./docs/evidence/V0.1.10/windows-native.log
-- Up-to-date: <workspace>/releases/V0.2.0/./docs/evidence/V0.1.10/ubuntu-python-client.json
-- Up-to-date: <workspace>/releases/V0.2.0/./docs/evidence/V0.1.10/windows-gui-initial.json
-- Up-to-date: <workspace>/releases/V0.2.0/./docs/evidence/V0.1.10/ubuntu-deployment.json
-- Up-to-date: <workspace>/releases/V0.2.0/./docs/evidence/V0.1.10/ubuntu-native.log
-- Up-to-date: <workspace>/releases/V0.2.0/./docs/evidence/core-tests.log
-- Up-to-date: <workspace>/releases/V0.2.0/./docs/evidence/V0.1.2
-- Up-to-date: <workspace>/releases/V0.2.0/./docs/evidence/V0.1.2/gui-native-success.png
-- Up-to-date: <workspace>/releases/V0.2.0/./docs/evidence/V0.1.2/native-tests.json
-- Up-to-date: <workspace>/releases/V0.2.0/./docs/evidence/V0.1.2/gui-tests.json
-- Up-to-date: <workspace>/releases/V0.2.0/./docs/evidence/V0.1.2/dotnet-runtime-licenses.json
-- Up-to-date: <workspace>/releases/V0.2.0/./docs/evidence/V0.1.2/gui-pro-probe.txt
-- Up-to-date: <workspace>/releases/V0.2.0/./docs/evidence/V0.1.2/core-tests.log
-- Up-to-date: <workspace>/releases/V0.2.0/./docs/evidence/V0.1.2/gui-demo-reset.txt
-- Up-to-date: <workspace>/releases/V0.2.0/./docs/evidence/V0.1.2/gui-native-success.txt
-- Up-to-date: <workspace>/releases/V0.2.0/./docs/evidence/V0.1.2/gui-native-report.json
-- Up-to-date: <workspace>/releases/V0.2.0/./docs/evidence/V0.1.2/build.log
-- Up-to-date: <workspace>/releases/V0.2.0/./docs/evidence/V0.1.2/pro-tests.json
-- Up-to-date: <workspace>/releases/V0.2.0/./docs/evidence/V0.1.2/gui-ui-checks.json
-- Up-to-date: <workspace>/releases/V0.2.0/./docs/evidence/V0.1.7
-- Up-to-date: <workspace>/releases/V0.2.0/./docs/evidence/V0.1.7/windows-examples.json
-- Up-to-date: <workspace>/releases/V0.2.0/./docs/evidence/V0.1.7/windows-gui.json
-- Up-to-date: <workspace>/releases/V0.2.0/./docs/evidence/V0.1.7/windows-build.log
-- Up-to-date: <workspace>/releases/V0.2.0/./docs/evidence/V0.1.7/ubuntu-examples.log
-- Up-to-date: <workspace>/releases/V0.2.0/./docs/evidence/V0.1.7/ubuntu-package-check.log
-- Up-to-date: <workspace>/releases/V0.2.0/./docs/evidence/V0.1.7/ubuntu-examples.json
-- Up-to-date: <workspace>/releases/V0.2.0/./docs/evidence/V0.1.7/ubuntu-missing-textures.log
-- Up-to-date: <workspace>/releases/V0.2.0/./docs/evidence/V0.1.7/ubuntu-build.log
-- Up-to-date: <workspace>/releases/V0.2.0/./docs/evidence/V0.1.7/ubuntu-deployment.log
-- Up-to-date: <workspace>/releases/V0.2.0/./docs/evidence/V0.1.7/windows-package-check.log
-- Up-to-date: <workspace>/releases/V0.2.0/./docs/evidence/V0.1.7/windows-deployment.json
-- Up-to-date: <workspace>/releases/V0.2.0/./docs/evidence/V0.1.7/real-model-assessment.json
-- Up-to-date: <workspace>/releases/V0.2.0/./docs/evidence/V0.1.7/windows-missing-textures.log
-- Up-to-date: <workspace>/releases/V0.2.0/./docs/evidence/V0.1.7/windows-native.log
-- Up-to-date: <workspace>/releases/V0.2.0/./docs/evidence/V0.1.7/ubuntu-deployment.json
-- Up-to-date: <workspace>/releases/V0.2.0/./docs/evidence/V0.1.7/ubuntu-native.log
-- Up-to-date: <workspace>/releases/V0.2.0/./docs/evidence/V0.1.5
-- Up-to-date: <workspace>/releases/V0.2.0/./docs/evidence/V0.1.5/native-tests.json
-- Up-to-date: <workspace>/releases/V0.2.0/./docs/evidence/V0.1.5/gui-tests.json
-- Up-to-date: <workspace>/releases/V0.2.0/./docs/evidence/V0.1.5/release-checks.json
-- Up-to-date: <workspace>/releases/V0.2.0/./docs/evidence/V0.1.5/release-dependencies.json
-- Up-to-date: <workspace>/releases/V0.2.0/./docs/evidence/V0.1.5/build.log
-- Up-to-date: <workspace>/releases/V0.2.0/./docs/evidence/V0.1.5/native-deployment.json
-- Up-to-date: <workspace>/releases/V0.2.0/./docs/evidence/V0.1.5/examples.json
-- Up-to-date: <workspace>/releases/V0.2.0/./docs/evidence/README.md
-- Up-to-date: <workspace>/releases/V0.2.0/./docs/evidence/V0.1.8
-- Up-to-date: <workspace>/releases/V0.2.0/./docs/evidence/V0.1.8/windows-examples.json
-- Up-to-date: <workspace>/releases/V0.2.0/./docs/evidence/V0.1.8/windows-gui.json
-- Up-to-date: <workspace>/releases/V0.2.0/./docs/evidence/V0.1.8/windows-build.log
-- Up-to-date: <workspace>/releases/V0.2.0/./docs/evidence/V0.1.8/ubuntu-examples.log
-- Up-to-date: <workspace>/releases/V0.2.0/./docs/evidence/V0.1.8/ubuntu-package-check.log
-- Up-to-date: <workspace>/releases/V0.2.0/./docs/evidence/V0.1.8/ubuntu-examples.json
-- Up-to-date: <workspace>/releases/V0.2.0/./docs/evidence/V0.1.8/ubuntu-build.log
-- Up-to-date: <workspace>/releases/V0.2.0/./docs/evidence/V0.1.8/ubuntu-deployment.log
-- Up-to-date: <workspace>/releases/V0.2.0/./docs/evidence/V0.1.8/windows-package-check.log
-- Up-to-date: <workspace>/releases/V0.2.0/./docs/evidence/V0.1.8/windows-deployment.json
-- Up-to-date: <workspace>/releases/V0.2.0/./docs/evidence/V0.1.8/real-model-assessment.json
-- Up-to-date: <workspace>/releases/V0.2.0/./docs/evidence/V0.1.8/ubuntu-normal.log
-- Up-to-date: <workspace>/releases/V0.2.0/./docs/evidence/V0.1.8/windows-normal.log
-- Up-to-date: <workspace>/releases/V0.2.0/./docs/evidence/V0.1.8/windows-native.log
-- Up-to-date: <workspace>/releases/V0.2.0/./docs/evidence/V0.1.8/ubuntu-final-ctest.log
-- Up-to-date: <workspace>/releases/V0.2.0/./docs/evidence/V0.1.8/ubuntu-final-native-build.log
-- Up-to-date: <workspace>/releases/V0.2.0/./docs/evidence/V0.1.8/ubuntu-deployment.json
-- Up-to-date: <workspace>/releases/V0.2.0/./docs/evidence/V0.1.8/ubuntu-native.log
-- Up-to-date: <workspace>/releases/V0.2.0/./docs/evidence/V0.1.1
-- Up-to-date: <workspace>/releases/V0.2.0/./docs/evidence/V0.1.1/pro-integration.json
-- Up-to-date: <workspace>/releases/V0.2.0/./docs/evidence/V0.1.1/visual
-- Up-to-date: <workspace>/releases/V0.2.0/./docs/evidence/V0.1.1/visual/visual-project.json
-- Up-to-date: <workspace>/releases/V0.2.0/./docs/evidence/V0.1.1/visual/sources
-- Up-to-date: <workspace>/releases/V0.2.0/./docs/evidence/V0.1.1/visual/sources/uv-direction.jpg
-- Up-to-date: <workspace>/releases/V0.2.0/./docs/evidence/V0.1.1/visual/sources/uv-direction.png
-- Up-to-date: <workspace>/releases/V0.2.0/./docs/evidence/V0.1.1/visual/assessment.json
-- Up-to-date: <workspace>/releases/V0.2.0/./docs/evidence/V0.1.1/visual/index.html
-- Up-to-date: <workspace>/releases/V0.2.0/./docs/evidence/V0.1.1/visual/renders
-- Up-to-date: <workspace>/releases/V0.2.0/./docs/evidence/V0.1.1/visual/renders/pro-jpeg-plane-top.png
-- Up-to-date: <workspace>/releases/V0.2.0/./docs/evidence/V0.1.1/visual/renders/mixed-materials-top.png
-- Up-to-date: <workspace>/releases/V0.2.0/./docs/evidence/V0.1.1/visual/renders/native-uv-plane-top.png
-- Up-to-date: <workspace>/releases/V0.2.0/./docs/evidence/V0.1.1/visual/renders/mixed-materials-oblique.png
-- Up-to-date: <workspace>/releases/V0.2.0/./docs/evidence/V0.1.1/visual/renders/color-cube-opposite.png
-- Up-to-date: <workspace>/releases/V0.2.0/./docs/evidence/V0.1.1/visual/renders/seam-cube-opposite.png
-- Up-to-date: <workspace>/releases/V0.2.0/./docs/evidence/V0.1.1/visual/renders/standalone-copy-top.png
-- Up-to-date: <workspace>/releases/V0.2.0/./docs/evidence/V0.1.1/visual/renders/color-cube-top.png
-- Up-to-date: <workspace>/releases/V0.2.0/./docs/evidence/V0.1.1/visual/renders/seam-cube-oblique.png
-- Up-to-date: <workspace>/releases/V0.2.0/./docs/evidence/V0.1.1/visual/renders/alpha-plane-top.png
-- Up-to-date: <workspace>/releases/V0.2.0/./docs/evidence/V0.1.1/visual/renders/color-cube-oblique.png
-- Up-to-date: <workspace>/releases/V0.2.0/./docs/evidence/V0.1.1/visual/renders/uv-plane-top.png
-- Up-to-date: <workspace>/releases/V0.2.0/./docs/evidence/V0.1.1/visual/renders/native-jpeg-plane-top.png
-- Up-to-date: <workspace>/releases/V0.2.0/./docs/evidence/V0.1.1/visual/renders/seam-cube-top.png
-- Up-to-date: <workspace>/releases/V0.2.0/./docs/evidence/V0.1.1/legacy-writer-rejection.json
-- Up-to-date: <workspace>/releases/V0.2.0/./docs/evidence/V0.1.1/core-tests.log
-- Up-to-date: <workspace>/releases/V0.2.0/./docs/evidence/V0.1.1/jpeg-direction
-- Up-to-date: <workspace>/releases/V0.2.0/./docs/evidence/V0.1.1/jpeg-direction/source-preparation.json
-- Up-to-date: <workspace>/releases/V0.2.0/./docs/evidence/V0.1.1/jpeg-direction/native-writer.log
-- Up-to-date: <workspace>/releases/V0.2.0/./docs/evidence/V0.1.1/jpeg-direction/native-writer-report.json
-- Up-to-date: <workspace>/releases/V0.2.0/./docs/evidence/V0.1.1/jpeg-direction/pro-writer-report.json
-- Up-to-date: <workspace>/releases/V0.2.0/./docs/evidence/V0.1.1/jpeg-direction/source-direction.jpg
-- Up-to-date: <workspace>/releases/V0.2.0/./docs/evidence/V0.1.1/jpeg-direction/source-bundle
-- Up-to-date: <workspace>/releases/V0.2.0/./docs/evidence/V0.1.1/jpeg-direction/source-bundle/scene.json
-- Up-to-date: <workspace>/releases/V0.2.0/./docs/evidence/V0.1.1/jpeg-direction/source-bundle/textures
-- Up-to-date: <workspace>/releases/V0.2.0/./docs/evidence/V0.1.1/jpeg-direction/source-bundle/textures/aefee6ad6a7c5cc986190df94b1da12a7487604a4cec3a8a7efb7002bc2fa686.jpg
-- Up-to-date: <workspace>/releases/V0.2.0/./docs/evidence/V0.1.1/jpeg-direction/pro-writer.log
-- Up-to-date: <workspace>/releases/V0.2.0/./docs/evidence/V0.1.1/jpeg-direction/source-direction.png
-- Up-to-date: <workspace>/releases/V0.2.0/./docs/evidence/V0.1.1/build.log
-- Up-to-date: <workspace>/releases/V0.2.0/./docs/evidence/V0.1.1/native-integration.json
-- Up-to-date: <workspace>/releases/V0.2.0/./docs/evidence/V0.1.1/native-independent-pro
-- Up-to-date: <workspace>/releases/V0.2.0/./docs/evidence/V0.1.1/native-independent-pro/textured_quad.json
-- Up-to-date: <workspace>/releases/V0.2.0/./docs/evidence/V0.1.1/native-independent-pro/mixed-materials.json
-- Up-to-date: <workspace>/releases/V0.2.0/./docs/evidence/V0.1.1/native-independent-pro/uv_transform.json
-- Up-to-date: <workspace>/releases/V0.2.0/./docs/evidence/V0.1.1/native-independent-pro/seam-cube.json
-- Up-to-date: <workspace>/releases/V0.2.0/./docs/evidence/V0.1.1/native-independent-pro/embedded_quad.json
-- Up-to-date: <workspace>/releases/V0.2.0/./docs/evidence/V0.1.1/native-independent-pro/instanced_mirror.json
-- Up-to-date: <workspace>/releases/V0.2.0/./docs/evidence/V0.1.1/native-independent-pro/sloped_normals.json
-- Up-to-date: <workspace>/releases/V0.2.0/./docs/evidence/V0.1.1/native-independent-pro/color-cube.json
-- Up-to-date: <workspace>/releases/V0.2.0/./docs/evidence/V0.1.1/native-independent-pro/colored_quad.json
-- Up-to-date: <workspace>/releases/V0.2.0/./docs/evidence/V0.1.1/native-independent-pro/binary_blender.json
-- Up-to-date: <workspace>/releases/V0.2.0/./docs/evidence/V0.1.1/native-independent-pro/alpha-plane.json
-- Up-to-date: <workspace>/releases/V0.2.0/./docs/evidence/V0.1.1/native-independent-pro/no_material.json
-- Up-to-date: <workspace>/releases/V0.2.0/./docs/evidence/V0.1.1/native-independent-pro/uv-plane.json
-- Up-to-date: <workspace>/releases/V0.2.0/./docs/evidence/V0.1.1/native-independent-pro/summary.json
-- Up-to-date: <workspace>/releases/V0.2.0/./docs/evidence/V0.1.1/native-independent-pro/multi_material.json
-- Up-to-date: <workspace>/releases/V0.2.0/./docs/evidence/V0.1.12
-- Up-to-date: <workspace>/releases/V0.2.0/./docs/evidence/V0.1.12/ubuntu-build-final.log
-- Up-to-date: <workspace>/releases/V0.2.0/./docs/evidence/V0.1.12/ubuntu-python-client.log
-- Up-to-date: <workspace>/releases/V0.2.0/./docs/evidence/V0.1.12/windows-examples.json
-- Up-to-date: <workspace>/releases/V0.2.0/./docs/evidence/V0.1.12/windows-gui.json
-- Up-to-date: <workspace>/releases/V0.2.0/./docs/evidence/V0.1.12/windows-build-final.log
-- Up-to-date: <workspace>/releases/V0.2.0/./docs/evidence/V0.1.12/windows-deployment.log
-- Up-to-date: <workspace>/releases/V0.2.0/./docs/evidence/V0.1.12/ubuntu-native.json
-- Up-to-date: <workspace>/releases/V0.2.0/./docs/evidence/V0.1.12/windows-ctest-final.log
-- Up-to-date: <workspace>/releases/V0.2.0/./docs/evidence/V0.1.12/ubuntu-examples.log
-- Up-to-date: <workspace>/releases/V0.2.0/./docs/evidence/V0.1.12/ubuntu-python-unit.log
-- Up-to-date: <workspace>/releases/V0.2.0/./docs/evidence/V0.1.12/windows-package.log
-- Up-to-date: <workspace>/releases/V0.2.0/./docs/evidence/V0.1.12/windows-examples.log
-- Up-to-date: <workspace>/releases/V0.2.0/./docs/evidence/V0.1.12/ubuntu-examples.json
-- Up-to-date: <workspace>/releases/V0.2.0/./docs/evidence/V0.1.12/ubuntu-missing-textures.log
-- Up-to-date: <workspace>/releases/V0.2.0/./docs/evidence/V0.1.12/windows-build-initial.log
-- Up-to-date: <workspace>/releases/V0.2.0/./docs/evidence/V0.1.12/ubuntu-deployment.log
-- Up-to-date: <workspace>/releases/V0.2.0/./docs/evidence/V0.1.12/windows-python-client.log
-- Up-to-date: <workspace>/releases/V0.2.0/./docs/evidence/V0.1.12/windows-deployment.json
-- Up-to-date: <workspace>/releases/V0.2.0/./docs/evidence/V0.1.12/texture-path-before-after.json
-- Up-to-date: <workspace>/releases/V0.2.0/./docs/evidence/V0.1.12/ubuntu-package.log
-- Up-to-date: <workspace>/releases/V0.2.0/./docs/evidence/V0.1.12/windows-python-client.json
-- Up-to-date: <workspace>/releases/V0.2.0/./docs/evidence/V0.1.12/windows-missing-textures.log
-- Up-to-date: <workspace>/releases/V0.2.0/./docs/evidence/V0.1.12/ubuntu-ctest-final.log
-- Up-to-date: <workspace>/releases/V0.2.0/./docs/evidence/V0.1.12/windows-python-unit.log
-- Up-to-date: <workspace>/releases/V0.2.0/./docs/evidence/V0.1.12/windows-gui.log
-- Up-to-date: <workspace>/releases/V0.2.0/./docs/evidence/V0.1.12/windows-native.json
-- Up-to-date: <workspace>/releases/V0.2.0/./docs/evidence/V0.1.12/windows-native.log
-- Up-to-date: <workspace>/releases/V0.2.0/./docs/evidence/V0.1.12/ubuntu-python-client.json
-- Up-to-date: <workspace>/releases/V0.2.0/./docs/evidence/V0.1.12/ubuntu-deployment.json
-- Up-to-date: <workspace>/releases/V0.2.0/./docs/evidence/V0.1.12/ubuntu-native.log
-- Up-to-date: <workspace>/releases/V0.2.0/./docs/evidence/V0.1.9
-- Up-to-date: <workspace>/releases/V0.2.0/./docs/evidence/V0.1.9/ubuntu-python-client.log
-- Up-to-date: <workspace>/releases/V0.2.0/./docs/evidence/V0.1.9/windows-examples.json
-- Up-to-date: <workspace>/releases/V0.2.0/./docs/evidence/V0.1.9/windows-gui.json
-- Up-to-date: <workspace>/releases/V0.2.0/./docs/evidence/V0.1.9/windows-build.log
-- Up-to-date: <workspace>/releases/V0.2.0/./docs/evidence/V0.1.9/ubuntu-examples.log
-- Up-to-date: <workspace>/releases/V0.2.0/./docs/evidence/V0.1.9/ubuntu-package-check.log
-- Up-to-date: <workspace>/releases/V0.2.0/./docs/evidence/V0.1.9/ubuntu-python-unit.log
-- Up-to-date: <workspace>/releases/V0.2.0/./docs/evidence/V0.1.9/ubuntu-examples.json
-- Up-to-date: <workspace>/releases/V0.2.0/./docs/evidence/V0.1.9/ubuntu-build.log
-- Up-to-date: <workspace>/releases/V0.2.0/./docs/evidence/V0.1.9/ubuntu-deployment.log
-- Up-to-date: <workspace>/releases/V0.2.0/./docs/evidence/V0.1.9/windows-package-check.log
-- Up-to-date: <workspace>/releases/V0.2.0/./docs/evidence/V0.1.9/windows-deployment.json
-- Up-to-date: <workspace>/releases/V0.2.0/./docs/evidence/V0.1.9/windows-python-client.json
-- Up-to-date: <workspace>/releases/V0.2.0/./docs/evidence/V0.1.9/windows-python-example.log
-- Up-to-date: <workspace>/releases/V0.2.0/./docs/evidence/V0.1.9/windows-python-unit.log
-- Up-to-date: <workspace>/releases/V0.2.0/./docs/evidence/V0.1.9/windows-native.log
-- Up-to-date: <workspace>/releases/V0.2.0/./docs/evidence/V0.1.9/ubuntu-python-client.json
-- Up-to-date: <workspace>/releases/V0.2.0/./docs/evidence/V0.1.9/ubuntu-deployment.json
-- Up-to-date: <workspace>/releases/V0.2.0/./docs/evidence/V0.1.9/ubuntu-native.log
-- Up-to-date: <workspace>/releases/V0.2.0/./docs/evidence/V0.1.4
-- Up-to-date: <workspace>/releases/V0.2.0/./docs/evidence/V0.1.4/reader-benchmark.json
-- Up-to-date: <workspace>/releases/V0.2.0/./docs/evidence/V0.1.4/streaming-prepare.json
-- Up-to-date: <workspace>/releases/V0.2.0/./docs/evidence/V0.1.4/native-tests.json
-- Up-to-date: <workspace>/releases/V0.2.0/./docs/evidence/V0.1.4/gui-tests.json
-- Up-to-date: <workspace>/releases/V0.2.0/./docs/evidence/V0.1.4/real-native-report.json
-- Up-to-date: <workspace>/releases/V0.2.0/./docs/evidence/V0.1.4/pro-tests.log
-- Up-to-date: <workspace>/releases/V0.2.0/./docs/evidence/V0.1.4/baseline-prepare.json
-- Up-to-date: <workspace>/releases/V0.2.0/./docs/evidence/V0.1.4/native-tests.log
-- Up-to-date: <workspace>/releases/V0.2.0/./docs/evidence/V0.1.4/core-tests.log
-- Up-to-date: <workspace>/releases/V0.2.0/./docs/evidence/V0.1.4/original-files-unchanged.json
-- Up-to-date: <workspace>/releases/V0.2.0/./docs/evidence/V0.1.4/real-native-v013-equivalence.json
-- Up-to-date: <workspace>/releases/V0.2.0/./docs/evidence/V0.1.4/benchmark_prepare.py
-- Up-to-date: <workspace>/releases/V0.2.0/./docs/evidence/V0.1.4/core-build.log
-- Up-to-date: <workspace>/releases/V0.2.0/./docs/evidence/V0.1.4/pro-tests.json
-- Up-to-date: <workspace>/releases/V0.2.0/./docs/evidence/V0.1.4/gui-release-success.txt
-- Up-to-date: <workspace>/releases/V0.2.0/./docs/evidence/V0.1.4/gui-release-success.png
-- Up-to-date: <workspace>/releases/V0.2.0/./docs/evidence/V0.1.4/gui-build.log
-- Up-to-date: <workspace>/releases/V0.2.0/./docs/evidence/V0.1.4/gui-release-report.json
-- Up-to-date: <workspace>/releases/V0.2.0/./docs/evidence/V0.1.4/release-files.json
-- Up-to-date: <workspace>/releases/V0.2.0/./docs/evidence/V0.1.14
-- Up-to-date: <workspace>/releases/V0.2.0/./docs/evidence/V0.1.14/ubuntu-build-final.log
-- Up-to-date: <workspace>/releases/V0.2.0/./docs/evidence/V0.1.14/ubuntu-python-client.log
-- Up-to-date: <workspace>/releases/V0.2.0/./docs/evidence/V0.1.14/windows-examples.json
-- Up-to-date: <workspace>/releases/V0.2.0/./docs/evidence/V0.1.14/windows-missing-sdk.log
-- Up-to-date: <workspace>/releases/V0.2.0/./docs/evidence/V0.1.14/windows-multiconfig.log
-- Up-to-date: <workspace>/releases/V0.2.0/./docs/evidence/V0.1.14/windows-gui.json
-- Up-to-date: <workspace>/releases/V0.2.0/./docs/evidence/V0.1.14/windows-build.log
-- Up-to-date: <workspace>/releases/V0.2.0/./docs/evidence/V0.1.14/ubuntu-ctest.log
-- Up-to-date: <workspace>/releases/V0.2.0/./docs/evidence/V0.1.14/windows-deployment.log
-- Up-to-date: <workspace>/releases/V0.2.0/./docs/evidence/V0.1.14/ubuntu-native.json
-- Up-to-date: <workspace>/releases/V0.2.0/./docs/evidence/V0.1.14/ubuntu-examples.log
-- Up-to-date: <workspace>/releases/V0.2.0/./docs/evidence/V0.1.14/windows-release-preset.log
-- Up-to-date: <workspace>/releases/V0.2.0/./docs/evidence/V0.1.14/ubuntu-python-unit.log
-- Up-to-date: <workspace>/releases/V0.2.0/./docs/evidence/V0.1.14/windows-package.log
-- Up-to-date: <workspace>/releases/V0.2.0/./docs/evidence/V0.1.14/windows-examples.log
-- Up-to-date: <workspace>/releases/V0.2.0/./docs/evidence/V0.1.14/ubuntu-examples.json
-- Up-to-date: <workspace>/releases/V0.2.0/./docs/evidence/V0.1.14/ubuntu-build.log
-- Up-to-date: <workspace>/releases/V0.2.0/./docs/evidence/V0.1.14/ubuntu-deployment.log
-- Up-to-date: <workspace>/releases/V0.2.0/./docs/evidence/V0.1.14/windows-python-client.log
-- Up-to-date: <workspace>/releases/V0.2.0/./docs/evidence/V0.1.14/windows-core.log
-- Up-to-date: <workspace>/releases/V0.2.0/./docs/evidence/V0.1.14/windows-deployment.json
-- Up-to-date: <workspace>/releases/V0.2.0/./docs/evidence/V0.1.14/ubuntu-package.log
-- Up-to-date: <workspace>/releases/V0.2.0/./docs/evidence/V0.1.14/windows-python-client.json
-- Up-to-date: <workspace>/releases/V0.2.0/./docs/evidence/V0.1.14/ubuntu-core-config.log
-- Up-to-date: <workspace>/releases/V0.2.0/./docs/evidence/V0.1.14/windows-python-unit.log
-- Up-to-date: <workspace>/releases/V0.2.0/./docs/evidence/V0.1.14/windows-ctest.log
-- Up-to-date: <workspace>/releases/V0.2.0/./docs/evidence/V0.1.14/windows-user-configure.log
-- Up-to-date: <workspace>/releases/V0.2.0/./docs/evidence/V0.1.14/windows-gui.log
-- Up-to-date: <workspace>/releases/V0.2.0/./docs/evidence/V0.1.14/windows-native.json
-- Up-to-date: <workspace>/releases/V0.2.0/./docs/evidence/V0.1.14/windows-native.log
-- Up-to-date: <workspace>/releases/V0.2.0/./docs/evidence/V0.1.14/ubuntu-python-client.json
-- Up-to-date: <workspace>/releases/V0.2.0/./docs/evidence/V0.1.14/ubuntu-deployment.json
-- Up-to-date: <workspace>/releases/V0.2.0/./docs/evidence/V0.1.14/ubuntu-native.log
-- Up-to-date: <workspace>/releases/V0.2.0/./docs/validation-v0.1.1.md
-- Up-to-date: <workspace>/releases/V0.2.0/./docs/validation-v0.1.9.md
-- Installing: <workspace>/releases/V0.2.0/./README.md
-- Up-to-date: <workspace>/releases/V0.2.0/./VERSION
-- Installing: <workspace>/releases/V0.2.0/./CHANGELOG.md
-- Installing: <workspace>/releases/V0.2.0/./THIRD_PARTY_NOTICES.md
-- Up-to-date: <workspace>/releases/V0.2.0/licenses/ufbx/LICENSE
-- Up-to-date: <workspace>/releases/V0.2.0/licenses/nlohmann/LICENSE.MIT
Verified ufbx 0.23.0
Verified nlohmann/json 3.12.0
Verified libjpeg-turbo (Windows decoder) 3.1.4.1
Verified libpng (Windows decoder) 1.6.58
Verified zlib (Windows decoder) 1.3.2
Verified FileGDB API 1.5.5.330 runtime and original license files
{"arcgis_pro_required":false,"backend":"native-filegdb","filegdb_api":"1.5.5","status":"available","version":"0.2.0"}
Installed native CLI: <workspace>/releases/V0.2.0/bin/geomodelbridge
Native writer: <workspace>/releases/V0.2.0/bin/native-filegdb/GeoModelBridge.NativeWriter
CLI help: geomodelbridge convert -h; sequential calling examples: docs/command-line.md
