Verified ufbx 0.23.0
Verified nlohmann/json 3.12.0
Verified libjpeg-turbo (Windows decoder) 3.1.4.1
Verified libpng (Windows decoder) 1.6.58
Verified zlib (Windows decoder) 1.3.2
Verified FileGDB API 1.5.5.330 runtime and original license files
Verified GeoModelBridge 0.2.0: 6 required declarations and runtime release references agree.
-- Native FileGDB runtime: bundled beside the built writer and installed to bin/native-filegdb (licenses in licenses/filegdb-api)
-- Configuring done (0.8s)
-- Generating done (0.1s)
-- Build files have been written to: <workspace>/build/v02-unified
[1/19] Copying official FileGDB runtime beside the native writer
[2/19] Building C object CMakeFiles\gmb_png_decoder.dir\third_party\libpng\pngrio.c.obj
[3/19] Building C object CMakeFiles\gmb_png_decoder.dir\third_party\libpng\pngmem.c.obj
[4/19] Building C object CMakeFiles\gmb_png_decoder.dir\third_party\libpng\pngget.c.obj
[5/19] Building C object CMakeFiles\gmb_png_decoder.dir\third_party\libpng\pngtrans.c.obj
[6/19] Building C object CMakeFiles\gmb_png_decoder.dir\third_party\libpng\pngerror.c.obj
[7/19] Building C object CMakeFiles\gmb_png_decoder.dir\third_party\libpng\pngpread.c.obj
[8/19] Building C object CMakeFiles\gmb_png_decoder.dir\third_party\libpng\pngset.c.obj
[9/19] Building C object CMakeFiles\gmb_png_decoder.dir\third_party\libpng\png.c.obj
[10/19] Building C object CMakeFiles\gmb_png_decoder.dir\third_party\libpng\pngrutil.c.obj
[11/19] Building C object CMakeFiles\gmb_png_decoder.dir\third_party\libpng\pngread.c.obj
[12/19] Building C object CMakeFiles\gmb_png_decoder.dir\third_party\libpng\pngrtran.c.obj
[13/19] Linking C static library gmb_png_decoder.lib
[14/19] Building CXX object CMakeFiles\GeoModelBridge.NativeWriter.dir\backends\native-filegdb\images_png.cpp.obj
[15/19] Building CXX object CMakeFiles\GeoModelBridge.NativeWriter.dir\backends\native-filegdb\images_jpeg.cpp.obj
[16/19] Building CXX object CMakeFiles\GeoModelBridge.NativeWriter.dir\backends\native-filegdb\images.cpp.obj
[17/19] Building CXX object CMakeFiles\GeoModelBridge.NativeWriter.dir\backends\native-filegdb\platform_windows.cpp.obj
[18/19] Building CXX object CMakeFiles\GeoModelBridge.NativeWriter.dir\backends\native-filegdb\main.cpp.obj
[19/19] Linking CXX executable bin\native-filegdb\GeoModelBridge.NativeWriter.exe
Test project <workspace>/build/v02-unified
      Start  1: core
 1/11 Test  #1: core .............................   Passed    0.10 sec
      Start  2: output_safety
 2/11 Test  #2: output_safety ....................   Passed    0.13 sec
      Start  3: cli
 3/11 Test  #3: cli ..............................   Passed    2.04 sec
      Start  4: reader_integration
 4/11 Test  #4: reader_integration ...............   Passed    0.57 sec
      Start  5: binary_fbx
 5/11 Test  #5: binary_fbx .......................   Passed    0.28 sec
      Start  6: profile_integration
 6/11 Test  #6: profile_integration ..............   Passed    2.66 sec
      Start  7: missing_textures
 7/11 Test  #7: missing_textures .................   Passed    0.77 sec
      Start  8: normal_repair
 8/11 Test  #8: normal_repair ....................   Passed    0.50 sec
      Start  9: python_client
 9/11 Test  #9: python_client ....................   Passed    2.53 sec
      Start 10: native_runtime
10/11 Test #10: native_runtime ...................   Passed    0.30 sec
      Start 11: native_build_layout
11/11 Test #11: native_build_layout ..............   Passed    0.55 sec

100% tests passed, 0 tests failed out of 11

Total Test time (real) =  10.43 sec
-- Install configuration: "Release"
-- Up-to-date: <workspace>\releases\V0.2.0/bin/geomodelbridge.exe
-- Up-to-date: <workspace>\releases\V0.2.0/bin/demo/textured_quad.fbx
-- Up-to-date: <workspace>\releases\V0.2.0/bin/demo/checker.png
-- Up-to-date: <workspace>\releases\V0.2.0/python/geomodelbridge
-- Up-to-date: <workspace>\releases\V0.2.0/python/geomodelbridge/client.py
-- Up-to-date: <workspace>\releases\V0.2.0/python/geomodelbridge/_version.py
-- Up-to-date: <workspace>\releases\V0.2.0/python/geomodelbridge/__init__.py
-- Up-to-date: <workspace>\releases\V0.2.0/python/examples/convert_fbx.py
-- Up-to-date: <workspace>\releases\V0.2.0/licenses/libpng/LICENSE
-- Up-to-date: <workspace>\releases\V0.2.0/licenses/zlib/LICENSE
-- Up-to-date: <workspace>\releases\V0.2.0/licenses/libjpeg-turbo/LICENSE.md
-- Up-to-date: <workspace>\releases\V0.2.0/licenses/libjpeg-turbo/README.ijg
-- Installing: <workspace>\releases\V0.2.0/bin/native-filegdb/GeoModelBridge.NativeWriter.exe
-- Up-to-date: <workspace>\releases\V0.2.0/bin/native-filegdb/FileGDBAPI.dll
-- Up-to-date: <workspace>\releases\V0.2.0/licenses/filegdb-api/Apache License.pdf
-- Up-to-date: <workspace>\releases\V0.2.0/licenses/filegdb-api/userestrictions.txt
-- Up-to-date: <workspace>\releases\V0.2.0/licenses/filegdb-api/README-windows_VS2022.txt
-- Up-to-date: <workspace>\releases\V0.2.0/licenses/filegdb-api/sdk-sources.json
-- Up-to-date: <workspace>\releases\V0.2.0/./docs
-- Up-to-date: <workspace>\releases\V0.2.0/./docs/acceptance.md
-- Up-to-date: <workspace>\releases\V0.2.0/./docs/architecture.md
-- Up-to-date: <workspace>\releases\V0.2.0/./docs/build-and-release.md
-- Up-to-date: <workspace>\releases\V0.2.0/./docs/bundle-format.md
-- Up-to-date: <workspace>\releases\V0.2.0/./docs/command-line.md
-- Up-to-date: <workspace>\releases\V0.2.0/./docs/compatibility.md
-- Up-to-date: <workspace>\releases\V0.2.0/./docs/evidence
-- Up-to-date: <workspace>\releases\V0.2.0/./docs/evidence/core-tests.log
-- Up-to-date: <workspace>\releases\V0.2.0/./docs/evidence/pro-integration.json
-- Up-to-date: <workspace>\releases\V0.2.0/./docs/evidence/README.md
-- Up-to-date: <workspace>\releases\V0.2.0/./docs/evidence/V0.1.1
-- Up-to-date: <workspace>\releases\V0.2.0/./docs/evidence/V0.1.1/build.log
-- Up-to-date: <workspace>\releases\V0.2.0/./docs/evidence/V0.1.1/core-tests.log
-- Up-to-date: <workspace>\releases\V0.2.0/./docs/evidence/V0.1.1/jpeg-direction
-- Up-to-date: <workspace>\releases\V0.2.0/./docs/evidence/V0.1.1/jpeg-direction/native-jpeg-plane.gdb
-- Up-to-date: <workspace>\releases\V0.2.0/./docs/evidence/V0.1.1/jpeg-direction/native-jpeg-plane.gdb/a00000001.gdbindexes
-- Up-to-date: <workspace>\releases\V0.2.0/./docs/evidence/V0.1.1/jpeg-direction/native-jpeg-plane.gdb/a00000001.gdbtable
-- Up-to-date: <workspace>\releases\V0.2.0/./docs/evidence/V0.1.1/jpeg-direction/native-jpeg-plane.gdb/a00000001.gdbtablx
-- Up-to-date: <workspace>\releases\V0.2.0/./docs/evidence/V0.1.1/jpeg-direction/native-jpeg-plane.gdb/a00000001.TablesByName.atx
-- Up-to-date: <workspace>\releases\V0.2.0/./docs/evidence/V0.1.1/jpeg-direction/native-jpeg-plane.gdb/a00000002.gdbtable
-- Up-to-date: <workspace>\releases\V0.2.0/./docs/evidence/V0.1.1/jpeg-direction/native-jpeg-plane.gdb/a00000002.gdbtablx
-- Up-to-date: <workspace>\releases\V0.2.0/./docs/evidence/V0.1.1/jpeg-direction/native-jpeg-plane.gdb/a00000003.gdbindexes
-- Up-to-date: <workspace>\releases\V0.2.0/./docs/evidence/V0.1.1/jpeg-direction/native-jpeg-plane.gdb/a00000003.gdbtable
-- Up-to-date: <workspace>\releases\V0.2.0/./docs/evidence/V0.1.1/jpeg-direction/native-jpeg-plane.gdb/a00000003.gdbtablx
-- Up-to-date: <workspace>\releases\V0.2.0/./docs/evidence/V0.1.1/jpeg-direction/native-jpeg-plane.gdb/a00000004.CatItemsByPhysicalName.atx
-- Up-to-date: <workspace>\releases\V0.2.0/./docs/evidence/V0.1.1/jpeg-direction/native-jpeg-plane.gdb/a00000004.CatItemsByType.atx
-- Up-to-date: <workspace>\releases\V0.2.0/./docs/evidence/V0.1.1/jpeg-direction/native-jpeg-plane.gdb/a00000004.FDO_UUID.atx
-- Up-to-date: <workspace>\releases\V0.2.0/./docs/evidence/V0.1.1/jpeg-direction/native-jpeg-plane.gdb/a00000004.gdbindexes
-- Up-to-date: <workspace>\releases\V0.2.0/./docs/evidence/V0.1.1/jpeg-direction/native-jpeg-plane.gdb/a00000004.gdbtable
-- Up-to-date: <workspace>\releases\V0.2.0/./docs/evidence/V0.1.1/jpeg-direction/native-jpeg-plane.gdb/a00000004.gdbtablx
-- Up-to-date: <workspace>\releases\V0.2.0/./docs/evidence/V0.1.1/jpeg-direction/native-jpeg-plane.gdb/a00000004.horizon
-- Up-to-date: <workspace>\releases\V0.2.0/./docs/evidence/V0.1.1/jpeg-direction/native-jpeg-plane.gdb/a00000005.CatItemTypesByName.atx
-- Up-to-date: <workspace>\releases\V0.2.0/./docs/evidence/V0.1.1/jpeg-direction/native-jpeg-plane.gdb/a00000005.CatItemTypesByParentTypeID.atx
-- Up-to-date: <workspace>\releases\V0.2.0/./docs/evidence/V0.1.1/jpeg-direction/native-jpeg-plane.gdb/a00000005.CatItemTypesByUUID.atx
-- Up-to-date: <workspace>\releases\V0.2.0/./docs/evidence/V0.1.1/jpeg-direction/native-jpeg-plane.gdb/a00000005.gdbindexes
-- Up-to-date: <workspace>\releases\V0.2.0/./docs/evidence/V0.1.1/jpeg-direction/native-jpeg-plane.gdb/a00000005.gdbtable
-- Up-to-date: <workspace>\releases\V0.2.0/./docs/evidence/V0.1.1/jpeg-direction/native-jpeg-plane.gdb/a00000005.gdbtablx
-- Up-to-date: <workspace>\releases\V0.2.0/./docs/evidence/V0.1.1/jpeg-direction/native-jpeg-plane.gdb/a00000006.CatRelsByDestinationID.atx
-- Up-to-date: <workspace>\releases\V0.2.0/./docs/evidence/V0.1.1/jpeg-direction/native-jpeg-plane.gdb/a00000006.CatRelsByOriginID.atx
-- Up-to-date: <workspace>\releases\V0.2.0/./docs/evidence/V0.1.1/jpeg-direction/native-jpeg-plane.gdb/a00000006.CatRelsByType.atx
-- Up-to-date: <workspace>\releases\V0.2.0/./docs/evidence/V0.1.1/jpeg-direction/native-jpeg-plane.gdb/a00000006.FDO_UUID.atx
-- Up-to-date: <workspace>\releases\V0.2.0/./docs/evidence/V0.1.1/jpeg-direction/native-jpeg-plane.gdb/a00000006.gdbindexes
-- Up-to-date: <workspace>\releases\V0.2.0/./docs/evidence/V0.1.1/jpeg-direction/native-jpeg-plane.gdb/a00000006.gdbtable
-- Up-to-date: <workspace>\releases\V0.2.0/./docs/evidence/V0.1.1/jpeg-direction/native-jpeg-plane.gdb/a00000006.gdbtablx
-- Up-to-date: <workspace>\releases\V0.2.0/./docs/evidence/V0.1.1/jpeg-direction/native-jpeg-plane.gdb/a00000007.CatRelTypesByBackwardLabel.atx
-- Up-to-date: <workspace>\releases\V0.2.0/./docs/evidence/V0.1.1/jpeg-direction/native-jpeg-plane.gdb/a00000007.CatRelTypesByDestItemTypeID.atx
-- Up-to-date: <workspace>\releases\V0.2.0/./docs/evidence/V0.1.1/jpeg-direction/native-jpeg-plane.gdb/a00000007.CatRelTypesByForwardLabel.atx
-- Up-to-date: <workspace>\releases\V0.2.0/./docs/evidence/V0.1.1/jpeg-direction/native-jpeg-plane.gdb/a00000007.CatRelTypesByName.atx
-- Up-to-date: <workspace>\releases\V0.2.0/./docs/evidence/V0.1.1/jpeg-direction/native-jpeg-plane.gdb/a00000007.CatRelTypesByOriginItemTypeID.atx
-- Up-to-date: <workspace>\releases\V0.2.0/./docs/evidence/V0.1.1/jpeg-direction/native-jpeg-plane.gdb/a00000007.CatRelTypesByUUID.atx
-- Up-to-date: <workspace>\releases\V0.2.0/./docs/evidence/V0.1.1/jpeg-direction/native-jpeg-plane.gdb/a00000007.gdbindexes
-- Up-to-date: <workspace>\releases\V0.2.0/./docs/evidence/V0.1.1/jpeg-direction/native-jpeg-plane.gdb/a00000007.gdbtable
-- Up-to-date: <workspace>\releases\V0.2.0/./docs/evidence/V0.1.1/jpeg-direction/native-jpeg-plane.gdb/a00000007.gdbtablx
-- Up-to-date: <workspace>\releases\V0.2.0/./docs/evidence/V0.1.1/jpeg-direction/native-jpeg-plane.gdb/a00000009.gdbindexes
-- Up-to-date: <workspace>\releases\V0.2.0/./docs/evidence/V0.1.1/jpeg-direction/native-jpeg-plane.gdb/a00000009.gdbtable
-- Up-to-date: <workspace>\releases\V0.2.0/./docs/evidence/V0.1.1/jpeg-direction/native-jpeg-plane.gdb/a00000009.gdbtablx
-- Up-to-date: <workspace>\releases\V0.2.0/./docs/evidence/V0.1.1/jpeg-direction/native-jpeg-plane.gdb/a00000009.horizon
-- Up-to-date: <workspace>\releases\V0.2.0/./docs/evidence/V0.1.1/jpeg-direction/native-jpeg-plane.gdb/gdb
-- Up-to-date: <workspace>\releases\V0.2.0/./docs/evidence/V0.1.1/jpeg-direction/native-jpeg-plane.gdb/timestamps
-- Up-to-date: <workspace>\releases\V0.2.0/./docs/evidence/V0.1.1/jpeg-direction/native-writer-report.json
-- Up-to-date: <workspace>\releases\V0.2.0/./docs/evidence/V0.1.1/jpeg-direction/native-writer.log
-- Up-to-date: <workspace>\releases\V0.2.0/./docs/evidence/V0.1.1/jpeg-direction/pro-jpeg-plane.gdb
-- Up-to-date: <workspace>\releases\V0.2.0/./docs/evidence/V0.1.1/jpeg-direction/pro-jpeg-plane.gdb/a00000001.gdbindexes
-- Up-to-date: <workspace>\releases\V0.2.0/./docs/evidence/V0.1.1/jpeg-direction/pro-jpeg-plane.gdb/a00000001.gdbtable
-- Up-to-date: <workspace>\releases\V0.2.0/./docs/evidence/V0.1.1/jpeg-direction/pro-jpeg-plane.gdb/a00000001.gdbtablx
-- Up-to-date: <workspace>\releases\V0.2.0/./docs/evidence/V0.1.1/jpeg-direction/pro-jpeg-plane.gdb/a00000001.TablesByName.atx
-- Up-to-date: <workspace>\releases\V0.2.0/./docs/evidence/V0.1.1/jpeg-direction/pro-jpeg-plane.gdb/a00000002.gdbtable
-- Up-to-date: <workspace>\releases\V0.2.0/./docs/evidence/V0.1.1/jpeg-direction/pro-jpeg-plane.gdb/a00000002.gdbtablx
-- Up-to-date: <workspace>\releases\V0.2.0/./docs/evidence/V0.1.1/jpeg-direction/pro-jpeg-plane.gdb/a00000003.gdbindexes
-- Up-to-date: <workspace>\releases\V0.2.0/./docs/evidence/V0.1.1/jpeg-direction/pro-jpeg-plane.gdb/a00000003.gdbtable
-- Up-to-date: <workspace>\releases\V0.2.0/./docs/evidence/V0.1.1/jpeg-direction/pro-jpeg-plane.gdb/a00000003.gdbtablx
-- Up-to-date: <workspace>\releases\V0.2.0/./docs/evidence/V0.1.1/jpeg-direction/pro-jpeg-plane.gdb/a00000004.CatItemsByPhysicalName.atx
-- Up-to-date: <workspace>\releases\V0.2.0/./docs/evidence/V0.1.1/jpeg-direction/pro-jpeg-plane.gdb/a00000004.CatItemsByType.atx
-- Up-to-date: <workspace>\releases\V0.2.0/./docs/evidence/V0.1.1/jpeg-direction/pro-jpeg-plane.gdb/a00000004.FDO_UUID.atx
-- Up-to-date: <workspace>\releases\V0.2.0/./docs/evidence/V0.1.1/jpeg-direction/pro-jpeg-plane.gdb/a00000004.freelist
-- Up-to-date: <workspace>\releases\V0.2.0/./docs/evidence/V0.1.1/jpeg-direction/pro-jpeg-plane.gdb/a00000004.gdbindexes
-- Up-to-date: <workspace>\releases\V0.2.0/./docs/evidence/V0.1.1/jpeg-direction/pro-jpeg-plane.gdb/a00000004.gdbtable
-- Up-to-date: <workspace>\releases\V0.2.0/./docs/evidence/V0.1.1/jpeg-direction/pro-jpeg-plane.gdb/a00000004.gdbtablx
-- Up-to-date: <workspace>\releases\V0.2.0/./docs/evidence/V0.1.1/jpeg-direction/pro-jpeg-plane.gdb/a00000004.horizon
-- Up-to-date: <workspace>\releases\V0.2.0/./docs/evidence/V0.1.1/jpeg-direction/pro-jpeg-plane.gdb/a00000004.spx
-- Up-to-date: <workspace>\releases\V0.2.0/./docs/evidence/V0.1.1/jpeg-direction/pro-jpeg-plane.gdb/a00000005.CatItemTypesByName.atx
-- Up-to-date: <workspace>\releases\V0.2.0/./docs/evidence/V0.1.1/jpeg-direction/pro-jpeg-plane.gdb/a00000005.CatItemTypesByParentTypeID.atx
-- Up-to-date: <workspace>\releases\V0.2.0/./docs/evidence/V0.1.1/jpeg-direction/pro-jpeg-plane.gdb/a00000005.CatItemTypesByUUID.atx
-- Up-to-date: <workspace>\releases\V0.2.0/./docs/evidence/V0.1.1/jpeg-direction/pro-jpeg-plane.gdb/a00000005.gdbindexes
-- Up-to-date: <workspace>\releases\V0.2.0/./docs/evidence/V0.1.1/jpeg-direction/pro-jpeg-plane.gdb/a00000005.gdbtable
-- Up-to-date: <workspace>\releases\V0.2.0/./docs/evidence/V0.1.1/jpeg-direction/pro-jpeg-plane.gdb/a00000005.gdbtablx
-- Up-to-date: <workspace>\releases\V0.2.0/./docs/evidence/V0.1.1/jpeg-direction/pro-jpeg-plane.gdb/a00000006.CatRelsByDestinationID.atx
-- Up-to-date: <workspace>\releases\V0.2.0/./docs/evidence/V0.1.1/jpeg-direction/pro-jpeg-plane.gdb/a00000006.CatRelsByOriginID.atx
-- Up-to-date: <workspace>\releases\V0.2.0/./docs/evidence/V0.1.1/jpeg-direction/pro-jpeg-plane.gdb/a00000006.CatRelsByType.atx
-- Up-to-date: <workspace>\releases\V0.2.0/./docs/evidence/V0.1.1/jpeg-direction/pro-jpeg-plane.gdb/a00000006.FDO_UUID.atx
-- Up-to-date: <workspace>\releases\V0.2.0/./docs/evidence/V0.1.1/jpeg-direction/pro-jpeg-plane.gdb/a00000006.gdbindexes
-- Up-to-date: <workspace>\releases\V0.2.0/./docs/evidence/V0.1.1/jpeg-direction/pro-jpeg-plane.gdb/a00000006.gdbtable
-- Up-to-date: <workspace>\releases\V0.2.0/./docs/evidence/V0.1.1/jpeg-direction/pro-jpeg-plane.gdb/a00000006.gdbtablx
-- Up-to-date: <workspace>\releases\V0.2.0/./docs/evidence/V0.1.1/jpeg-direction/pro-jpeg-plane.gdb/a00000007.CatRelTypesByBackwardLabel.atx
-- Up-to-date: <workspace>\releases\V0.2.0/./docs/evidence/V0.1.1/jpeg-direction/pro-jpeg-plane.gdb/a00000007.CatRelTypesByDestItemTypeID.atx
-- Up-to-date: <workspace>\releases\V0.2.0/./docs/evidence/V0.1.1/jpeg-direction/pro-jpeg-plane.gdb/a00000007.CatRelTypesByForwardLabel.atx
-- Up-to-date: <workspace>\releases\V0.2.0/./docs/evidence/V0.1.1/jpeg-direction/pro-jpeg-plane.gdb/a00000007.CatRelTypesByName.atx
-- Up-to-date: <workspace>\releases\V0.2.0/./docs/evidence/V0.1.1/jpeg-direction/pro-jpeg-plane.gdb/a00000007.CatRelTypesByOriginItemTypeID.atx
-- Up-to-date: <workspace>\releases\V0.2.0/./docs/evidence/V0.1.1/jpeg-direction/pro-jpeg-plane.gdb/a00000007.CatRelTypesByUUID.atx
-- Up-to-date: <workspace>\releases\V0.2.0/./docs/evidence/V0.1.1/jpeg-direction/pro-jpeg-plane.gdb/a00000007.gdbindexes
-- Up-to-date: <workspace>\releases\V0.2.0/./docs/evidence/V0.1.1/jpeg-direction/pro-jpeg-plane.gdb/a00000007.gdbtable
-- Up-to-date: <workspace>\releases\V0.2.0/./docs/evidence/V0.1.1/jpeg-direction/pro-jpeg-plane.gdb/a00000007.gdbtablx
-- Up-to-date: <workspace>\releases\V0.2.0/./docs/evidence/V0.1.1/jpeg-direction/pro-jpeg-plane.gdb/a00000009.EditingTemplatesByDatasetGUID.atx
-- Up-to-date: <workspace>\releases\V0.2.0/./docs/evidence/V0.1.1/jpeg-direction/pro-jpeg-plane.gdb/a00000009.EditingTemplatesByName.atx
-- Up-to-date: <workspace>\releases\V0.2.0/./docs/evidence/V0.1.1/jpeg-direction/pro-jpeg-plane.gdb/a00000009.EditingTemplatesByType.atx
-- Up-to-date: <workspace>\releases\V0.2.0/./docs/evidence/V0.1.1/jpeg-direction/pro-jpeg-plane.gdb/a00000009.FDO_GlobalID.atx
-- Up-to-date: <workspace>\releases\V0.2.0/./docs/evidence/V0.1.1/jpeg-direction/pro-jpeg-plane.gdb/a00000009.gdbindexes
-- Up-to-date: <workspace>\releases\V0.2.0/./docs/evidence/V0.1.1/jpeg-direction/pro-jpeg-plane.gdb/a00000009.gdbtable
-- Up-to-date: <workspace>\releases\V0.2.0/./docs/evidence/V0.1.1/jpeg-direction/pro-jpeg-plane.gdb/a00000009.gdbtablx
-- Up-to-date: <workspace>\releases\V0.2.0/./docs/evidence/V0.1.1/jpeg-direction/pro-jpeg-plane.gdb/a0000000a.EditingTemplateRelsByDestinationID.atx
-- Up-to-date: <workspace>\releases\V0.2.0/./docs/evidence/V0.1.1/jpeg-direction/pro-jpeg-plane.gdb/a0000000a.EditingTemplateRelsByOriginID.atx
-- Up-to-date: <workspace>\releases\V0.2.0/./docs/evidence/V0.1.1/jpeg-direction/pro-jpeg-plane.gdb/a0000000a.EditingTemplateRelsByType.atx
-- Up-to-date: <workspace>\releases\V0.2.0/./docs/evidence/V0.1.1/jpeg-direction/pro-jpeg-plane.gdb/a0000000a.gdbindexes
-- Up-to-date: <workspace>\releases\V0.2.0/./docs/evidence/V0.1.1/jpeg-direction/pro-jpeg-plane.gdb/a0000000a.gdbtable
-- Up-to-date: <workspace>\releases\V0.2.0/./docs/evidence/V0.1.1/jpeg-direction/pro-jpeg-plane.gdb/a0000000a.gdbtablx
-- Up-to-date: <workspace>\releases\V0.2.0/./docs/evidence/V0.1.1/jpeg-direction/pro-jpeg-plane.gdb/a0000000b.gdbindexes
-- Up-to-date: <workspace>\releases\V0.2.0/./docs/evidence/V0.1.1/jpeg-direction/pro-jpeg-plane.gdb/a0000000b.gdbtable
-- Up-to-date: <workspace>\releases\V0.2.0/./docs/evidence/V0.1.1/jpeg-direction/pro-jpeg-plane.gdb/a0000000b.gdbtablx
-- Up-to-date: <workspace>\releases\V0.2.0/./docs/evidence/V0.1.1/jpeg-direction/pro-jpeg-plane.gdb/a0000000b.horizon
-- Up-to-date: <workspace>\releases\V0.2.0/./docs/evidence/V0.1.1/jpeg-direction/pro-jpeg-plane.gdb/a0000000b.spx
-- Up-to-date: <workspace>\releases\V0.2.0/./docs/evidence/V0.1.1/jpeg-direction/pro-jpeg-plane.gdb/gdb
-- Up-to-date: <workspace>\releases\V0.2.0/./docs/evidence/V0.1.1/jpeg-direction/pro-jpeg-plane.gdb/timestamps
-- Up-to-date: <workspace>\releases\V0.2.0/./docs/evidence/V0.1.1/jpeg-direction/pro-writer-report.json
-- Up-to-date: <workspace>\releases\V0.2.0/./docs/evidence/V0.1.1/jpeg-direction/pro-writer.log
-- Up-to-date: <workspace>\releases\V0.2.0/./docs/evidence/V0.1.1/jpeg-direction/source-bundle
-- Up-to-date: <workspace>\releases\V0.2.0/./docs/evidence/V0.1.1/jpeg-direction/source-bundle/scene.json
-- Up-to-date: <workspace>\releases\V0.2.0/./docs/evidence/V0.1.1/jpeg-direction/source-bundle/textures
-- Up-to-date: <workspace>\releases\V0.2.0/./docs/evidence/V0.1.1/jpeg-direction/source-bundle/textures/aefee6ad6a7c5cc986190df94b1da12a7487604a4cec3a8a7efb7002bc2fa686.jpg
-- Up-to-date: <workspace>\releases\V0.2.0/./docs/evidence/V0.1.1/jpeg-direction/source-direction.jpg
-- Up-to-date: <workspace>\releases\V0.2.0/./docs/evidence/V0.1.1/jpeg-direction/source-direction.png
-- Up-to-date: <workspace>\releases\V0.2.0/./docs/evidence/V0.1.1/jpeg-direction/source-preparation.json
-- Up-to-date: <workspace>\releases\V0.2.0/./docs/evidence/V0.1.1/legacy-writer-rejection.json
-- Up-to-date: <workspace>\releases\V0.2.0/./docs/evidence/V0.1.1/native-independent-pro
-- Up-to-date: <workspace>\releases\V0.2.0/./docs/evidence/V0.1.1/native-independent-pro/alpha-plane.json
-- Up-to-date: <workspace>\releases\V0.2.0/./docs/evidence/V0.1.1/native-independent-pro/binary_blender.json
-- Up-to-date: <workspace>\releases\V0.2.0/./docs/evidence/V0.1.1/native-independent-pro/color-cube.json
-- Up-to-date: <workspace>\releases\V0.2.0/./docs/evidence/V0.1.1/native-independent-pro/colored_quad.json
-- Up-to-date: <workspace>\releases\V0.2.0/./docs/evidence/V0.1.1/native-independent-pro/embedded_quad.json
-- Up-to-date: <workspace>\releases\V0.2.0/./docs/evidence/V0.1.1/native-independent-pro/instanced_mirror.json
-- Up-to-date: <workspace>\releases\V0.2.0/./docs/evidence/V0.1.1/native-independent-pro/mixed-materials.json
-- Up-to-date: <workspace>\releases\V0.2.0/./docs/evidence/V0.1.1/native-independent-pro/multi_material.json
-- Up-to-date: <workspace>\releases\V0.2.0/./docs/evidence/V0.1.1/native-independent-pro/no_material.json
-- Up-to-date: <workspace>\releases\V0.2.0/./docs/evidence/V0.1.1/native-independent-pro/seam-cube.json
-- Up-to-date: <workspace>\releases\V0.2.0/./docs/evidence/V0.1.1/native-independent-pro/sloped_normals.json
-- Up-to-date: <workspace>\releases\V0.2.0/./docs/evidence/V0.1.1/native-independent-pro/summary.json
-- Up-to-date: <workspace>\releases\V0.2.0/./docs/evidence/V0.1.1/native-independent-pro/textured_quad.json
-- Up-to-date: <workspace>\releases\V0.2.0/./docs/evidence/V0.1.1/native-independent-pro/uv-plane.json
-- Up-to-date: <workspace>\releases\V0.2.0/./docs/evidence/V0.1.1/native-independent-pro/uv_transform.json
-- Up-to-date: <workspace>\releases\V0.2.0/./docs/evidence/V0.1.1/native-integration.json
-- Up-to-date: <workspace>\releases\V0.2.0/./docs/evidence/V0.1.1/pro-integration.json
-- Up-to-date: <workspace>\releases\V0.2.0/./docs/evidence/V0.1.1/visual
-- Up-to-date: <workspace>\releases\V0.2.0/./docs/evidence/V0.1.1/visual/assessment.json
-- Up-to-date: <workspace>\releases\V0.2.0/./docs/evidence/V0.1.1/visual/index.html
-- Up-to-date: <workspace>\releases\V0.2.0/./docs/evidence/V0.1.1/visual/renders
-- Up-to-date: <workspace>\releases\V0.2.0/./docs/evidence/V0.1.1/visual/renders/alpha-plane-top.png
-- Up-to-date: <workspace>\releases\V0.2.0/./docs/evidence/V0.1.1/visual/renders/color-cube-oblique.png
-- Up-to-date: <workspace>\releases\V0.2.0/./docs/evidence/V0.1.1/visual/renders/color-cube-opposite.png
-- Up-to-date: <workspace>\releases\V0.2.0/./docs/evidence/V0.1.1/visual/renders/color-cube-top.png
-- Up-to-date: <workspace>\releases\V0.2.0/./docs/evidence/V0.1.1/visual/renders/mixed-materials-oblique.png
-- Up-to-date: <workspace>\releases\V0.2.0/./docs/evidence/V0.1.1/visual/renders/mixed-materials-top.png
-- Up-to-date: <workspace>\releases\V0.2.0/./docs/evidence/V0.1.1/visual/renders/native-jpeg-plane-top.png
-- Up-to-date: <workspace>\releases\V0.2.0/./docs/evidence/V0.1.1/visual/renders/native-uv-plane-top.png
-- Up-to-date: <workspace>\releases\V0.2.0/./docs/evidence/V0.1.1/visual/renders/pro-jpeg-plane-top.png
-- Up-to-date: <workspace>\releases\V0.2.0/./docs/evidence/V0.1.1/visual/renders/seam-cube-oblique.png
-- Up-to-date: <workspace>\releases\V0.2.0/./docs/evidence/V0.1.1/visual/renders/seam-cube-opposite.png
-- Up-to-date: <workspace>\releases\V0.2.0/./docs/evidence/V0.1.1/visual/renders/seam-cube-top.png
-- Up-to-date: <workspace>\releases\V0.2.0/./docs/evidence/V0.1.1/visual/renders/standalone-copy-top.png
-- Up-to-date: <workspace>\releases\V0.2.0/./docs/evidence/V0.1.1/visual/renders/uv-plane-top.png
-- Up-to-date: <workspace>\releases\V0.2.0/./docs/evidence/V0.1.1/visual/sources
-- Up-to-date: <workspace>\releases\V0.2.0/./docs/evidence/V0.1.1/visual/sources/uv-direction.jpg
-- Up-to-date: <workspace>\releases\V0.2.0/./docs/evidence/V0.1.1/visual/sources/uv-direction.png
-- Up-to-date: <workspace>\releases\V0.2.0/./docs/evidence/V0.1.1/visual/visual-project.json
-- Up-to-date: <workspace>\releases\V0.2.0/./docs/evidence/V0.1.10
-- Up-to-date: <workspace>\releases\V0.2.0/./docs/evidence/V0.1.10/ubuntu-build.log
-- Up-to-date: <workspace>\releases\V0.2.0/./docs/evidence/V0.1.10/ubuntu-ctest-final.log
-- Up-to-date: <workspace>\releases\V0.2.0/./docs/evidence/V0.1.10/ubuntu-deployment.json
-- Up-to-date: <workspace>\releases\V0.2.0/./docs/evidence/V0.1.10/ubuntu-deployment.log
-- Up-to-date: <workspace>\releases\V0.2.0/./docs/evidence/V0.1.10/ubuntu-examples.json
-- Up-to-date: <workspace>\releases\V0.2.0/./docs/evidence/V0.1.10/ubuntu-examples.log
-- Up-to-date: <workspace>\releases\V0.2.0/./docs/evidence/V0.1.10/ubuntu-native.log
-- Up-to-date: <workspace>\releases\V0.2.0/./docs/evidence/V0.1.10/ubuntu-package-check.log
-- Up-to-date: <workspace>\releases\V0.2.0/./docs/evidence/V0.1.10/ubuntu-python-client.json
-- Up-to-date: <workspace>\releases\V0.2.0/./docs/evidence/V0.1.10/ubuntu-python-client.log
-- Up-to-date: <workspace>\releases\V0.2.0/./docs/evidence/V0.1.10/ubuntu-python-unit.log
-- Up-to-date: <workspace>\releases\V0.2.0/./docs/evidence/V0.1.10/windows-build.log
-- Up-to-date: <workspace>\releases\V0.2.0/./docs/evidence/V0.1.10/windows-ctest-final.log
-- Up-to-date: <workspace>\releases\V0.2.0/./docs/evidence/V0.1.10/windows-deployment.json
-- Up-to-date: <workspace>\releases\V0.2.0/./docs/evidence/V0.1.10/windows-examples.json
-- Up-to-date: <workspace>\releases\V0.2.0/./docs/evidence/V0.1.10/windows-gui-initial.json
-- Up-to-date: <workspace>\releases\V0.2.0/./docs/evidence/V0.1.10/windows-gui.json
-- Up-to-date: <workspace>\releases\V0.2.0/./docs/evidence/V0.1.10/windows-native.log
-- Up-to-date: <workspace>\releases\V0.2.0/./docs/evidence/V0.1.10/windows-package-check.log
-- Up-to-date: <workspace>\releases\V0.2.0/./docs/evidence/V0.1.10/windows-python-client.json
-- Up-to-date: <workspace>\releases\V0.2.0/./docs/evidence/V0.1.10/windows-python-unit.log
-- Up-to-date: <workspace>\releases\V0.2.0/./docs/evidence/V0.1.11
-- Up-to-date: <workspace>\releases\V0.2.0/./docs/evidence/V0.1.11/ubuntu-build-final.log
-- Up-to-date: <workspace>\releases\V0.2.0/./docs/evidence/V0.1.11/ubuntu-build-initial.log
-- Up-to-date: <workspace>\releases\V0.2.0/./docs/evidence/V0.1.11/ubuntu-ctest-final.log
-- Up-to-date: <workspace>\releases\V0.2.0/./docs/evidence/V0.1.11/ubuntu-deployment.json
-- Up-to-date: <workspace>\releases\V0.2.0/./docs/evidence/V0.1.11/ubuntu-deployment.log
-- Up-to-date: <workspace>\releases\V0.2.0/./docs/evidence/V0.1.11/ubuntu-examples.json
-- Up-to-date: <workspace>\releases\V0.2.0/./docs/evidence/V0.1.11/ubuntu-examples.log
-- Up-to-date: <workspace>\releases\V0.2.0/./docs/evidence/V0.1.11/ubuntu-native.json
-- Up-to-date: <workspace>\releases\V0.2.0/./docs/evidence/V0.1.11/ubuntu-native.log
-- Up-to-date: <workspace>\releases\V0.2.0/./docs/evidence/V0.1.11/ubuntu-output-safety.log
-- Up-to-date: <workspace>\releases\V0.2.0/./docs/evidence/V0.1.11/ubuntu-package-final.log
-- Up-to-date: <workspace>\releases\V0.2.0/./docs/evidence/V0.1.11/ubuntu-package.log
-- Up-to-date: <workspace>\releases\V0.2.0/./docs/evidence/V0.1.11/ubuntu-python-client.json
-- Up-to-date: <workspace>\releases\V0.2.0/./docs/evidence/V0.1.11/ubuntu-python-client.log
-- Up-to-date: <workspace>\releases\V0.2.0/./docs/evidence/V0.1.11/ubuntu-python-unit.log
-- Up-to-date: <workspace>\releases\V0.2.0/./docs/evidence/V0.1.11/windows-build-final.log
-- Up-to-date: <workspace>\releases\V0.2.0/./docs/evidence/V0.1.11/windows-build-initial.log
-- Up-to-date: <workspace>\releases\V0.2.0/./docs/evidence/V0.1.11/windows-ctest-final.log
-- Up-to-date: <workspace>\releases\V0.2.0/./docs/evidence/V0.1.11/windows-deployment.json
-- Up-to-date: <workspace>\releases\V0.2.0/./docs/evidence/V0.1.11/windows-deployment.log
-- Up-to-date: <workspace>\releases\V0.2.0/./docs/evidence/V0.1.11/windows-examples.json
-- Up-to-date: <workspace>\releases\V0.2.0/./docs/evidence/V0.1.11/windows-examples.log
-- Up-to-date: <workspace>\releases\V0.2.0/./docs/evidence/V0.1.11/windows-gui.json
-- Up-to-date: <workspace>\releases\V0.2.0/./docs/evidence/V0.1.11/windows-gui.log
-- Up-to-date: <workspace>\releases\V0.2.0/./docs/evidence/V0.1.11/windows-native.json
-- Up-to-date: <workspace>\releases\V0.2.0/./docs/evidence/V0.1.11/windows-native.log
-- Up-to-date: <workspace>\releases\V0.2.0/./docs/evidence/V0.1.11/windows-output-build.log
-- Up-to-date: <workspace>\releases\V0.2.0/./docs/evidence/V0.1.11/windows-output-safety.log
-- Up-to-date: <workspace>\releases\V0.2.0/./docs/evidence/V0.1.11/windows-package-final.log
-- Up-to-date: <workspace>\releases\V0.2.0/./docs/evidence/V0.1.11/windows-package.log
-- Up-to-date: <workspace>\releases\V0.2.0/./docs/evidence/V0.1.11/windows-python-client.json
-- Up-to-date: <workspace>\releases\V0.2.0/./docs/evidence/V0.1.11/windows-python-client.log
-- Up-to-date: <workspace>\releases\V0.2.0/./docs/evidence/V0.1.11/windows-python-unit.log
-- Up-to-date: <workspace>\releases\V0.2.0/./docs/evidence/V0.1.12
-- Up-to-date: <workspace>\releases\V0.2.0/./docs/evidence/V0.1.12/texture-path-before-after.json
-- Up-to-date: <workspace>\releases\V0.2.0/./docs/evidence/V0.1.12/ubuntu-build-final.log
-- Up-to-date: <workspace>\releases\V0.2.0/./docs/evidence/V0.1.12/ubuntu-ctest-final.log
-- Up-to-date: <workspace>\releases\V0.2.0/./docs/evidence/V0.1.12/ubuntu-deployment.json
-- Up-to-date: <workspace>\releases\V0.2.0/./docs/evidence/V0.1.12/ubuntu-deployment.log
-- Up-to-date: <workspace>\releases\V0.2.0/./docs/evidence/V0.1.12/ubuntu-examples.json
-- Up-to-date: <workspace>\releases\V0.2.0/./docs/evidence/V0.1.12/ubuntu-examples.log
-- Up-to-date: <workspace>\releases\V0.2.0/./docs/evidence/V0.1.12/ubuntu-missing-textures.log
-- Up-to-date: <workspace>\releases\V0.2.0/./docs/evidence/V0.1.12/ubuntu-native.json
-- Up-to-date: <workspace>\releases\V0.2.0/./docs/evidence/V0.1.12/ubuntu-native.log
-- Up-to-date: <workspace>\releases\V0.2.0/./docs/evidence/V0.1.12/ubuntu-package.log
-- Up-to-date: <workspace>\releases\V0.2.0/./docs/evidence/V0.1.12/ubuntu-python-client.json
-- Up-to-date: <workspace>\releases\V0.2.0/./docs/evidence/V0.1.12/ubuntu-python-client.log
-- Up-to-date: <workspace>\releases\V0.2.0/./docs/evidence/V0.1.12/ubuntu-python-unit.log
-- Up-to-date: <workspace>\releases\V0.2.0/./docs/evidence/V0.1.12/windows-build-final.log
-- Up-to-date: <workspace>\releases\V0.2.0/./docs/evidence/V0.1.12/windows-build-initial.log
-- Up-to-date: <workspace>\releases\V0.2.0/./docs/evidence/V0.1.12/windows-ctest-final.log
-- Up-to-date: <workspace>\releases\V0.2.0/./docs/evidence/V0.1.12/windows-deployment.json
-- Up-to-date: <workspace>\releases\V0.2.0/./docs/evidence/V0.1.12/windows-deployment.log
-- Up-to-date: <workspace>\releases\V0.2.0/./docs/evidence/V0.1.12/windows-examples.json
-- Up-to-date: <workspace>\releases\V0.2.0/./docs/evidence/V0.1.12/windows-examples.log
-- Up-to-date: <workspace>\releases\V0.2.0/./docs/evidence/V0.1.12/windows-gui.json
-- Up-to-date: <workspace>\releases\V0.2.0/./docs/evidence/V0.1.12/windows-gui.log
-- Up-to-date: <workspace>\releases\V0.2.0/./docs/evidence/V0.1.12/windows-missing-textures.log
-- Up-to-date: <workspace>\releases\V0.2.0/./docs/evidence/V0.1.12/windows-native.json
-- Up-to-date: <workspace>\releases\V0.2.0/./docs/evidence/V0.1.12/windows-native.log
-- Up-to-date: <workspace>\releases\V0.2.0/./docs/evidence/V0.1.12/windows-package.log
-- Up-to-date: <workspace>\releases\V0.2.0/./docs/evidence/V0.1.12/windows-python-client.json
-- Up-to-date: <workspace>\releases\V0.2.0/./docs/evidence/V0.1.12/windows-python-client.log
-- Up-to-date: <workspace>\releases\V0.2.0/./docs/evidence/V0.1.12/windows-python-unit.log
-- Up-to-date: <workspace>\releases\V0.2.0/./docs/evidence/V0.1.13
-- Up-to-date: <workspace>\releases\V0.2.0/./docs/evidence/V0.1.13/ubuntu-build-final.log
-- Up-to-date: <workspace>\releases\V0.2.0/./docs/evidence/V0.1.13/ubuntu-build.log
-- Up-to-date: <workspace>\releases\V0.2.0/./docs/evidence/V0.1.13/ubuntu-ctest-final.log
-- Up-to-date: <workspace>\releases\V0.2.0/./docs/evidence/V0.1.13/ubuntu-deployment.json
-- Up-to-date: <workspace>\releases\V0.2.0/./docs/evidence/V0.1.13/ubuntu-deployment.log
-- Up-to-date: <workspace>\releases\V0.2.0/./docs/evidence/V0.1.13/ubuntu-doc-bash.log
-- Up-to-date: <workspace>\releases\V0.2.0/./docs/evidence/V0.1.13/ubuntu-examples.json
-- Up-to-date: <workspace>\releases\V0.2.0/./docs/evidence/V0.1.13/ubuntu-examples.log
-- Up-to-date: <workspace>\releases\V0.2.0/./docs/evidence/V0.1.13/ubuntu-native.json
-- Up-to-date: <workspace>\releases\V0.2.0/./docs/evidence/V0.1.13/ubuntu-native.log
-- Up-to-date: <workspace>\releases\V0.2.0/./docs/evidence/V0.1.13/ubuntu-package.log
-- Up-to-date: <workspace>\releases\V0.2.0/./docs/evidence/V0.1.13/ubuntu-python-client.json
-- Up-to-date: <workspace>\releases\V0.2.0/./docs/evidence/V0.1.13/ubuntu-python-client.log
-- Up-to-date: <workspace>\releases\V0.2.0/./docs/evidence/V0.1.13/ubuntu-python-unit.log
-- Up-to-date: <workspace>\releases\V0.2.0/./docs/evidence/V0.1.13/ubuntu-runtime-recovery.log
-- Up-to-date: <workspace>\releases\V0.2.0/./docs/evidence/V0.1.13/ubuntu-writer-dependencies.log
-- Up-to-date: <workspace>\releases\V0.2.0/./docs/evidence/V0.1.13/windows-build-final.log
-- Up-to-date: <workspace>\releases\V0.2.0/./docs/evidence/V0.1.13/windows-build.log
-- Up-to-date: <workspace>\releases\V0.2.0/./docs/evidence/V0.1.13/windows-ctest-final.log
-- Up-to-date: <workspace>\releases\V0.2.0/./docs/evidence/V0.1.13/windows-default-build.log
-- Up-to-date: <workspace>\releases\V0.2.0/./docs/evidence/V0.1.13/windows-deployment.json
-- Up-to-date: <workspace>\releases\V0.2.0/./docs/evidence/V0.1.13/windows-deployment.log
-- Up-to-date: <workspace>\releases\V0.2.0/./docs/evidence/V0.1.13/windows-doc-cmd.log
-- Up-to-date: <workspace>\releases\V0.2.0/./docs/evidence/V0.1.13/windows-doc-powershell-final.log
-- Up-to-date: <workspace>\releases\V0.2.0/./docs/evidence/V0.1.13/windows-doc-powershell.log
-- Up-to-date: <workspace>\releases\V0.2.0/./docs/evidence/V0.1.13/windows-examples.json
-- Up-to-date: <workspace>\releases\V0.2.0/./docs/evidence/V0.1.13/windows-examples.log
-- Up-to-date: <workspace>\releases\V0.2.0/./docs/evidence/V0.1.13/windows-gui.json
-- Up-to-date: <workspace>\releases\V0.2.0/./docs/evidence/V0.1.13/windows-gui.log
-- Up-to-date: <workspace>\releases\V0.2.0/./docs/evidence/V0.1.13/windows-invalid-build.log
-- Up-to-date: <workspace>\releases\V0.2.0/./docs/evidence/V0.1.13/windows-native.json
-- Up-to-date: <workspace>\releases\V0.2.0/./docs/evidence/V0.1.13/windows-native.log
-- Up-to-date: <workspace>\releases\V0.2.0/./docs/evidence/V0.1.13/windows-package.log
-- Up-to-date: <workspace>\releases\V0.2.0/./docs/evidence/V0.1.13/windows-python-client.json
-- Up-to-date: <workspace>\releases\V0.2.0/./docs/evidence/V0.1.13/windows-python-client.log
-- Up-to-date: <workspace>\releases\V0.2.0/./docs/evidence/V0.1.13/windows-python-unit.log
-- Up-to-date: <workspace>\releases\V0.2.0/./docs/evidence/V0.1.13/windows-runtime-off.log
-- Up-to-date: <workspace>\releases\V0.2.0/./docs/evidence/V0.1.13/windows-runtime-recovery-target.log
-- Up-to-date: <workspace>\releases\V0.2.0/./docs/evidence/V0.1.13/windows-runtime-recovery.log
-- Up-to-date: <workspace>\releases\V0.2.0/./docs/evidence/V0.1.13/windows-writer-dependencies.log
-- Up-to-date: <workspace>\releases\V0.2.0/./docs/evidence/V0.1.14
-- Up-to-date: <workspace>\releases\V0.2.0/./docs/evidence/V0.1.14/ubuntu-build-final.log
-- Up-to-date: <workspace>\releases\V0.2.0/./docs/evidence/V0.1.14/ubuntu-build.log
-- Up-to-date: <workspace>\releases\V0.2.0/./docs/evidence/V0.1.14/ubuntu-core-config.log
-- Up-to-date: <workspace>\releases\V0.2.0/./docs/evidence/V0.1.14/ubuntu-ctest.log
-- Up-to-date: <workspace>\releases\V0.2.0/./docs/evidence/V0.1.14/ubuntu-deployment.json
-- Up-to-date: <workspace>\releases\V0.2.0/./docs/evidence/V0.1.14/ubuntu-deployment.log
-- Up-to-date: <workspace>\releases\V0.2.0/./docs/evidence/V0.1.14/ubuntu-examples.json
-- Up-to-date: <workspace>\releases\V0.2.0/./docs/evidence/V0.1.14/ubuntu-examples.log
-- Up-to-date: <workspace>\releases\V0.2.0/./docs/evidence/V0.1.14/ubuntu-native.json
-- Up-to-date: <workspace>\releases\V0.2.0/./docs/evidence/V0.1.14/ubuntu-native.log
-- Up-to-date: <workspace>\releases\V0.2.0/./docs/evidence/V0.1.14/ubuntu-package.log
-- Up-to-date: <workspace>\releases\V0.2.0/./docs/evidence/V0.1.14/ubuntu-python-client.json
-- Up-to-date: <workspace>\releases\V0.2.0/./docs/evidence/V0.1.14/ubuntu-python-client.log
-- Up-to-date: <workspace>\releases\V0.2.0/./docs/evidence/V0.1.14/ubuntu-python-unit.log
-- Up-to-date: <workspace>\releases\V0.2.0/./docs/evidence/V0.1.14/windows-build.log
-- Up-to-date: <workspace>\releases\V0.2.0/./docs/evidence/V0.1.14/windows-core.log
-- Up-to-date: <workspace>\releases\V0.2.0/./docs/evidence/V0.1.14/windows-ctest.log
-- Up-to-date: <workspace>\releases\V0.2.0/./docs/evidence/V0.1.14/windows-deployment.json
-- Up-to-date: <workspace>\releases\V0.2.0/./docs/evidence/V0.1.14/windows-deployment.log
-- Up-to-date: <workspace>\releases\V0.2.0/./docs/evidence/V0.1.14/windows-examples.json
-- Up-to-date: <workspace>\releases\V0.2.0/./docs/evidence/V0.1.14/windows-examples.log
-- Up-to-date: <workspace>\releases\V0.2.0/./docs/evidence/V0.1.14/windows-gui.json
-- Up-to-date: <workspace>\releases\V0.2.0/./docs/evidence/V0.1.14/windows-gui.log
-- Up-to-date: <workspace>\releases\V0.2.0/./docs/evidence/V0.1.14/windows-missing-sdk.log
-- Up-to-date: <workspace>\releases\V0.2.0/./docs/evidence/V0.1.14/windows-multiconfig.log
-- Up-to-date: <workspace>\releases\V0.2.0/./docs/evidence/V0.1.14/windows-native.json
-- Up-to-date: <workspace>\releases\V0.2.0/./docs/evidence/V0.1.14/windows-native.log
-- Up-to-date: <workspace>\releases\V0.2.0/./docs/evidence/V0.1.14/windows-package.log
-- Up-to-date: <workspace>\releases\V0.2.0/./docs/evidence/V0.1.14/windows-python-client.json
-- Up-to-date: <workspace>\releases\V0.2.0/./docs/evidence/V0.1.14/windows-python-client.log
-- Up-to-date: <workspace>\releases\V0.2.0/./docs/evidence/V0.1.14/windows-python-unit.log
-- Up-to-date: <workspace>\releases\V0.2.0/./docs/evidence/V0.1.14/windows-release-preset.log
-- Up-to-date: <workspace>\releases\V0.2.0/./docs/evidence/V0.1.14/windows-user-configure.log
-- Up-to-date: <workspace>\releases\V0.2.0/./docs/evidence/V0.1.2
-- Up-to-date: <workspace>\releases\V0.2.0/./docs/evidence/V0.1.2/build.log
-- Up-to-date: <workspace>\releases\V0.2.0/./docs/evidence/V0.1.2/core-tests.log
-- Up-to-date: <workspace>\releases\V0.2.0/./docs/evidence/V0.1.2/dotnet-runtime-licenses.json
-- Up-to-date: <workspace>\releases\V0.2.0/./docs/evidence/V0.1.2/gui-demo-reset.txt
-- Up-to-date: <workspace>\releases\V0.2.0/./docs/evidence/V0.1.2/gui-native-report.json
-- Up-to-date: <workspace>\releases\V0.2.0/./docs/evidence/V0.1.2/gui-native-success.png
-- Up-to-date: <workspace>\releases\V0.2.0/./docs/evidence/V0.1.2/gui-native-success.txt
-- Up-to-date: <workspace>\releases\V0.2.0/./docs/evidence/V0.1.2/gui-pro-probe.txt
-- Up-to-date: <workspace>\releases\V0.2.0/./docs/evidence/V0.1.2/gui-tests.json
-- Up-to-date: <workspace>\releases\V0.2.0/./docs/evidence/V0.1.2/gui-ui-checks.json
-- Up-to-date: <workspace>\releases\V0.2.0/./docs/evidence/V0.1.2/native-tests.json
-- Up-to-date: <workspace>\releases\V0.2.0/./docs/evidence/V0.1.2/pro-tests.json
-- Up-to-date: <workspace>\releases\V0.2.0/./docs/evidence/V0.1.3
-- Up-to-date: <workspace>\releases\V0.2.0/./docs/evidence/V0.1.3/baseline-v012.json
-- Up-to-date: <workspace>\releases\V0.2.0/./docs/evidence/V0.1.3/core-build.log
-- Up-to-date: <workspace>\releases\V0.2.0/./docs/evidence/V0.1.3/core-tests.log
-- Up-to-date: <workspace>\releases\V0.2.0/./docs/evidence/V0.1.3/dotnet-runtime-licenses.json
-- Up-to-date: <workspace>\releases\V0.2.0/./docs/evidence/V0.1.3/final-strict-inspection.json
-- Up-to-date: <workspace>\releases\V0.2.0/./docs/evidence/V0.1.3/gui-build-final.log
-- Up-to-date: <workspace>\releases\V0.2.0/./docs/evidence/V0.1.3/gui-native-report.json
-- Up-to-date: <workspace>\releases\V0.2.0/./docs/evidence/V0.1.3/gui-no-overwrite-hashes.json
-- Up-to-date: <workspace>\releases\V0.2.0/./docs/evidence/V0.1.3/gui-no-overwrite.png
-- Up-to-date: <workspace>\releases\V0.2.0/./docs/evidence/V0.1.3/gui-no-overwrite.txt
-- Up-to-date: <workspace>\releases\V0.2.0/./docs/evidence/V0.1.3/gui-raw-report.png
-- Up-to-date: <workspace>\releases\V0.2.0/./docs/evidence/V0.1.3/gui-readable-report.png
-- Up-to-date: <workspace>\releases\V0.2.0/./docs/evidence/V0.1.3/gui-readable-report.txt
-- Up-to-date: <workspace>\releases\V0.2.0/./docs/evidence/V0.1.3/gui-real-success.png
-- Up-to-date: <workspace>\releases\V0.2.0/./docs/evidence/V0.1.3/gui-real-success.txt
-- Up-to-date: <workspace>\releases\V0.2.0/./docs/evidence/V0.1.3/gui-result-independent-pro.json
-- Up-to-date: <workspace>\releases\V0.2.0/./docs/evidence/V0.1.3/gui-result-independent-pro.log
-- Up-to-date: <workspace>\releases\V0.2.0/./docs/evidence/V0.1.3/gui-retry-new-name.png
-- Up-to-date: <workspace>\releases\V0.2.0/./docs/evidence/V0.1.3/gui-strict-failure.png
-- Up-to-date: <workspace>\releases\V0.2.0/./docs/evidence/V0.1.3/gui-tests.json
-- Up-to-date: <workspace>\releases\V0.2.0/./docs/evidence/V0.1.3/independent-pro-tool
-- Up-to-date: <workspace>\releases\V0.2.0/./docs/evidence/V0.1.3/independent-pro-tool/README.md
-- Up-to-date: <workspace>\releases\V0.2.0/./docs/evidence/V0.1.3/input-inspection.json
-- Up-to-date: <workspace>\releases\V0.2.0/./docs/evidence/V0.1.3/jpeg-normalization-pixels.json
-- Up-to-date: <workspace>\releases\V0.2.0/./docs/evidence/V0.1.3/native-pro-coordinate-differences.json
-- Up-to-date: <workspace>\releases\V0.2.0/./docs/evidence/V0.1.3/native-read-by-pro-final.log
-- Up-to-date: <workspace>\releases\V0.2.0/./docs/evidence/V0.1.3/native-read-by-pro.json
-- Up-to-date: <workspace>\releases\V0.2.0/./docs/evidence/V0.1.3/native-tests-final.log
-- Up-to-date: <workspace>\releases\V0.2.0/./docs/evidence/V0.1.3/native-tests.json
-- Up-to-date: <workspace>\releases\V0.2.0/./docs/evidence/V0.1.3/original-files-unchanged.json
-- Up-to-date: <workspace>\releases\V0.2.0/./docs/evidence/V0.1.3/pro-tests-jpeg-final.log
-- Up-to-date: <workspace>\releases\V0.2.0/./docs/evidence/V0.1.3/pro-tests.json
-- Up-to-date: <workspace>\releases\V0.2.0/./docs/evidence/V0.1.3/profile-tests.txt
-- Up-to-date: <workspace>\releases\V0.2.0/./docs/evidence/V0.1.3/real-pro-report.json
-- Up-to-date: <workspace>\releases\V0.2.0/./docs/evidence/V0.1.3/release-files.json
-- Up-to-date: <workspace>\releases\V0.2.0/./docs/evidence/V0.1.4
-- Up-to-date: <workspace>\releases\V0.2.0/./docs/evidence/V0.1.4/baseline-prepare.json
-- Up-to-date: <workspace>\releases\V0.2.0/./docs/evidence/V0.1.4/benchmark_prepare.py
-- Up-to-date: <workspace>\releases\V0.2.0/./docs/evidence/V0.1.4/core-build.log
-- Up-to-date: <workspace>\releases\V0.2.0/./docs/evidence/V0.1.4/core-tests.log
-- Up-to-date: <workspace>\releases\V0.2.0/./docs/evidence/V0.1.4/gui-build.log
-- Up-to-date: <workspace>\releases\V0.2.0/./docs/evidence/V0.1.4/gui-release-report.json
-- Up-to-date: <workspace>\releases\V0.2.0/./docs/evidence/V0.1.4/gui-release-success.png
-- Up-to-date: <workspace>\releases\V0.2.0/./docs/evidence/V0.1.4/gui-release-success.txt
-- Up-to-date: <workspace>\releases\V0.2.0/./docs/evidence/V0.1.4/gui-tests.json
-- Up-to-date: <workspace>\releases\V0.2.0/./docs/evidence/V0.1.4/native-tests.json
-- Up-to-date: <workspace>\releases\V0.2.0/./docs/evidence/V0.1.4/native-tests.log
-- Up-to-date: <workspace>\releases\V0.2.0/./docs/evidence/V0.1.4/original-files-unchanged.json
-- Up-to-date: <workspace>\releases\V0.2.0/./docs/evidence/V0.1.4/pro-tests.json
-- Up-to-date: <workspace>\releases\V0.2.0/./docs/evidence/V0.1.4/pro-tests.log
-- Up-to-date: <workspace>\releases\V0.2.0/./docs/evidence/V0.1.4/reader-benchmark.json
-- Up-to-date: <workspace>\releases\V0.2.0/./docs/evidence/V0.1.4/real-native-report.json
-- Up-to-date: <workspace>\releases\V0.2.0/./docs/evidence/V0.1.4/real-native-v013-equivalence.json
-- Up-to-date: <workspace>\releases\V0.2.0/./docs/evidence/V0.1.4/release-files.json
-- Up-to-date: <workspace>\releases\V0.2.0/./docs/evidence/V0.1.4/streaming-prepare.json
-- Up-to-date: <workspace>\releases\V0.2.0/./docs/evidence/V0.1.5
-- Up-to-date: <workspace>\releases\V0.2.0/./docs/evidence/V0.1.5/build.log
-- Up-to-date: <workspace>\releases\V0.2.0/./docs/evidence/V0.1.5/examples.json
-- Up-to-date: <workspace>\releases\V0.2.0/./docs/evidence/V0.1.5/gui-tests.json
-- Up-to-date: <workspace>\releases\V0.2.0/./docs/evidence/V0.1.5/native-deployment.json
-- Up-to-date: <workspace>\releases\V0.2.0/./docs/evidence/V0.1.5/native-tests.json
-- Up-to-date: <workspace>\releases\V0.2.0/./docs/evidence/V0.1.5/release-checks.json
-- Up-to-date: <workspace>\releases\V0.2.0/./docs/evidence/V0.1.5/release-dependencies.json
-- Up-to-date: <workspace>\releases\V0.2.0/./docs/evidence/V0.1.6
-- Up-to-date: <workspace>\releases\V0.2.0/./docs/evidence/V0.1.6/cross_readback.py
-- Up-to-date: <workspace>\releases\V0.2.0/./docs/evidence/V0.1.6/independent-os-output-comparison.json
-- Up-to-date: <workspace>\releases\V0.2.0/./docs/evidence/V0.1.6/ubuntu-alpha-plane.json
-- Up-to-date: <workspace>\releases\V0.2.0/./docs/evidence/V0.1.6/ubuntu-archive-deployment.json
-- Up-to-date: <workspace>\releases\V0.2.0/./docs/evidence/V0.1.6/ubuntu-build.log
-- Up-to-date: <workspace>\releases\V0.2.0/./docs/evidence/V0.1.6/ubuntu-deployment.json
-- Up-to-date: <workspace>\releases\V0.2.0/./docs/evidence/V0.1.6/ubuntu-deployment.log
-- Up-to-date: <workspace>\releases\V0.2.0/./docs/evidence/V0.1.6/ubuntu-environment.log
-- Up-to-date: <workspace>\releases\V0.2.0/./docs/evidence/V0.1.6/ubuntu-examples.json
-- Up-to-date: <workspace>\releases\V0.2.0/./docs/evidence/V0.1.6/ubuntu-examples.log
-- Up-to-date: <workspace>\releases\V0.2.0/./docs/evidence/V0.1.6/ubuntu-native.json
-- Up-to-date: <workspace>\releases\V0.2.0/./docs/evidence/V0.1.6/ubuntu-native.log
-- Up-to-date: <workspace>\releases\V0.2.0/./docs/evidence/V0.1.6/ubuntu-package.log
-- Up-to-date: <workspace>\releases\V0.2.0/./docs/evidence/V0.1.6/ubuntu-sloped_normals.json
-- Up-to-date: <workspace>\releases\V0.2.0/./docs/evidence/V0.1.6/ubuntu-textured_quad.json
-- Up-to-date: <workspace>\releases\V0.2.0/./docs/evidence/V0.1.6/ubuntu-to-windows.json
-- Up-to-date: <workspace>\releases\V0.2.0/./docs/evidence/V0.1.6/windows-alpha-plane.json
-- Up-to-date: <workspace>\releases\V0.2.0/./docs/evidence/V0.1.6/windows-build.log
-- Up-to-date: <workspace>\releases\V0.2.0/./docs/evidence/V0.1.6/windows-deployment.json
-- Up-to-date: <workspace>\releases\V0.2.0/./docs/evidence/V0.1.6/windows-examples.json
-- Up-to-date: <workspace>\releases\V0.2.0/./docs/evidence/V0.1.6/windows-gui.json
-- Up-to-date: <workspace>\releases\V0.2.0/./docs/evidence/V0.1.6/windows-native.json
-- Up-to-date: <workspace>\releases\V0.2.0/./docs/evidence/V0.1.6/windows-native.log
-- Up-to-date: <workspace>\releases\V0.2.0/./docs/evidence/V0.1.6/windows-sloped_normals.json
-- Up-to-date: <workspace>\releases\V0.2.0/./docs/evidence/V0.1.6/windows-textured_quad.json
-- Up-to-date: <workspace>\releases\V0.2.0/./docs/evidence/V0.1.6/windows-to-ubuntu.json
-- Up-to-date: <workspace>\releases\V0.2.0/./docs/evidence/V0.1.6/windows-unified-build.log
-- Up-to-date: <workspace>\releases\V0.2.0/./docs/evidence/V0.1.7
-- Up-to-date: <workspace>\releases\V0.2.0/./docs/evidence/V0.1.7/real-model-assessment.json
-- Up-to-date: <workspace>\releases\V0.2.0/./docs/evidence/V0.1.7/ubuntu-build.log
-- Up-to-date: <workspace>\releases\V0.2.0/./docs/evidence/V0.1.7/ubuntu-deployment.json
-- Up-to-date: <workspace>\releases\V0.2.0/./docs/evidence/V0.1.7/ubuntu-deployment.log
-- Up-to-date: <workspace>\releases\V0.2.0/./docs/evidence/V0.1.7/ubuntu-examples.json
-- Up-to-date: <workspace>\releases\V0.2.0/./docs/evidence/V0.1.7/ubuntu-examples.log
-- Up-to-date: <workspace>\releases\V0.2.0/./docs/evidence/V0.1.7/ubuntu-missing-textures.log
-- Up-to-date: <workspace>\releases\V0.2.0/./docs/evidence/V0.1.7/ubuntu-native.log
-- Up-to-date: <workspace>\releases\V0.2.0/./docs/evidence/V0.1.7/ubuntu-package-check.log
-- Up-to-date: <workspace>\releases\V0.2.0/./docs/evidence/V0.1.7/windows-build.log
-- Up-to-date: <workspace>\releases\V0.2.0/./docs/evidence/V0.1.7/windows-deployment.json
-- Up-to-date: <workspace>\releases\V0.2.0/./docs/evidence/V0.1.7/windows-examples.json
-- Up-to-date: <workspace>\releases\V0.2.0/./docs/evidence/V0.1.7/windows-gui.json
-- Up-to-date: <workspace>\releases\V0.2.0/./docs/evidence/V0.1.7/windows-missing-textures.log
-- Up-to-date: <workspace>\releases\V0.2.0/./docs/evidence/V0.1.7/windows-native.log
-- Up-to-date: <workspace>\releases\V0.2.0/./docs/evidence/V0.1.7/windows-package-check.log
-- Up-to-date: <workspace>\releases\V0.2.0/./docs/evidence/V0.1.8
-- Up-to-date: <workspace>\releases\V0.2.0/./docs/evidence/V0.1.8/real-model-assessment.json
-- Up-to-date: <workspace>\releases\V0.2.0/./docs/evidence/V0.1.8/ubuntu-build.log
-- Up-to-date: <workspace>\releases\V0.2.0/./docs/evidence/V0.1.8/ubuntu-deployment.json
-- Up-to-date: <workspace>\releases\V0.2.0/./docs/evidence/V0.1.8/ubuntu-deployment.log
-- Up-to-date: <workspace>\releases\V0.2.0/./docs/evidence/V0.1.8/ubuntu-examples.json
-- Up-to-date: <workspace>\releases\V0.2.0/./docs/evidence/V0.1.8/ubuntu-examples.log
-- Up-to-date: <workspace>\releases\V0.2.0/./docs/evidence/V0.1.8/ubuntu-final-ctest.log
-- Up-to-date: <workspace>\releases\V0.2.0/./docs/evidence/V0.1.8/ubuntu-final-native-build.log
-- Up-to-date: <workspace>\releases\V0.2.0/./docs/evidence/V0.1.8/ubuntu-native.log
-- Up-to-date: <workspace>\releases\V0.2.0/./docs/evidence/V0.1.8/ubuntu-normal.log
-- Up-to-date: <workspace>\releases\V0.2.0/./docs/evidence/V0.1.8/ubuntu-package-check.log
-- Up-to-date: <workspace>\releases\V0.2.0/./docs/evidence/V0.1.8/windows-build.log
-- Up-to-date: <workspace>\releases\V0.2.0/./docs/evidence/V0.1.8/windows-deployment.json
-- Up-to-date: <workspace>\releases\V0.2.0/./docs/evidence/V0.1.8/windows-examples.json
-- Up-to-date: <workspace>\releases\V0.2.0/./docs/evidence/V0.1.8/windows-gui.json
-- Up-to-date: <workspace>\releases\V0.2.0/./docs/evidence/V0.1.8/windows-native.log
-- Up-to-date: <workspace>\releases\V0.2.0/./docs/evidence/V0.1.8/windows-normal.log
-- Up-to-date: <workspace>\releases\V0.2.0/./docs/evidence/V0.1.8/windows-package-check.log
-- Up-to-date: <workspace>\releases\V0.2.0/./docs/evidence/V0.1.9
-- Up-to-date: <workspace>\releases\V0.2.0/./docs/evidence/V0.1.9/ubuntu-build.log
-- Up-to-date: <workspace>\releases\V0.2.0/./docs/evidence/V0.1.9/ubuntu-deployment.json
-- Up-to-date: <workspace>\releases\V0.2.0/./docs/evidence/V0.1.9/ubuntu-deployment.log
-- Up-to-date: <workspace>\releases\V0.2.0/./docs/evidence/V0.1.9/ubuntu-examples.json
-- Up-to-date: <workspace>\releases\V0.2.0/./docs/evidence/V0.1.9/ubuntu-examples.log
-- Up-to-date: <workspace>\releases\V0.2.0/./docs/evidence/V0.1.9/ubuntu-native.log
-- Up-to-date: <workspace>\releases\V0.2.0/./docs/evidence/V0.1.9/ubuntu-package-check.log
-- Up-to-date: <workspace>\releases\V0.2.0/./docs/evidence/V0.1.9/ubuntu-python-client.json
-- Up-to-date: <workspace>\releases\V0.2.0/./docs/evidence/V0.1.9/ubuntu-python-client.log
-- Up-to-date: <workspace>\releases\V0.2.0/./docs/evidence/V0.1.9/ubuntu-python-unit.log
-- Up-to-date: <workspace>\releases\V0.2.0/./docs/evidence/V0.1.9/windows-build.log
-- Up-to-date: <workspace>\releases\V0.2.0/./docs/evidence/V0.1.9/windows-deployment.json
-- Up-to-date: <workspace>\releases\V0.2.0/./docs/evidence/V0.1.9/windows-examples.json
-- Up-to-date: <workspace>\releases\V0.2.0/./docs/evidence/V0.1.9/windows-gui.json
-- Up-to-date: <workspace>\releases\V0.2.0/./docs/evidence/V0.1.9/windows-native.log
-- Up-to-date: <workspace>\releases\V0.2.0/./docs/evidence/V0.1.9/windows-package-check.log
-- Up-to-date: <workspace>\releases\V0.2.0/./docs/evidence/V0.1.9/windows-python-client.json
-- Up-to-date: <workspace>\releases\V0.2.0/./docs/evidence/V0.1.9/windows-python-example.log
-- Up-to-date: <workspace>\releases\V0.2.0/./docs/evidence/V0.1.9/windows-python-unit.log
-- Up-to-date: <workspace>\releases\V0.2.0/./docs/filegdb-api.md
-- Up-to-date: <workspace>\releases\V0.2.0/./docs/gui.md
-- Up-to-date: <workspace>\releases\V0.2.0/./docs/python-client.md
-- Up-to-date: <workspace>\releases\V0.2.0/./docs/roadmap.md
-- Up-to-date: <workspace>\releases\V0.2.0/./docs/validation-results.md
-- Up-to-date: <workspace>\releases\V0.2.0/./docs/validation-v0.1.1.md
-- Up-to-date: <workspace>\releases\V0.2.0/./docs/validation-v0.1.10.md
-- Up-to-date: <workspace>\releases\V0.2.0/./docs/validation-v0.1.11.md
-- Up-to-date: <workspace>\releases\V0.2.0/./docs/validation-v0.1.12.md
-- Up-to-date: <workspace>\releases\V0.2.0/./docs/validation-v0.1.13.md
-- Up-to-date: <workspace>\releases\V0.2.0/./docs/validation-v0.1.14.md
-- Up-to-date: <workspace>\releases\V0.2.0/./docs/validation-v0.1.2.md
-- Up-to-date: <workspace>\releases\V0.2.0/./docs/validation-v0.1.3.md
-- Up-to-date: <workspace>\releases\V0.2.0/./docs/validation-v0.1.4.md
-- Up-to-date: <workspace>\releases\V0.2.0/./docs/validation-v0.1.5.md
-- Up-to-date: <workspace>\releases\V0.2.0/./docs/validation-v0.1.6.md
-- Up-to-date: <workspace>\releases\V0.2.0/./docs/validation-v0.1.7.md
-- Up-to-date: <workspace>\releases\V0.2.0/./docs/validation-v0.1.8.md
-- Up-to-date: <workspace>\releases\V0.2.0/./docs/validation-v0.1.9.md
-- Up-to-date: <workspace>\releases\V0.2.0/./docs/visual-acceptance-setup.md
-- Up-to-date: <workspace>\releases\V0.2.0/./README.md
-- Up-to-date: <workspace>\releases\V0.2.0/./VERSION
-- Up-to-date: <workspace>\releases\V0.2.0/./CHANGELOG.md
-- Up-to-date: <workspace>\releases\V0.2.0/./THIRD_PARTY_NOTICES.md
-- Up-to-date: <workspace>\releases\V0.2.0/licenses/ufbx/LICENSE
-- Up-to-date: <workspace>\releases\V0.2.0/licenses/nlohmann/LICENSE.MIT
{"arcgis_pro_required":false,"backend":"native-filegdb","filegdb_api":"1.5.5","status":"available","version":"0.2.0"}
  正在确定要还原的项目…
  所有项目均是最新的，无法还原。
  GeoModelBridge.Gui.Core -> <workspace>\apps\GeoModelBridge.Gui.Core\bin\Release\net8.0\GeoModelBridge.Gui.Core.dll
  GeoModelBridge.Gui -> <workspace>\apps\GeoModelBridge.Gui\bin\Release\net8.0-windows\win-x64\geomodelbridgeGUI.dll
  GeoModelBridge.Gui -> <workspace>\releases\V0.2.0\bin\
Installed 3 original .NET runtime notice files: <workspace>\releases\V0.2.0\licenses\dotnet
GUI: <workspace>\releases\V0.2.0\bin\geomodelbridgeGUI.exe
Verified ufbx 0.23.0
Verified nlohmann/json 3.12.0
Verified libjpeg-turbo (Windows decoder) 3.1.4.1
Verified libpng (Windows decoder) 1.6.58
Verified zlib (Windows decoder) 1.3.2
Verified FileGDB API 1.5.5.330 runtime and original license files
GeoModelBridge built and tested. CLI: <workspace>\releases\V0.2.0\bin\geomodelbridge.exe
Native writer: <workspace>\releases\V0.2.0\bin\native-filegdb\GeoModelBridge.NativeWriter.exe (runtime bundling: ON)
CLI help: geomodelbridge.exe convert -h; sequential calling examples: docs/command-line.md
