Verified GeoModelBridge 0.1.11: 7 required declarations and runtime release references agree.
Verified ufbx 0.23.0
Verified nlohmann/json 3.12.0
-- Configuring done (2.4s)
-- Generating done (0.1s)
-- Build files have been written to: <workspace>/build/linux-x64
[1/8] Building CXX object backends/native-filegdb/CMakeFiles/GeoModelBridge.NativeWriter.dir/images.cpp.o
[2/8] Building CXX object backends/native-filegdb/CMakeFiles/GeoModelBridge.NativeWriter.dir/__/__/src/core.cpp.o
[3/8] Building CXX object backends/native-filegdb/CMakeFiles/GeoModelBridge.NativeWriter.dir/platform_linux.cpp.o
[4/8] Building CXX object backends/native-filegdb/CMakeFiles/GeoModelBridge.NativeWriter.dir/images_linux.cpp.o
[5/8] Building CXX object backends/native-filegdb/CMakeFiles/GeoModelBridge.NativeWriter.dir/__/__/src/platform_files_linux.cpp.o
[6/8] Linking CXX executable backends/native-filegdb/GeoModelBridge.NativeWriter
[7/8] Building CXX object CMakeFiles/gmb_output_tests.dir/tests/output_tests.cpp.o
[8/8] Linking CXX executable gmb_output_tests
Internal ctest changing into directory: <workspace>/build/linux-x64
Test project <workspace>/build/linux-x64
    Start 1: core
1/9 Test #1: core .............................   Passed    0.33 sec
    Start 2: output_safety
2/9 Test #2: output_safety ....................   Passed    0.37 sec
    Start 3: cli
3/9 Test #3: cli ..............................   Passed    1.90 sec
    Start 4: reader_integration
4/9 Test #4: reader_integration ...............   Passed    1.53 sec
    Start 5: binary_fbx
5/9 Test #5: binary_fbx .......................   Passed    0.86 sec
    Start 6: profile_integration
6/9 Test #6: profile_integration ..............   Passed    3.94 sec
    Start 7: missing_textures
7/9 Test #7: missing_textures .................   Passed    1.26 sec
    Start 8: normal_repair
8/9 Test #8: normal_repair ....................   Passed    1.26 sec
    Start 9: python_client
9/9 Test #9: python_client ....................   Passed    5.10 sec

100% tests passed, 0 tests failed out of 9

Total Test time (real) =  16.71 sec
-- Install configuration: "Release"
-- Installing: <guest-home>/releases/V0.1.11/bin/geomodelbridge
-- Installing: <guest-home>/releases/V0.1.11/bin/demo/textured_quad.fbx
-- Installing: <guest-home>/releases/V0.1.11/bin/demo/checker.png
-- Installing: <guest-home>/releases/V0.1.11/python/geomodelbridge
-- Installing: <guest-home>/releases/V0.1.11/python/geomodelbridge/client.py
-- Installing: <guest-home>/releases/V0.1.11/python/geomodelbridge/__init__.py
-- Installing: <guest-home>/releases/V0.1.11/python/geomodelbridge/_version.py
-- Installing: <guest-home>/releases/V0.1.11/python/examples/convert_fbx.py
-- Installing: <guest-home>/releases/V0.1.11/bin/native-filegdb/GeoModelBridge.NativeWriter
-- Set non-toolchain portion of runtime path of "<guest-home>/releases/V0.1.11/bin/native-filegdb/GeoModelBridge.NativeWriter" to "$ORIGIN"
-- Installing: <guest-home>/releases/V0.1.11/bin/native-filegdb/libFileGDBAPI.so
-- Installing: <guest-home>/releases/V0.1.11/bin/native-filegdb/libfgdbunixrtl.so
-- Installing: <guest-home>/releases/V0.1.11/licenses/filegdb-api
-- Installing: <guest-home>/releases/V0.1.11/licenses/filegdb-api/Acknowledgements
-- Installing: <guest-home>/releases/V0.1.11/licenses/filegdb-api/userestrictions.txt
-- Installing: <guest-home>/releases/V0.1.11/licenses/filegdb-api/Apache License.pdf
-- Installing: <guest-home>/releases/V0.1.11/licenses/filegdb-api/AUTHORS
-- Installing: <guest-home>/releases/V0.1.11/licenses/filegdb-api/Acknowledgements-FGDBUnixRTL
-- Installing: <guest-home>/releases/V0.1.11/licenses/filegdb-api/README
-- Installing: <guest-home>/releases/V0.1.11/licenses/filegdb-api/sdk-sources-linux.json
-- Installing: <guest-home>/releases/V0.1.11/./docs
-- Installing: <guest-home>/releases/V0.1.11/./docs/gui.md
-- Installing: <guest-home>/releases/V0.1.11/./docs/validation-results.md
-- Installing: <guest-home>/releases/V0.1.11/./docs/validation-v0.1.8.md
-- Installing: <guest-home>/releases/V0.1.11/./docs/validation-v0.1.4.md
-- Installing: <guest-home>/releases/V0.1.11/./docs/validation-v0.1.6.md
-- Installing: <guest-home>/releases/V0.1.11/./docs/acceptance.md
-- Installing: <guest-home>/releases/V0.1.11/./docs/validation-v0.1.2.md
-- Installing: <guest-home>/releases/V0.1.11/./docs/visual-acceptance-setup.md
-- Installing: <guest-home>/releases/V0.1.11/./docs/architecture.md
-- Installing: <guest-home>/releases/V0.1.11/./docs/compatibility.md
-- Installing: <guest-home>/releases/V0.1.11/./docs/validation-v0.1.7.md
-- Installing: <guest-home>/releases/V0.1.11/./docs/bundle-format.md
-- Installing: <guest-home>/releases/V0.1.11/./docs/validation-v0.1.3.md
-- Installing: <guest-home>/releases/V0.1.11/./docs/build-and-release.md
-- Installing: <guest-home>/releases/V0.1.11/./docs/validation-v0.1.10.md
-- Installing: <guest-home>/releases/V0.1.11/./docs/roadmap.md
-- Installing: <guest-home>/releases/V0.1.11/./docs/validation-v0.1.5.md
-- Installing: <guest-home>/releases/V0.1.11/./docs/python-client.md
-- Installing: <guest-home>/releases/V0.1.11/./docs/evidence
-- Installing: <guest-home>/releases/V0.1.11/./docs/evidence/pro-integration.json
-- Installing: <guest-home>/releases/V0.1.11/./docs/evidence/V0.1.6
-- Installing: <guest-home>/releases/V0.1.11/./docs/evidence/V0.1.6/windows-examples.json
-- Installing: <guest-home>/releases/V0.1.11/./docs/evidence/V0.1.6/windows-gui.json
-- Installing: <guest-home>/releases/V0.1.11/./docs/evidence/V0.1.6/ubuntu-to-windows.json
-- Installing: <guest-home>/releases/V0.1.11/./docs/evidence/V0.1.6/windows-build.log
-- Installing: <guest-home>/releases/V0.1.11/./docs/evidence/V0.1.6/ubuntu-native.json
-- Installing: <guest-home>/releases/V0.1.11/./docs/evidence/V0.1.6/ubuntu-examples.log
-- Installing: <guest-home>/releases/V0.1.11/./docs/evidence/V0.1.6/windows-sloped_normals.json
-- Installing: <guest-home>/releases/V0.1.11/./docs/evidence/V0.1.6/windows-alpha-plane.json
-- Installing: <guest-home>/releases/V0.1.11/./docs/evidence/V0.1.6/ubuntu-examples.json
-- Installing: <guest-home>/releases/V0.1.11/./docs/evidence/V0.1.6/ubuntu-archive-deployment.json
-- Installing: <guest-home>/releases/V0.1.11/./docs/evidence/V0.1.6/ubuntu-build.log
-- Installing: <guest-home>/releases/V0.1.11/./docs/evidence/V0.1.6/ubuntu-environment.log
-- Installing: <guest-home>/releases/V0.1.11/./docs/evidence/V0.1.6/ubuntu-deployment.log
-- Installing: <guest-home>/releases/V0.1.11/./docs/evidence/V0.1.6/windows-to-ubuntu.json
-- Installing: <guest-home>/releases/V0.1.11/./docs/evidence/V0.1.6/windows-unified-build.log
-- Installing: <guest-home>/releases/V0.1.11/./docs/evidence/V0.1.6/independent-os-output-comparison.json
-- Installing: <guest-home>/releases/V0.1.11/./docs/evidence/V0.1.6/ubuntu-textured_quad.json
-- Installing: <guest-home>/releases/V0.1.11/./docs/evidence/V0.1.6/windows-deployment.json
-- Installing: <guest-home>/releases/V0.1.11/./docs/evidence/V0.1.6/windows-textured_quad.json
-- Installing: <guest-home>/releases/V0.1.11/./docs/evidence/V0.1.6/ubuntu-package.log
-- Installing: <guest-home>/releases/V0.1.11/./docs/evidence/V0.1.6/windows-native.json
-- Installing: <guest-home>/releases/V0.1.11/./docs/evidence/V0.1.6/ubuntu-sloped_normals.json
-- Installing: <guest-home>/releases/V0.1.11/./docs/evidence/V0.1.6/windows-native.log
-- Installing: <guest-home>/releases/V0.1.11/./docs/evidence/V0.1.6/cross_readback.py
-- Installing: <guest-home>/releases/V0.1.11/./docs/evidence/V0.1.6/ubuntu-alpha-plane.json
-- Installing: <guest-home>/releases/V0.1.11/./docs/evidence/V0.1.6/ubuntu-deployment.json
-- Installing: <guest-home>/releases/V0.1.11/./docs/evidence/V0.1.6/ubuntu-native.log
-- Installing: <guest-home>/releases/V0.1.11/./docs/evidence/V0.1.3
-- Installing: <guest-home>/releases/V0.1.11/./docs/evidence/V0.1.3/gui-result-independent-pro.log
-- Installing: <guest-home>/releases/V0.1.11/./docs/evidence/V0.1.3/gui-no-overwrite-hashes.json
-- Installing: <guest-home>/releases/V0.1.11/./docs/evidence/V0.1.3/native-tests.json
-- Installing: <guest-home>/releases/V0.1.11/./docs/evidence/V0.1.3/gui-readable-report.txt
-- Installing: <guest-home>/releases/V0.1.11/./docs/evidence/V0.1.3/gui-tests.json
-- Installing: <guest-home>/releases/V0.1.11/./docs/evidence/V0.1.3/real-pro-report.json
-- Installing: <guest-home>/releases/V0.1.11/./docs/evidence/V0.1.3/gui-no-overwrite.png
-- Installing: <guest-home>/releases/V0.1.11/./docs/evidence/V0.1.3/dotnet-runtime-licenses.json
-- Installing: <guest-home>/releases/V0.1.11/./docs/evidence/V0.1.3/native-pro-coordinate-differences.json
-- Installing: <guest-home>/releases/V0.1.11/./docs/evidence/V0.1.3/gui-readable-report.png
-- Installing: <guest-home>/releases/V0.1.11/./docs/evidence/V0.1.3/core-tests.log
-- Installing: <guest-home>/releases/V0.1.11/./docs/evidence/V0.1.3/gui-real-success.txt
-- Installing: <guest-home>/releases/V0.1.11/./docs/evidence/V0.1.3/original-files-unchanged.json
-- Installing: <guest-home>/releases/V0.1.11/./docs/evidence/V0.1.3/profile-tests.txt
-- Installing: <guest-home>/releases/V0.1.11/./docs/evidence/V0.1.3/gui-retry-new-name.png
-- Installing: <guest-home>/releases/V0.1.11/./docs/evidence/V0.1.3/gui-no-overwrite.txt
-- Installing: <guest-home>/releases/V0.1.11/./docs/evidence/V0.1.3/gui-native-report.json
-- Installing: <guest-home>/releases/V0.1.11/./docs/evidence/V0.1.3/final-strict-inspection.json
-- Installing: <guest-home>/releases/V0.1.11/./docs/evidence/V0.1.3/native-tests-final.log
-- Installing: <guest-home>/releases/V0.1.11/./docs/evidence/V0.1.3/gui-strict-failure.png
-- Installing: <guest-home>/releases/V0.1.11/./docs/evidence/V0.1.3/native-read-by-pro.json
-- Installing: <guest-home>/releases/V0.1.11/./docs/evidence/V0.1.3/gui-real-success.png
-- Installing: <guest-home>/releases/V0.1.11/./docs/evidence/V0.1.3/core-build.log
-- Installing: <guest-home>/releases/V0.1.11/./docs/evidence/V0.1.3/independent-pro-tool
-- Installing: <guest-home>/releases/V0.1.11/./docs/evidence/V0.1.3/independent-pro-tool/README.md
-- Installing: <guest-home>/releases/V0.1.11/./docs/evidence/V0.1.3/baseline-v012.json
-- Installing: <guest-home>/releases/V0.1.11/./docs/evidence/V0.1.3/gui-build-final.log
-- Installing: <guest-home>/releases/V0.1.11/./docs/evidence/V0.1.3/jpeg-normalization-pixels.json
-- Installing: <guest-home>/releases/V0.1.11/./docs/evidence/V0.1.3/input-inspection.json
-- Installing: <guest-home>/releases/V0.1.11/./docs/evidence/V0.1.3/pro-tests.json
-- Installing: <guest-home>/releases/V0.1.11/./docs/evidence/V0.1.3/native-read-by-pro-final.log
-- Installing: <guest-home>/releases/V0.1.11/./docs/evidence/V0.1.3/gui-raw-report.png
-- Installing: <guest-home>/releases/V0.1.11/./docs/evidence/V0.1.3/gui-result-independent-pro.json
-- Installing: <guest-home>/releases/V0.1.11/./docs/evidence/V0.1.3/release-files.json
-- Installing: <guest-home>/releases/V0.1.11/./docs/evidence/V0.1.3/pro-tests-jpeg-final.log
-- Installing: <guest-home>/releases/V0.1.11/./docs/evidence/V0.1.10
-- Installing: <guest-home>/releases/V0.1.11/./docs/evidence/V0.1.10/ubuntu-python-client.log
-- Installing: <guest-home>/releases/V0.1.11/./docs/evidence/V0.1.10/windows-examples.json
-- Installing: <guest-home>/releases/V0.1.11/./docs/evidence/V0.1.10/windows-gui.json
-- Installing: <guest-home>/releases/V0.1.11/./docs/evidence/V0.1.10/windows-build.log
-- Installing: <guest-home>/releases/V0.1.11/./docs/evidence/V0.1.10/windows-ctest-final.log
-- Installing: <guest-home>/releases/V0.1.11/./docs/evidence/V0.1.10/ubuntu-examples.log
-- Installing: <guest-home>/releases/V0.1.11/./docs/evidence/V0.1.10/ubuntu-package-check.log
-- Installing: <guest-home>/releases/V0.1.11/./docs/evidence/V0.1.10/ubuntu-python-unit.log
-- Installing: <guest-home>/releases/V0.1.11/./docs/evidence/V0.1.10/ubuntu-examples.json
-- Installing: <guest-home>/releases/V0.1.11/./docs/evidence/V0.1.10/ubuntu-build.log
-- Installing: <guest-home>/releases/V0.1.11/./docs/evidence/V0.1.10/ubuntu-deployment.log
-- Installing: <guest-home>/releases/V0.1.11/./docs/evidence/V0.1.10/windows-package-check.log
-- Installing: <guest-home>/releases/V0.1.11/./docs/evidence/V0.1.10/windows-deployment.json
-- Installing: <guest-home>/releases/V0.1.11/./docs/evidence/V0.1.10/windows-python-client.json
-- Installing: <guest-home>/releases/V0.1.11/./docs/evidence/V0.1.10/ubuntu-ctest-final.log
-- Installing: <guest-home>/releases/V0.1.11/./docs/evidence/V0.1.10/windows-python-unit.log
-- Installing: <guest-home>/releases/V0.1.11/./docs/evidence/V0.1.10/windows-native.log
-- Installing: <guest-home>/releases/V0.1.11/./docs/evidence/V0.1.10/ubuntu-python-client.json
-- Installing: <guest-home>/releases/V0.1.11/./docs/evidence/V0.1.10/windows-gui-initial.json
-- Installing: <guest-home>/releases/V0.1.11/./docs/evidence/V0.1.10/ubuntu-deployment.json
-- Installing: <guest-home>/releases/V0.1.11/./docs/evidence/V0.1.10/ubuntu-native.log
-- Installing: <guest-home>/releases/V0.1.11/./docs/evidence/core-tests.log
-- Installing: <guest-home>/releases/V0.1.11/./docs/evidence/V0.1.2
-- Installing: <guest-home>/releases/V0.1.11/./docs/evidence/V0.1.2/gui-native-success.png
-- Installing: <guest-home>/releases/V0.1.11/./docs/evidence/V0.1.2/native-tests.json
-- Installing: <guest-home>/releases/V0.1.11/./docs/evidence/V0.1.2/gui-tests.json
-- Installing: <guest-home>/releases/V0.1.11/./docs/evidence/V0.1.2/dotnet-runtime-licenses.json
-- Installing: <guest-home>/releases/V0.1.11/./docs/evidence/V0.1.2/gui-pro-probe.txt
-- Installing: <guest-home>/releases/V0.1.11/./docs/evidence/V0.1.2/core-tests.log
-- Installing: <guest-home>/releases/V0.1.11/./docs/evidence/V0.1.2/gui-demo-reset.txt
-- Installing: <guest-home>/releases/V0.1.11/./docs/evidence/V0.1.2/gui-native-success.txt
-- Installing: <guest-home>/releases/V0.1.11/./docs/evidence/V0.1.2/gui-native-report.json
-- Installing: <guest-home>/releases/V0.1.11/./docs/evidence/V0.1.2/build.log
-- Installing: <guest-home>/releases/V0.1.11/./docs/evidence/V0.1.2/pro-tests.json
-- Installing: <guest-home>/releases/V0.1.11/./docs/evidence/V0.1.2/gui-ui-checks.json
-- Installing: <guest-home>/releases/V0.1.11/./docs/evidence/V0.1.7
-- Installing: <guest-home>/releases/V0.1.11/./docs/evidence/V0.1.7/windows-examples.json
-- Installing: <guest-home>/releases/V0.1.11/./docs/evidence/V0.1.7/windows-gui.json
-- Installing: <guest-home>/releases/V0.1.11/./docs/evidence/V0.1.7/windows-build.log
-- Installing: <guest-home>/releases/V0.1.11/./docs/evidence/V0.1.7/ubuntu-examples.log
-- Installing: <guest-home>/releases/V0.1.11/./docs/evidence/V0.1.7/ubuntu-package-check.log
-- Installing: <guest-home>/releases/V0.1.11/./docs/evidence/V0.1.7/ubuntu-examples.json
-- Installing: <guest-home>/releases/V0.1.11/./docs/evidence/V0.1.7/ubuntu-missing-textures.log
-- Installing: <guest-home>/releases/V0.1.11/./docs/evidence/V0.1.7/ubuntu-build.log
-- Installing: <guest-home>/releases/V0.1.11/./docs/evidence/V0.1.7/ubuntu-deployment.log
-- Installing: <guest-home>/releases/V0.1.11/./docs/evidence/V0.1.7/windows-package-check.log
-- Installing: <guest-home>/releases/V0.1.11/./docs/evidence/V0.1.7/windows-deployment.json
-- Installing: <guest-home>/releases/V0.1.11/./docs/evidence/V0.1.7/real-model-assessment.json
-- Installing: <guest-home>/releases/V0.1.11/./docs/evidence/V0.1.7/windows-missing-textures.log
-- Installing: <guest-home>/releases/V0.1.11/./docs/evidence/V0.1.7/windows-native.log
-- Installing: <guest-home>/releases/V0.1.11/./docs/evidence/V0.1.7/ubuntu-deployment.json
-- Installing: <guest-home>/releases/V0.1.11/./docs/evidence/V0.1.7/ubuntu-native.log
-- Installing: <guest-home>/releases/V0.1.11/./docs/evidence/V0.1.5
-- Installing: <guest-home>/releases/V0.1.11/./docs/evidence/V0.1.5/native-tests.json
-- Installing: <guest-home>/releases/V0.1.11/./docs/evidence/V0.1.5/gui-tests.json
-- Installing: <guest-home>/releases/V0.1.11/./docs/evidence/V0.1.5/release-checks.json
-- Installing: <guest-home>/releases/V0.1.11/./docs/evidence/V0.1.5/release-dependencies.json
-- Installing: <guest-home>/releases/V0.1.11/./docs/evidence/V0.1.5/build.log
-- Installing: <guest-home>/releases/V0.1.11/./docs/evidence/V0.1.5/native-deployment.json
-- Installing: <guest-home>/releases/V0.1.11/./docs/evidence/V0.1.5/examples.json
-- Installing: <guest-home>/releases/V0.1.11/./docs/evidence/README.md
-- Installing: <guest-home>/releases/V0.1.11/./docs/evidence/V0.1.8
-- Installing: <guest-home>/releases/V0.1.11/./docs/evidence/V0.1.8/windows-examples.json
-- Installing: <guest-home>/releases/V0.1.11/./docs/evidence/V0.1.8/windows-gui.json
-- Installing: <guest-home>/releases/V0.1.11/./docs/evidence/V0.1.8/windows-build.log
-- Installing: <guest-home>/releases/V0.1.11/./docs/evidence/V0.1.8/ubuntu-examples.log
-- Installing: <guest-home>/releases/V0.1.11/./docs/evidence/V0.1.8/ubuntu-package-check.log
-- Installing: <guest-home>/releases/V0.1.11/./docs/evidence/V0.1.8/ubuntu-examples.json
-- Installing: <guest-home>/releases/V0.1.11/./docs/evidence/V0.1.8/ubuntu-build.log
-- Installing: <guest-home>/releases/V0.1.11/./docs/evidence/V0.1.8/ubuntu-deployment.log
-- Installing: <guest-home>/releases/V0.1.11/./docs/evidence/V0.1.8/windows-package-check.log
-- Installing: <guest-home>/releases/V0.1.11/./docs/evidence/V0.1.8/windows-deployment.json
-- Installing: <guest-home>/releases/V0.1.11/./docs/evidence/V0.1.8/real-model-assessment.json
-- Installing: <guest-home>/releases/V0.1.11/./docs/evidence/V0.1.8/ubuntu-normal.log
-- Installing: <guest-home>/releases/V0.1.11/./docs/evidence/V0.1.8/windows-normal.log
-- Installing: <guest-home>/releases/V0.1.11/./docs/evidence/V0.1.8/windows-native.log
-- Installing: <guest-home>/releases/V0.1.11/./docs/evidence/V0.1.8/ubuntu-final-ctest.log
-- Installing: <guest-home>/releases/V0.1.11/./docs/evidence/V0.1.8/ubuntu-final-native-build.log
-- Installing: <guest-home>/releases/V0.1.11/./docs/evidence/V0.1.8/ubuntu-deployment.json
-- Installing: <guest-home>/releases/V0.1.11/./docs/evidence/V0.1.8/ubuntu-native.log
-- Installing: <guest-home>/releases/V0.1.11/./docs/evidence/V0.1.1
-- Installing: <guest-home>/releases/V0.1.11/./docs/evidence/V0.1.1/pro-integration.json
-- Installing: <guest-home>/releases/V0.1.11/./docs/evidence/V0.1.1/visual
-- Installing: <guest-home>/releases/V0.1.11/./docs/evidence/V0.1.1/visual/visual-project.json
-- Installing: <guest-home>/releases/V0.1.11/./docs/evidence/V0.1.1/visual/sources
-- Installing: <guest-home>/releases/V0.1.11/./docs/evidence/V0.1.1/visual/sources/uv-direction.jpg
-- Installing: <guest-home>/releases/V0.1.11/./docs/evidence/V0.1.1/visual/sources/uv-direction.png
-- Installing: <guest-home>/releases/V0.1.11/./docs/evidence/V0.1.1/visual/assessment.json
-- Installing: <guest-home>/releases/V0.1.11/./docs/evidence/V0.1.1/visual/index.html
-- Installing: <guest-home>/releases/V0.1.11/./docs/evidence/V0.1.1/visual/renders
-- Installing: <guest-home>/releases/V0.1.11/./docs/evidence/V0.1.1/visual/renders/pro-jpeg-plane-top.png
-- Installing: <guest-home>/releases/V0.1.11/./docs/evidence/V0.1.1/visual/renders/mixed-materials-top.png
-- Installing: <guest-home>/releases/V0.1.11/./docs/evidence/V0.1.1/visual/renders/native-uv-plane-top.png
-- Installing: <guest-home>/releases/V0.1.11/./docs/evidence/V0.1.1/visual/renders/mixed-materials-oblique.png
-- Installing: <guest-home>/releases/V0.1.11/./docs/evidence/V0.1.1/visual/renders/color-cube-opposite.png
-- Installing: <guest-home>/releases/V0.1.11/./docs/evidence/V0.1.1/visual/renders/seam-cube-opposite.png
-- Installing: <guest-home>/releases/V0.1.11/./docs/evidence/V0.1.1/visual/renders/standalone-copy-top.png
-- Installing: <guest-home>/releases/V0.1.11/./docs/evidence/V0.1.1/visual/renders/color-cube-top.png
-- Installing: <guest-home>/releases/V0.1.11/./docs/evidence/V0.1.1/visual/renders/seam-cube-oblique.png
-- Installing: <guest-home>/releases/V0.1.11/./docs/evidence/V0.1.1/visual/renders/alpha-plane-top.png
-- Installing: <guest-home>/releases/V0.1.11/./docs/evidence/V0.1.1/visual/renders/color-cube-oblique.png
-- Installing: <guest-home>/releases/V0.1.11/./docs/evidence/V0.1.1/visual/renders/uv-plane-top.png
-- Installing: <guest-home>/releases/V0.1.11/./docs/evidence/V0.1.1/visual/renders/native-jpeg-plane-top.png
-- Installing: <guest-home>/releases/V0.1.11/./docs/evidence/V0.1.1/visual/renders/seam-cube-top.png
-- Installing: <guest-home>/releases/V0.1.11/./docs/evidence/V0.1.1/legacy-writer-rejection.json
-- Installing: <guest-home>/releases/V0.1.11/./docs/evidence/V0.1.1/core-tests.log
-- Installing: <guest-home>/releases/V0.1.11/./docs/evidence/V0.1.1/jpeg-direction
-- Installing: <guest-home>/releases/V0.1.11/./docs/evidence/V0.1.1/jpeg-direction/source-preparation.json
-- Installing: <guest-home>/releases/V0.1.11/./docs/evidence/V0.1.1/jpeg-direction/native-writer.log
-- Installing: <guest-home>/releases/V0.1.11/./docs/evidence/V0.1.1/jpeg-direction/native-writer-report.json
-- Installing: <guest-home>/releases/V0.1.11/./docs/evidence/V0.1.1/jpeg-direction/pro-writer-report.json
-- Installing: <guest-home>/releases/V0.1.11/./docs/evidence/V0.1.1/jpeg-direction/source-direction.jpg
-- Installing: <guest-home>/releases/V0.1.11/./docs/evidence/V0.1.1/jpeg-direction/source-bundle
-- Installing: <guest-home>/releases/V0.1.11/./docs/evidence/V0.1.1/jpeg-direction/source-bundle/scene.json
-- Installing: <guest-home>/releases/V0.1.11/./docs/evidence/V0.1.1/jpeg-direction/source-bundle/textures
-- Installing: <guest-home>/releases/V0.1.11/./docs/evidence/V0.1.1/jpeg-direction/source-bundle/textures/aefee6ad6a7c5cc986190df94b1da12a7487604a4cec3a8a7efb7002bc2fa686.jpg
-- Installing: <guest-home>/releases/V0.1.11/./docs/evidence/V0.1.1/jpeg-direction/pro-writer.log
-- Installing: <guest-home>/releases/V0.1.11/./docs/evidence/V0.1.1/jpeg-direction/source-direction.png
-- Installing: <guest-home>/releases/V0.1.11/./docs/evidence/V0.1.1/build.log
-- Installing: <guest-home>/releases/V0.1.11/./docs/evidence/V0.1.1/native-integration.json
-- Installing: <guest-home>/releases/V0.1.11/./docs/evidence/V0.1.1/native-independent-pro
-- Installing: <guest-home>/releases/V0.1.11/./docs/evidence/V0.1.1/native-independent-pro/textured_quad.json
-- Installing: <guest-home>/releases/V0.1.11/./docs/evidence/V0.1.1/native-independent-pro/mixed-materials.json
-- Installing: <guest-home>/releases/V0.1.11/./docs/evidence/V0.1.1/native-independent-pro/uv_transform.json
-- Installing: <guest-home>/releases/V0.1.11/./docs/evidence/V0.1.1/native-independent-pro/seam-cube.json
-- Installing: <guest-home>/releases/V0.1.11/./docs/evidence/V0.1.1/native-independent-pro/embedded_quad.json
-- Installing: <guest-home>/releases/V0.1.11/./docs/evidence/V0.1.1/native-independent-pro/instanced_mirror.json
-- Installing: <guest-home>/releases/V0.1.11/./docs/evidence/V0.1.1/native-independent-pro/sloped_normals.json
-- Installing: <guest-home>/releases/V0.1.11/./docs/evidence/V0.1.1/native-independent-pro/color-cube.json
-- Installing: <guest-home>/releases/V0.1.11/./docs/evidence/V0.1.1/native-independent-pro/colored_quad.json
-- Installing: <guest-home>/releases/V0.1.11/./docs/evidence/V0.1.1/native-independent-pro/binary_blender.json
-- Installing: <guest-home>/releases/V0.1.11/./docs/evidence/V0.1.1/native-independent-pro/alpha-plane.json
-- Installing: <guest-home>/releases/V0.1.11/./docs/evidence/V0.1.1/native-independent-pro/no_material.json
-- Installing: <guest-home>/releases/V0.1.11/./docs/evidence/V0.1.1/native-independent-pro/uv-plane.json
-- Installing: <guest-home>/releases/V0.1.11/./docs/evidence/V0.1.1/native-independent-pro/summary.json
-- Installing: <guest-home>/releases/V0.1.11/./docs/evidence/V0.1.1/native-independent-pro/multi_material.json
-- Installing: <guest-home>/releases/V0.1.11/./docs/evidence/V0.1.9
-- Installing: <guest-home>/releases/V0.1.11/./docs/evidence/V0.1.9/ubuntu-python-client.log
-- Installing: <guest-home>/releases/V0.1.11/./docs/evidence/V0.1.9/windows-examples.json
-- Installing: <guest-home>/releases/V0.1.11/./docs/evidence/V0.1.9/windows-gui.json
-- Installing: <guest-home>/releases/V0.1.11/./docs/evidence/V0.1.9/windows-build.log
-- Installing: <guest-home>/releases/V0.1.11/./docs/evidence/V0.1.9/ubuntu-examples.log
-- Installing: <guest-home>/releases/V0.1.11/./docs/evidence/V0.1.9/ubuntu-package-check.log
-- Installing: <guest-home>/releases/V0.1.11/./docs/evidence/V0.1.9/ubuntu-python-unit.log
-- Installing: <guest-home>/releases/V0.1.11/./docs/evidence/V0.1.9/ubuntu-examples.json
-- Installing: <guest-home>/releases/V0.1.11/./docs/evidence/V0.1.9/ubuntu-build.log
-- Installing: <guest-home>/releases/V0.1.11/./docs/evidence/V0.1.9/ubuntu-deployment.log
-- Installing: <guest-home>/releases/V0.1.11/./docs/evidence/V0.1.9/windows-package-check.log
-- Installing: <guest-home>/releases/V0.1.11/./docs/evidence/V0.1.9/windows-deployment.json
-- Installing: <guest-home>/releases/V0.1.11/./docs/evidence/V0.1.9/windows-python-client.json
-- Installing: <guest-home>/releases/V0.1.11/./docs/evidence/V0.1.9/windows-python-example.log
-- Installing: <guest-home>/releases/V0.1.11/./docs/evidence/V0.1.9/windows-python-unit.log
-- Installing: <guest-home>/releases/V0.1.11/./docs/evidence/V0.1.9/windows-native.log
-- Installing: <guest-home>/releases/V0.1.11/./docs/evidence/V0.1.9/ubuntu-python-client.json
-- Installing: <guest-home>/releases/V0.1.11/./docs/evidence/V0.1.9/ubuntu-deployment.json
-- Installing: <guest-home>/releases/V0.1.11/./docs/evidence/V0.1.9/ubuntu-native.log
-- Installing: <guest-home>/releases/V0.1.11/./docs/evidence/V0.1.4
-- Installing: <guest-home>/releases/V0.1.11/./docs/evidence/V0.1.4/reader-benchmark.json
-- Installing: <guest-home>/releases/V0.1.11/./docs/evidence/V0.1.4/streaming-prepare.json
-- Installing: <guest-home>/releases/V0.1.11/./docs/evidence/V0.1.4/native-tests.json
-- Installing: <guest-home>/releases/V0.1.11/./docs/evidence/V0.1.4/gui-tests.json
-- Installing: <guest-home>/releases/V0.1.11/./docs/evidence/V0.1.4/real-native-report.json
-- Installing: <guest-home>/releases/V0.1.11/./docs/evidence/V0.1.4/pro-tests.log
-- Installing: <guest-home>/releases/V0.1.11/./docs/evidence/V0.1.4/baseline-prepare.json
-- Installing: <guest-home>/releases/V0.1.11/./docs/evidence/V0.1.4/native-tests.log
-- Installing: <guest-home>/releases/V0.1.11/./docs/evidence/V0.1.4/core-tests.log
-- Installing: <guest-home>/releases/V0.1.11/./docs/evidence/V0.1.4/original-files-unchanged.json
-- Installing: <guest-home>/releases/V0.1.11/./docs/evidence/V0.1.4/real-native-v013-equivalence.json
-- Installing: <guest-home>/releases/V0.1.11/./docs/evidence/V0.1.4/benchmark_prepare.py
-- Installing: <guest-home>/releases/V0.1.11/./docs/evidence/V0.1.4/core-build.log
-- Installing: <guest-home>/releases/V0.1.11/./docs/evidence/V0.1.4/pro-tests.json
-- Installing: <guest-home>/releases/V0.1.11/./docs/evidence/V0.1.4/gui-release-success.txt
-- Installing: <guest-home>/releases/V0.1.11/./docs/evidence/V0.1.4/gui-release-success.png
-- Installing: <guest-home>/releases/V0.1.11/./docs/evidence/V0.1.4/gui-build.log
-- Installing: <guest-home>/releases/V0.1.11/./docs/evidence/V0.1.4/gui-release-report.json
-- Installing: <guest-home>/releases/V0.1.11/./docs/evidence/V0.1.4/release-files.json
-- Installing: <guest-home>/releases/V0.1.11/./docs/validation-v0.1.1.md
-- Installing: <guest-home>/releases/V0.1.11/./docs/validation-v0.1.9.md
-- Installing: <guest-home>/releases/V0.1.11/./README.md
-- Installing: <guest-home>/releases/V0.1.11/./VERSION
-- Installing: <guest-home>/releases/V0.1.11/./CHANGELOG.md
-- Installing: <guest-home>/releases/V0.1.11/./THIRD_PARTY_NOTICES.md
-- Installing: <guest-home>/releases/V0.1.11/licenses/ufbx/LICENSE
-- Installing: <guest-home>/releases/V0.1.11/licenses/nlohmann/LICENSE.MIT
Verified ufbx 0.23.0
Verified nlohmann/json 3.12.0
Verified FileGDB API 1.5.5.330 runtime and original license files
{"arcgis_pro_required":false,"backend":"native-filegdb","filegdb_api":"1.5.5","status":"available","version":"0.1.11"}
Installed native CLI: <guest-home>/releases/V0.1.11/bin/geomodelbridge
