Verified ufbx 0.23.0
Verified nlohmann/json 3.12.0
Verified GeoModelBridge 0.1.11: 7 required declarations and runtime release references agree.
-- Configuring done (0.6s)
-- Generating done (0.0s)
-- Build files have been written to: <workspace>/build/v018-core
ninja: no work to do.
Test project <workspace>/build/v018-core
    Start 1: core
1/9 Test #1: core .............................   Passed    0.05 sec
    Start 2: output_safety
2/9 Test #2: output_safety ....................   Passed    0.06 sec
    Start 3: cli
3/9 Test #3: cli ..............................   Passed    0.47 sec
    Start 4: reader_integration
4/9 Test #4: reader_integration ...............   Passed    0.43 sec
    Start 5: binary_fbx
5/9 Test #5: binary_fbx .......................   Passed    0.20 sec
    Start 6: profile_integration
6/9 Test #6: profile_integration ..............   Passed    1.79 sec
    Start 7: missing_textures
7/9 Test #7: missing_textures .................   Passed    0.37 sec
    Start 8: normal_repair
8/9 Test #8: normal_repair ....................   Passed    0.44 sec
    Start 9: python_client
9/9 Test #9: python_client ....................   Passed    1.75 sec

100% tests passed, 0 tests failed out of 9

Total Test time (real) =   5.58 sec
-- Install configuration: "Release"
-- Up-to-date: <workspace>\releases\V0.1.11/bin/geomodelbridge.exe
-- Up-to-date: <workspace>\releases\V0.1.11/bin/demo/textured_quad.fbx
-- Up-to-date: <workspace>\releases\V0.1.11/bin/demo/checker.png
-- Up-to-date: <workspace>\releases\V0.1.11/python/geomodelbridge
-- Up-to-date: <workspace>\releases\V0.1.11/python/geomodelbridge/client.py
-- Up-to-date: <workspace>\releases\V0.1.11/python/geomodelbridge/_version.py
-- Up-to-date: <workspace>\releases\V0.1.11/python/geomodelbridge/__init__.py
-- Up-to-date: <workspace>\releases\V0.1.11/python/examples/convert_fbx.py
-- Up-to-date: <workspace>\releases\V0.1.11/./docs
-- Up-to-date: <workspace>\releases\V0.1.11/./docs/acceptance.md
-- Installing: <workspace>\releases\V0.1.11/./docs/architecture.md
-- Up-to-date: <workspace>\releases\V0.1.11/./docs/build-and-release.md
-- Up-to-date: <workspace>\releases\V0.1.11/./docs/bundle-format.md
-- Up-to-date: <workspace>\releases\V0.1.11/./docs/compatibility.md
-- Up-to-date: <workspace>\releases\V0.1.11/./docs/evidence
-- Up-to-date: <workspace>\releases\V0.1.11/./docs/evidence/core-tests.log
-- Up-to-date: <workspace>\releases\V0.1.11/./docs/evidence/pro-integration.json
-- Up-to-date: <workspace>\releases\V0.1.11/./docs/evidence/README.md
-- Up-to-date: <workspace>\releases\V0.1.11/./docs/evidence/V0.1.1
-- Up-to-date: <workspace>\releases\V0.1.11/./docs/evidence/V0.1.1/build.log
-- Up-to-date: <workspace>\releases\V0.1.11/./docs/evidence/V0.1.1/core-tests.log
-- Up-to-date: <workspace>\releases\V0.1.11/./docs/evidence/V0.1.1/jpeg-direction
-- Up-to-date: <workspace>\releases\V0.1.11/./docs/evidence/V0.1.1/jpeg-direction/native-jpeg-plane.gdb
-- Up-to-date: <workspace>\releases\V0.1.11/./docs/evidence/V0.1.1/jpeg-direction/native-jpeg-plane.gdb/a00000001.gdbindexes
-- Up-to-date: <workspace>\releases\V0.1.11/./docs/evidence/V0.1.1/jpeg-direction/native-jpeg-plane.gdb/a00000001.gdbtable
-- Up-to-date: <workspace>\releases\V0.1.11/./docs/evidence/V0.1.1/jpeg-direction/native-jpeg-plane.gdb/a00000001.gdbtablx
-- Up-to-date: <workspace>\releases\V0.1.11/./docs/evidence/V0.1.1/jpeg-direction/native-jpeg-plane.gdb/a00000001.TablesByName.atx
-- Up-to-date: <workspace>\releases\V0.1.11/./docs/evidence/V0.1.1/jpeg-direction/native-jpeg-plane.gdb/a00000002.gdbtable
-- Up-to-date: <workspace>\releases\V0.1.11/./docs/evidence/V0.1.1/jpeg-direction/native-jpeg-plane.gdb/a00000002.gdbtablx
-- Up-to-date: <workspace>\releases\V0.1.11/./docs/evidence/V0.1.1/jpeg-direction/native-jpeg-plane.gdb/a00000003.gdbindexes
-- Up-to-date: <workspace>\releases\V0.1.11/./docs/evidence/V0.1.1/jpeg-direction/native-jpeg-plane.gdb/a00000003.gdbtable
-- Up-to-date: <workspace>\releases\V0.1.11/./docs/evidence/V0.1.1/jpeg-direction/native-jpeg-plane.gdb/a00000003.gdbtablx
-- Up-to-date: <workspace>\releases\V0.1.11/./docs/evidence/V0.1.1/jpeg-direction/native-jpeg-plane.gdb/a00000004.CatItemsByPhysicalName.atx
-- Up-to-date: <workspace>\releases\V0.1.11/./docs/evidence/V0.1.1/jpeg-direction/native-jpeg-plane.gdb/a00000004.CatItemsByType.atx
-- Up-to-date: <workspace>\releases\V0.1.11/./docs/evidence/V0.1.1/jpeg-direction/native-jpeg-plane.gdb/a00000004.FDO_UUID.atx
-- Up-to-date: <workspace>\releases\V0.1.11/./docs/evidence/V0.1.1/jpeg-direction/native-jpeg-plane.gdb/a00000004.gdbindexes
-- Up-to-date: <workspace>\releases\V0.1.11/./docs/evidence/V0.1.1/jpeg-direction/native-jpeg-plane.gdb/a00000004.gdbtable
-- Up-to-date: <workspace>\releases\V0.1.11/./docs/evidence/V0.1.1/jpeg-direction/native-jpeg-plane.gdb/a00000004.gdbtablx
-- Up-to-date: <workspace>\releases\V0.1.11/./docs/evidence/V0.1.1/jpeg-direction/native-jpeg-plane.gdb/a00000004.horizon
-- Up-to-date: <workspace>\releases\V0.1.11/./docs/evidence/V0.1.1/jpeg-direction/native-jpeg-plane.gdb/a00000005.CatItemTypesByName.atx
-- Up-to-date: <workspace>\releases\V0.1.11/./docs/evidence/V0.1.1/jpeg-direction/native-jpeg-plane.gdb/a00000005.CatItemTypesByParentTypeID.atx
-- Up-to-date: <workspace>\releases\V0.1.11/./docs/evidence/V0.1.1/jpeg-direction/native-jpeg-plane.gdb/a00000005.CatItemTypesByUUID.atx
-- Up-to-date: <workspace>\releases\V0.1.11/./docs/evidence/V0.1.1/jpeg-direction/native-jpeg-plane.gdb/a00000005.gdbindexes
-- Up-to-date: <workspace>\releases\V0.1.11/./docs/evidence/V0.1.1/jpeg-direction/native-jpeg-plane.gdb/a00000005.gdbtable
-- Up-to-date: <workspace>\releases\V0.1.11/./docs/evidence/V0.1.1/jpeg-direction/native-jpeg-plane.gdb/a00000005.gdbtablx
-- Up-to-date: <workspace>\releases\V0.1.11/./docs/evidence/V0.1.1/jpeg-direction/native-jpeg-plane.gdb/a00000006.CatRelsByDestinationID.atx
-- Up-to-date: <workspace>\releases\V0.1.11/./docs/evidence/V0.1.1/jpeg-direction/native-jpeg-plane.gdb/a00000006.CatRelsByOriginID.atx
-- Up-to-date: <workspace>\releases\V0.1.11/./docs/evidence/V0.1.1/jpeg-direction/native-jpeg-plane.gdb/a00000006.CatRelsByType.atx
-- Up-to-date: <workspace>\releases\V0.1.11/./docs/evidence/V0.1.1/jpeg-direction/native-jpeg-plane.gdb/a00000006.FDO_UUID.atx
-- Up-to-date: <workspace>\releases\V0.1.11/./docs/evidence/V0.1.1/jpeg-direction/native-jpeg-plane.gdb/a00000006.gdbindexes
-- Up-to-date: <workspace>\releases\V0.1.11/./docs/evidence/V0.1.1/jpeg-direction/native-jpeg-plane.gdb/a00000006.gdbtable
-- Up-to-date: <workspace>\releases\V0.1.11/./docs/evidence/V0.1.1/jpeg-direction/native-jpeg-plane.gdb/a00000006.gdbtablx
-- Up-to-date: <workspace>\releases\V0.1.11/./docs/evidence/V0.1.1/jpeg-direction/native-jpeg-plane.gdb/a00000007.CatRelTypesByBackwardLabel.atx
-- Up-to-date: <workspace>\releases\V0.1.11/./docs/evidence/V0.1.1/jpeg-direction/native-jpeg-plane.gdb/a00000007.CatRelTypesByDestItemTypeID.atx
-- Up-to-date: <workspace>\releases\V0.1.11/./docs/evidence/V0.1.1/jpeg-direction/native-jpeg-plane.gdb/a00000007.CatRelTypesByForwardLabel.atx
-- Up-to-date: <workspace>\releases\V0.1.11/./docs/evidence/V0.1.1/jpeg-direction/native-jpeg-plane.gdb/a00000007.CatRelTypesByName.atx
-- Up-to-date: <workspace>\releases\V0.1.11/./docs/evidence/V0.1.1/jpeg-direction/native-jpeg-plane.gdb/a00000007.CatRelTypesByOriginItemTypeID.atx
-- Up-to-date: <workspace>\releases\V0.1.11/./docs/evidence/V0.1.1/jpeg-direction/native-jpeg-plane.gdb/a00000007.CatRelTypesByUUID.atx
-- Up-to-date: <workspace>\releases\V0.1.11/./docs/evidence/V0.1.1/jpeg-direction/native-jpeg-plane.gdb/a00000007.gdbindexes
-- Up-to-date: <workspace>\releases\V0.1.11/./docs/evidence/V0.1.1/jpeg-direction/native-jpeg-plane.gdb/a00000007.gdbtable
-- Up-to-date: <workspace>\releases\V0.1.11/./docs/evidence/V0.1.1/jpeg-direction/native-jpeg-plane.gdb/a00000007.gdbtablx
-- Up-to-date: <workspace>\releases\V0.1.11/./docs/evidence/V0.1.1/jpeg-direction/native-jpeg-plane.gdb/a00000009.gdbindexes
-- Up-to-date: <workspace>\releases\V0.1.11/./docs/evidence/V0.1.1/jpeg-direction/native-jpeg-plane.gdb/a00000009.gdbtable
-- Up-to-date: <workspace>\releases\V0.1.11/./docs/evidence/V0.1.1/jpeg-direction/native-jpeg-plane.gdb/a00000009.gdbtablx
-- Up-to-date: <workspace>\releases\V0.1.11/./docs/evidence/V0.1.1/jpeg-direction/native-jpeg-plane.gdb/a00000009.horizon
-- Up-to-date: <workspace>\releases\V0.1.11/./docs/evidence/V0.1.1/jpeg-direction/native-jpeg-plane.gdb/gdb
-- Up-to-date: <workspace>\releases\V0.1.11/./docs/evidence/V0.1.1/jpeg-direction/native-jpeg-plane.gdb/timestamps
-- Up-to-date: <workspace>\releases\V0.1.11/./docs/evidence/V0.1.1/jpeg-direction/native-writer-report.json
-- Up-to-date: <workspace>\releases\V0.1.11/./docs/evidence/V0.1.1/jpeg-direction/native-writer.log
-- Up-to-date: <workspace>\releases\V0.1.11/./docs/evidence/V0.1.1/jpeg-direction/pro-jpeg-plane.gdb
-- Up-to-date: <workspace>\releases\V0.1.11/./docs/evidence/V0.1.1/jpeg-direction/pro-jpeg-plane.gdb/a00000001.gdbindexes
-- Up-to-date: <workspace>\releases\V0.1.11/./docs/evidence/V0.1.1/jpeg-direction/pro-jpeg-plane.gdb/a00000001.gdbtable
-- Up-to-date: <workspace>\releases\V0.1.11/./docs/evidence/V0.1.1/jpeg-direction/pro-jpeg-plane.gdb/a00000001.gdbtablx
-- Up-to-date: <workspace>\releases\V0.1.11/./docs/evidence/V0.1.1/jpeg-direction/pro-jpeg-plane.gdb/a00000001.TablesByName.atx
-- Up-to-date: <workspace>\releases\V0.1.11/./docs/evidence/V0.1.1/jpeg-direction/pro-jpeg-plane.gdb/a00000002.gdbtable
-- Up-to-date: <workspace>\releases\V0.1.11/./docs/evidence/V0.1.1/jpeg-direction/pro-jpeg-plane.gdb/a00000002.gdbtablx
-- Up-to-date: <workspace>\releases\V0.1.11/./docs/evidence/V0.1.1/jpeg-direction/pro-jpeg-plane.gdb/a00000003.gdbindexes
-- Up-to-date: <workspace>\releases\V0.1.11/./docs/evidence/V0.1.1/jpeg-direction/pro-jpeg-plane.gdb/a00000003.gdbtable
-- Up-to-date: <workspace>\releases\V0.1.11/./docs/evidence/V0.1.1/jpeg-direction/pro-jpeg-plane.gdb/a00000003.gdbtablx
-- Up-to-date: <workspace>\releases\V0.1.11/./docs/evidence/V0.1.1/jpeg-direction/pro-jpeg-plane.gdb/a00000004.CatItemsByPhysicalName.atx
-- Up-to-date: <workspace>\releases\V0.1.11/./docs/evidence/V0.1.1/jpeg-direction/pro-jpeg-plane.gdb/a00000004.CatItemsByType.atx
-- Up-to-date: <workspace>\releases\V0.1.11/./docs/evidence/V0.1.1/jpeg-direction/pro-jpeg-plane.gdb/a00000004.FDO_UUID.atx
-- Up-to-date: <workspace>\releases\V0.1.11/./docs/evidence/V0.1.1/jpeg-direction/pro-jpeg-plane.gdb/a00000004.freelist
-- Up-to-date: <workspace>\releases\V0.1.11/./docs/evidence/V0.1.1/jpeg-direction/pro-jpeg-plane.gdb/a00000004.gdbindexes
-- Up-to-date: <workspace>\releases\V0.1.11/./docs/evidence/V0.1.1/jpeg-direction/pro-jpeg-plane.gdb/a00000004.gdbtable
-- Up-to-date: <workspace>\releases\V0.1.11/./docs/evidence/V0.1.1/jpeg-direction/pro-jpeg-plane.gdb/a00000004.gdbtablx
-- Up-to-date: <workspace>\releases\V0.1.11/./docs/evidence/V0.1.1/jpeg-direction/pro-jpeg-plane.gdb/a00000004.horizon
-- Up-to-date: <workspace>\releases\V0.1.11/./docs/evidence/V0.1.1/jpeg-direction/pro-jpeg-plane.gdb/a00000004.spx
-- Up-to-date: <workspace>\releases\V0.1.11/./docs/evidence/V0.1.1/jpeg-direction/pro-jpeg-plane.gdb/a00000005.CatItemTypesByName.atx
-- Up-to-date: <workspace>\releases\V0.1.11/./docs/evidence/V0.1.1/jpeg-direction/pro-jpeg-plane.gdb/a00000005.CatItemTypesByParentTypeID.atx
-- Up-to-date: <workspace>\releases\V0.1.11/./docs/evidence/V0.1.1/jpeg-direction/pro-jpeg-plane.gdb/a00000005.CatItemTypesByUUID.atx
-- Up-to-date: <workspace>\releases\V0.1.11/./docs/evidence/V0.1.1/jpeg-direction/pro-jpeg-plane.gdb/a00000005.gdbindexes
-- Up-to-date: <workspace>\releases\V0.1.11/./docs/evidence/V0.1.1/jpeg-direction/pro-jpeg-plane.gdb/a00000005.gdbtable
-- Up-to-date: <workspace>\releases\V0.1.11/./docs/evidence/V0.1.1/jpeg-direction/pro-jpeg-plane.gdb/a00000005.gdbtablx
-- Up-to-date: <workspace>\releases\V0.1.11/./docs/evidence/V0.1.1/jpeg-direction/pro-jpeg-plane.gdb/a00000006.CatRelsByDestinationID.atx
-- Up-to-date: <workspace>\releases\V0.1.11/./docs/evidence/V0.1.1/jpeg-direction/pro-jpeg-plane.gdb/a00000006.CatRelsByOriginID.atx
-- Up-to-date: <workspace>\releases\V0.1.11/./docs/evidence/V0.1.1/jpeg-direction/pro-jpeg-plane.gdb/a00000006.CatRelsByType.atx
-- Up-to-date: <workspace>\releases\V0.1.11/./docs/evidence/V0.1.1/jpeg-direction/pro-jpeg-plane.gdb/a00000006.FDO_UUID.atx
-- Up-to-date: <workspace>\releases\V0.1.11/./docs/evidence/V0.1.1/jpeg-direction/pro-jpeg-plane.gdb/a00000006.gdbindexes
-- Up-to-date: <workspace>\releases\V0.1.11/./docs/evidence/V0.1.1/jpeg-direction/pro-jpeg-plane.gdb/a00000006.gdbtable
-- Up-to-date: <workspace>\releases\V0.1.11/./docs/evidence/V0.1.1/jpeg-direction/pro-jpeg-plane.gdb/a00000006.gdbtablx
-- Up-to-date: <workspace>\releases\V0.1.11/./docs/evidence/V0.1.1/jpeg-direction/pro-jpeg-plane.gdb/a00000007.CatRelTypesByBackwardLabel.atx
-- Up-to-date: <workspace>\releases\V0.1.11/./docs/evidence/V0.1.1/jpeg-direction/pro-jpeg-plane.gdb/a00000007.CatRelTypesByDestItemTypeID.atx
-- Up-to-date: <workspace>\releases\V0.1.11/./docs/evidence/V0.1.1/jpeg-direction/pro-jpeg-plane.gdb/a00000007.CatRelTypesByForwardLabel.atx
-- Up-to-date: <workspace>\releases\V0.1.11/./docs/evidence/V0.1.1/jpeg-direction/pro-jpeg-plane.gdb/a00000007.CatRelTypesByName.atx
-- Up-to-date: <workspace>\releases\V0.1.11/./docs/evidence/V0.1.1/jpeg-direction/pro-jpeg-plane.gdb/a00000007.CatRelTypesByOriginItemTypeID.atx
-- Up-to-date: <workspace>\releases\V0.1.11/./docs/evidence/V0.1.1/jpeg-direction/pro-jpeg-plane.gdb/a00000007.CatRelTypesByUUID.atx
-- Up-to-date: <workspace>\releases\V0.1.11/./docs/evidence/V0.1.1/jpeg-direction/pro-jpeg-plane.gdb/a00000007.gdbindexes
-- Up-to-date: <workspace>\releases\V0.1.11/./docs/evidence/V0.1.1/jpeg-direction/pro-jpeg-plane.gdb/a00000007.gdbtable
-- Up-to-date: <workspace>\releases\V0.1.11/./docs/evidence/V0.1.1/jpeg-direction/pro-jpeg-plane.gdb/a00000007.gdbtablx
-- Up-to-date: <workspace>\releases\V0.1.11/./docs/evidence/V0.1.1/jpeg-direction/pro-jpeg-plane.gdb/a00000009.EditingTemplatesByDatasetGUID.atx
-- Up-to-date: <workspace>\releases\V0.1.11/./docs/evidence/V0.1.1/jpeg-direction/pro-jpeg-plane.gdb/a00000009.EditingTemplatesByName.atx
-- Up-to-date: <workspace>\releases\V0.1.11/./docs/evidence/V0.1.1/jpeg-direction/pro-jpeg-plane.gdb/a00000009.EditingTemplatesByType.atx
-- Up-to-date: <workspace>\releases\V0.1.11/./docs/evidence/V0.1.1/jpeg-direction/pro-jpeg-plane.gdb/a00000009.FDO_GlobalID.atx
-- Up-to-date: <workspace>\releases\V0.1.11/./docs/evidence/V0.1.1/jpeg-direction/pro-jpeg-plane.gdb/a00000009.gdbindexes
-- Up-to-date: <workspace>\releases\V0.1.11/./docs/evidence/V0.1.1/jpeg-direction/pro-jpeg-plane.gdb/a00000009.gdbtable
-- Up-to-date: <workspace>\releases\V0.1.11/./docs/evidence/V0.1.1/jpeg-direction/pro-jpeg-plane.gdb/a00000009.gdbtablx
-- Up-to-date: <workspace>\releases\V0.1.11/./docs/evidence/V0.1.1/jpeg-direction/pro-jpeg-plane.gdb/a0000000a.EditingTemplateRelsByDestinationID.atx
-- Up-to-date: <workspace>\releases\V0.1.11/./docs/evidence/V0.1.1/jpeg-direction/pro-jpeg-plane.gdb/a0000000a.EditingTemplateRelsByOriginID.atx
-- Up-to-date: <workspace>\releases\V0.1.11/./docs/evidence/V0.1.1/jpeg-direction/pro-jpeg-plane.gdb/a0000000a.EditingTemplateRelsByType.atx
-- Up-to-date: <workspace>\releases\V0.1.11/./docs/evidence/V0.1.1/jpeg-direction/pro-jpeg-plane.gdb/a0000000a.gdbindexes
-- Up-to-date: <workspace>\releases\V0.1.11/./docs/evidence/V0.1.1/jpeg-direction/pro-jpeg-plane.gdb/a0000000a.gdbtable
-- Up-to-date: <workspace>\releases\V0.1.11/./docs/evidence/V0.1.1/jpeg-direction/pro-jpeg-plane.gdb/a0000000a.gdbtablx
-- Up-to-date: <workspace>\releases\V0.1.11/./docs/evidence/V0.1.1/jpeg-direction/pro-jpeg-plane.gdb/a0000000b.gdbindexes
-- Up-to-date: <workspace>\releases\V0.1.11/./docs/evidence/V0.1.1/jpeg-direction/pro-jpeg-plane.gdb/a0000000b.gdbtable
-- Up-to-date: <workspace>\releases\V0.1.11/./docs/evidence/V0.1.1/jpeg-direction/pro-jpeg-plane.gdb/a0000000b.gdbtablx
-- Up-to-date: <workspace>\releases\V0.1.11/./docs/evidence/V0.1.1/jpeg-direction/pro-jpeg-plane.gdb/a0000000b.horizon
-- Up-to-date: <workspace>\releases\V0.1.11/./docs/evidence/V0.1.1/jpeg-direction/pro-jpeg-plane.gdb/a0000000b.spx
-- Up-to-date: <workspace>\releases\V0.1.11/./docs/evidence/V0.1.1/jpeg-direction/pro-jpeg-plane.gdb/gdb
-- Up-to-date: <workspace>\releases\V0.1.11/./docs/evidence/V0.1.1/jpeg-direction/pro-jpeg-plane.gdb/timestamps
-- Up-to-date: <workspace>\releases\V0.1.11/./docs/evidence/V0.1.1/jpeg-direction/pro-writer-report.json
-- Up-to-date: <workspace>\releases\V0.1.11/./docs/evidence/V0.1.1/jpeg-direction/pro-writer.log
-- Up-to-date: <workspace>\releases\V0.1.11/./docs/evidence/V0.1.1/jpeg-direction/source-bundle
-- Up-to-date: <workspace>\releases\V0.1.11/./docs/evidence/V0.1.1/jpeg-direction/source-bundle/scene.json
-- Up-to-date: <workspace>\releases\V0.1.11/./docs/evidence/V0.1.1/jpeg-direction/source-bundle/textures
-- Up-to-date: <workspace>\releases\V0.1.11/./docs/evidence/V0.1.1/jpeg-direction/source-bundle/textures/aefee6ad6a7c5cc986190df94b1da12a7487604a4cec3a8a7efb7002bc2fa686.jpg
-- Up-to-date: <workspace>\releases\V0.1.11/./docs/evidence/V0.1.1/jpeg-direction/source-direction.jpg
-- Up-to-date: <workspace>\releases\V0.1.11/./docs/evidence/V0.1.1/jpeg-direction/source-direction.png
-- Up-to-date: <workspace>\releases\V0.1.11/./docs/evidence/V0.1.1/jpeg-direction/source-preparation.json
-- Up-to-date: <workspace>\releases\V0.1.11/./docs/evidence/V0.1.1/legacy-writer-rejection.json
-- Up-to-date: <workspace>\releases\V0.1.11/./docs/evidence/V0.1.1/native-independent-pro
-- Up-to-date: <workspace>\releases\V0.1.11/./docs/evidence/V0.1.1/native-independent-pro/alpha-plane.json
-- Up-to-date: <workspace>\releases\V0.1.11/./docs/evidence/V0.1.1/native-independent-pro/binary_blender.json
-- Up-to-date: <workspace>\releases\V0.1.11/./docs/evidence/V0.1.1/native-independent-pro/color-cube.json
-- Up-to-date: <workspace>\releases\V0.1.11/./docs/evidence/V0.1.1/native-independent-pro/colored_quad.json
-- Up-to-date: <workspace>\releases\V0.1.11/./docs/evidence/V0.1.1/native-independent-pro/embedded_quad.json
-- Up-to-date: <workspace>\releases\V0.1.11/./docs/evidence/V0.1.1/native-independent-pro/instanced_mirror.json
-- Up-to-date: <workspace>\releases\V0.1.11/./docs/evidence/V0.1.1/native-independent-pro/mixed-materials.json
-- Up-to-date: <workspace>\releases\V0.1.11/./docs/evidence/V0.1.1/native-independent-pro/multi_material.json
-- Up-to-date: <workspace>\releases\V0.1.11/./docs/evidence/V0.1.1/native-independent-pro/no_material.json
-- Up-to-date: <workspace>\releases\V0.1.11/./docs/evidence/V0.1.1/native-independent-pro/seam-cube.json
-- Up-to-date: <workspace>\releases\V0.1.11/./docs/evidence/V0.1.1/native-independent-pro/sloped_normals.json
-- Up-to-date: <workspace>\releases\V0.1.11/./docs/evidence/V0.1.1/native-independent-pro/summary.json
-- Up-to-date: <workspace>\releases\V0.1.11/./docs/evidence/V0.1.1/native-independent-pro/textured_quad.json
-- Up-to-date: <workspace>\releases\V0.1.11/./docs/evidence/V0.1.1/native-independent-pro/uv-plane.json
-- Up-to-date: <workspace>\releases\V0.1.11/./docs/evidence/V0.1.1/native-independent-pro/uv_transform.json
-- Up-to-date: <workspace>\releases\V0.1.11/./docs/evidence/V0.1.1/native-integration.json
-- Up-to-date: <workspace>\releases\V0.1.11/./docs/evidence/V0.1.1/pro-integration.json
-- Up-to-date: <workspace>\releases\V0.1.11/./docs/evidence/V0.1.1/visual
-- Up-to-date: <workspace>\releases\V0.1.11/./docs/evidence/V0.1.1/visual/assessment.json
-- Up-to-date: <workspace>\releases\V0.1.11/./docs/evidence/V0.1.1/visual/index.html
-- Up-to-date: <workspace>\releases\V0.1.11/./docs/evidence/V0.1.1/visual/renders
-- Up-to-date: <workspace>\releases\V0.1.11/./docs/evidence/V0.1.1/visual/renders/alpha-plane-top.png
-- Up-to-date: <workspace>\releases\V0.1.11/./docs/evidence/V0.1.1/visual/renders/color-cube-oblique.png
-- Up-to-date: <workspace>\releases\V0.1.11/./docs/evidence/V0.1.1/visual/renders/color-cube-opposite.png
-- Up-to-date: <workspace>\releases\V0.1.11/./docs/evidence/V0.1.1/visual/renders/color-cube-top.png
-- Up-to-date: <workspace>\releases\V0.1.11/./docs/evidence/V0.1.1/visual/renders/mixed-materials-oblique.png
-- Up-to-date: <workspace>\releases\V0.1.11/./docs/evidence/V0.1.1/visual/renders/mixed-materials-top.png
-- Up-to-date: <workspace>\releases\V0.1.11/./docs/evidence/V0.1.1/visual/renders/native-jpeg-plane-top.png
-- Up-to-date: <workspace>\releases\V0.1.11/./docs/evidence/V0.1.1/visual/renders/native-uv-plane-top.png
-- Up-to-date: <workspace>\releases\V0.1.11/./docs/evidence/V0.1.1/visual/renders/pro-jpeg-plane-top.png
-- Up-to-date: <workspace>\releases\V0.1.11/./docs/evidence/V0.1.1/visual/renders/seam-cube-oblique.png
-- Up-to-date: <workspace>\releases\V0.1.11/./docs/evidence/V0.1.1/visual/renders/seam-cube-opposite.png
-- Up-to-date: <workspace>\releases\V0.1.11/./docs/evidence/V0.1.1/visual/renders/seam-cube-top.png
-- Up-to-date: <workspace>\releases\V0.1.11/./docs/evidence/V0.1.1/visual/renders/standalone-copy-top.png
-- Up-to-date: <workspace>\releases\V0.1.11/./docs/evidence/V0.1.1/visual/renders/uv-plane-top.png
-- Up-to-date: <workspace>\releases\V0.1.11/./docs/evidence/V0.1.1/visual/sources
-- Up-to-date: <workspace>\releases\V0.1.11/./docs/evidence/V0.1.1/visual/sources/uv-direction.jpg
-- Up-to-date: <workspace>\releases\V0.1.11/./docs/evidence/V0.1.1/visual/sources/uv-direction.png
-- Up-to-date: <workspace>\releases\V0.1.11/./docs/evidence/V0.1.1/visual/visual-project.json
-- Up-to-date: <workspace>\releases\V0.1.11/./docs/evidence/V0.1.10
-- Up-to-date: <workspace>\releases\V0.1.11/./docs/evidence/V0.1.10/ubuntu-build.log
-- Up-to-date: <workspace>\releases\V0.1.11/./docs/evidence/V0.1.10/ubuntu-ctest-final.log
-- Up-to-date: <workspace>\releases\V0.1.11/./docs/evidence/V0.1.10/ubuntu-deployment.json
-- Up-to-date: <workspace>\releases\V0.1.11/./docs/evidence/V0.1.10/ubuntu-deployment.log
-- Up-to-date: <workspace>\releases\V0.1.11/./docs/evidence/V0.1.10/ubuntu-examples.json
-- Up-to-date: <workspace>\releases\V0.1.11/./docs/evidence/V0.1.10/ubuntu-examples.log
-- Up-to-date: <workspace>\releases\V0.1.11/./docs/evidence/V0.1.10/ubuntu-native.log
-- Up-to-date: <workspace>\releases\V0.1.11/./docs/evidence/V0.1.10/ubuntu-package-check.log
-- Up-to-date: <workspace>\releases\V0.1.11/./docs/evidence/V0.1.10/ubuntu-python-client.json
-- Up-to-date: <workspace>\releases\V0.1.11/./docs/evidence/V0.1.10/ubuntu-python-client.log
-- Up-to-date: <workspace>\releases\V0.1.11/./docs/evidence/V0.1.10/ubuntu-python-unit.log
-- Up-to-date: <workspace>\releases\V0.1.11/./docs/evidence/V0.1.10/windows-build.log
-- Up-to-date: <workspace>\releases\V0.1.11/./docs/evidence/V0.1.10/windows-ctest-final.log
-- Up-to-date: <workspace>\releases\V0.1.11/./docs/evidence/V0.1.10/windows-deployment.json
-- Up-to-date: <workspace>\releases\V0.1.11/./docs/evidence/V0.1.10/windows-examples.json
-- Up-to-date: <workspace>\releases\V0.1.11/./docs/evidence/V0.1.10/windows-gui-initial.json
-- Up-to-date: <workspace>\releases\V0.1.11/./docs/evidence/V0.1.10/windows-gui.json
-- Up-to-date: <workspace>\releases\V0.1.11/./docs/evidence/V0.1.10/windows-native.log
-- Up-to-date: <workspace>\releases\V0.1.11/./docs/evidence/V0.1.10/windows-package-check.log
-- Up-to-date: <workspace>\releases\V0.1.11/./docs/evidence/V0.1.10/windows-python-client.json
-- Up-to-date: <workspace>\releases\V0.1.11/./docs/evidence/V0.1.10/windows-python-unit.log
-- Up-to-date: <workspace>\releases\V0.1.11/./docs/evidence/V0.1.2
-- Up-to-date: <workspace>\releases\V0.1.11/./docs/evidence/V0.1.2/build.log
-- Up-to-date: <workspace>\releases\V0.1.11/./docs/evidence/V0.1.2/core-tests.log
-- Up-to-date: <workspace>\releases\V0.1.11/./docs/evidence/V0.1.2/dotnet-runtime-licenses.json
-- Up-to-date: <workspace>\releases\V0.1.11/./docs/evidence/V0.1.2/gui-demo-reset.txt
-- Up-to-date: <workspace>\releases\V0.1.11/./docs/evidence/V0.1.2/gui-native-report.json
-- Up-to-date: <workspace>\releases\V0.1.11/./docs/evidence/V0.1.2/gui-native-success.png
-- Up-to-date: <workspace>\releases\V0.1.11/./docs/evidence/V0.1.2/gui-native-success.txt
-- Up-to-date: <workspace>\releases\V0.1.11/./docs/evidence/V0.1.2/gui-pro-probe.txt
-- Up-to-date: <workspace>\releases\V0.1.11/./docs/evidence/V0.1.2/gui-tests.json
-- Up-to-date: <workspace>\releases\V0.1.11/./docs/evidence/V0.1.2/gui-ui-checks.json
-- Up-to-date: <workspace>\releases\V0.1.11/./docs/evidence/V0.1.2/native-tests.json
-- Up-to-date: <workspace>\releases\V0.1.11/./docs/evidence/V0.1.2/pro-tests.json
-- Up-to-date: <workspace>\releases\V0.1.11/./docs/evidence/V0.1.3
-- Up-to-date: <workspace>\releases\V0.1.11/./docs/evidence/V0.1.3/baseline-v012.json
-- Up-to-date: <workspace>\releases\V0.1.11/./docs/evidence/V0.1.3/core-build.log
-- Up-to-date: <workspace>\releases\V0.1.11/./docs/evidence/V0.1.3/core-tests.log
-- Up-to-date: <workspace>\releases\V0.1.11/./docs/evidence/V0.1.3/dotnet-runtime-licenses.json
-- Up-to-date: <workspace>\releases\V0.1.11/./docs/evidence/V0.1.3/final-strict-inspection.json
-- Up-to-date: <workspace>\releases\V0.1.11/./docs/evidence/V0.1.3/gui-build-final.log
-- Up-to-date: <workspace>\releases\V0.1.11/./docs/evidence/V0.1.3/gui-native-report.json
-- Up-to-date: <workspace>\releases\V0.1.11/./docs/evidence/V0.1.3/gui-no-overwrite-hashes.json
-- Up-to-date: <workspace>\releases\V0.1.11/./docs/evidence/V0.1.3/gui-no-overwrite.png
-- Up-to-date: <workspace>\releases\V0.1.11/./docs/evidence/V0.1.3/gui-no-overwrite.txt
-- Up-to-date: <workspace>\releases\V0.1.11/./docs/evidence/V0.1.3/gui-raw-report.png
-- Up-to-date: <workspace>\releases\V0.1.11/./docs/evidence/V0.1.3/gui-readable-report.png
-- Up-to-date: <workspace>\releases\V0.1.11/./docs/evidence/V0.1.3/gui-readable-report.txt
-- Up-to-date: <workspace>\releases\V0.1.11/./docs/evidence/V0.1.3/gui-real-success.png
-- Up-to-date: <workspace>\releases\V0.1.11/./docs/evidence/V0.1.3/gui-real-success.txt
-- Up-to-date: <workspace>\releases\V0.1.11/./docs/evidence/V0.1.3/gui-result-independent-pro.json
-- Up-to-date: <workspace>\releases\V0.1.11/./docs/evidence/V0.1.3/gui-result-independent-pro.log
-- Up-to-date: <workspace>\releases\V0.1.11/./docs/evidence/V0.1.3/gui-retry-new-name.png
-- Up-to-date: <workspace>\releases\V0.1.11/./docs/evidence/V0.1.3/gui-strict-failure.png
-- Up-to-date: <workspace>\releases\V0.1.11/./docs/evidence/V0.1.3/gui-tests.json
-- Up-to-date: <workspace>\releases\V0.1.11/./docs/evidence/V0.1.3/independent-pro-tool
-- Up-to-date: <workspace>\releases\V0.1.11/./docs/evidence/V0.1.3/independent-pro-tool/README.md
-- Up-to-date: <workspace>\releases\V0.1.11/./docs/evidence/V0.1.3/input-inspection.json
-- Up-to-date: <workspace>\releases\V0.1.11/./docs/evidence/V0.1.3/jpeg-normalization-pixels.json
-- Up-to-date: <workspace>\releases\V0.1.11/./docs/evidence/V0.1.3/native-pro-coordinate-differences.json
-- Up-to-date: <workspace>\releases\V0.1.11/./docs/evidence/V0.1.3/native-read-by-pro-final.log
-- Up-to-date: <workspace>\releases\V0.1.11/./docs/evidence/V0.1.3/native-read-by-pro.json
-- Up-to-date: <workspace>\releases\V0.1.11/./docs/evidence/V0.1.3/native-tests-final.log
-- Up-to-date: <workspace>\releases\V0.1.11/./docs/evidence/V0.1.3/native-tests.json
-- Up-to-date: <workspace>\releases\V0.1.11/./docs/evidence/V0.1.3/original-files-unchanged.json
-- Up-to-date: <workspace>\releases\V0.1.11/./docs/evidence/V0.1.3/pro-tests-jpeg-final.log
-- Up-to-date: <workspace>\releases\V0.1.11/./docs/evidence/V0.1.3/pro-tests.json
-- Up-to-date: <workspace>\releases\V0.1.11/./docs/evidence/V0.1.3/profile-tests.txt
-- Up-to-date: <workspace>\releases\V0.1.11/./docs/evidence/V0.1.3/real-pro-report.json
-- Up-to-date: <workspace>\releases\V0.1.11/./docs/evidence/V0.1.3/release-files.json
-- Up-to-date: <workspace>\releases\V0.1.11/./docs/evidence/V0.1.4
-- Up-to-date: <workspace>\releases\V0.1.11/./docs/evidence/V0.1.4/baseline-prepare.json
-- Up-to-date: <workspace>\releases\V0.1.11/./docs/evidence/V0.1.4/benchmark_prepare.py
-- Up-to-date: <workspace>\releases\V0.1.11/./docs/evidence/V0.1.4/core-build.log
-- Up-to-date: <workspace>\releases\V0.1.11/./docs/evidence/V0.1.4/core-tests.log
-- Up-to-date: <workspace>\releases\V0.1.11/./docs/evidence/V0.1.4/gui-build.log
-- Up-to-date: <workspace>\releases\V0.1.11/./docs/evidence/V0.1.4/gui-release-report.json
-- Up-to-date: <workspace>\releases\V0.1.11/./docs/evidence/V0.1.4/gui-release-success.png
-- Up-to-date: <workspace>\releases\V0.1.11/./docs/evidence/V0.1.4/gui-release-success.txt
-- Up-to-date: <workspace>\releases\V0.1.11/./docs/evidence/V0.1.4/gui-tests.json
-- Up-to-date: <workspace>\releases\V0.1.11/./docs/evidence/V0.1.4/native-tests.json
-- Up-to-date: <workspace>\releases\V0.1.11/./docs/evidence/V0.1.4/native-tests.log
-- Up-to-date: <workspace>\releases\V0.1.11/./docs/evidence/V0.1.4/original-files-unchanged.json
-- Up-to-date: <workspace>\releases\V0.1.11/./docs/evidence/V0.1.4/pro-tests.json
-- Up-to-date: <workspace>\releases\V0.1.11/./docs/evidence/V0.1.4/pro-tests.log
-- Up-to-date: <workspace>\releases\V0.1.11/./docs/evidence/V0.1.4/reader-benchmark.json
-- Up-to-date: <workspace>\releases\V0.1.11/./docs/evidence/V0.1.4/real-native-report.json
-- Up-to-date: <workspace>\releases\V0.1.11/./docs/evidence/V0.1.4/real-native-v013-equivalence.json
-- Up-to-date: <workspace>\releases\V0.1.11/./docs/evidence/V0.1.4/release-files.json
-- Up-to-date: <workspace>\releases\V0.1.11/./docs/evidence/V0.1.4/streaming-prepare.json
-- Up-to-date: <workspace>\releases\V0.1.11/./docs/evidence/V0.1.5
-- Up-to-date: <workspace>\releases\V0.1.11/./docs/evidence/V0.1.5/build.log
-- Up-to-date: <workspace>\releases\V0.1.11/./docs/evidence/V0.1.5/examples.json
-- Up-to-date: <workspace>\releases\V0.1.11/./docs/evidence/V0.1.5/gui-tests.json
-- Up-to-date: <workspace>\releases\V0.1.11/./docs/evidence/V0.1.5/native-deployment.json
-- Up-to-date: <workspace>\releases\V0.1.11/./docs/evidence/V0.1.5/native-tests.json
-- Up-to-date: <workspace>\releases\V0.1.11/./docs/evidence/V0.1.5/release-checks.json
-- Up-to-date: <workspace>\releases\V0.1.11/./docs/evidence/V0.1.5/release-dependencies.json
-- Up-to-date: <workspace>\releases\V0.1.11/./docs/evidence/V0.1.6
-- Up-to-date: <workspace>\releases\V0.1.11/./docs/evidence/V0.1.6/cross_readback.py
-- Up-to-date: <workspace>\releases\V0.1.11/./docs/evidence/V0.1.6/independent-os-output-comparison.json
-- Up-to-date: <workspace>\releases\V0.1.11/./docs/evidence/V0.1.6/ubuntu-alpha-plane.json
-- Up-to-date: <workspace>\releases\V0.1.11/./docs/evidence/V0.1.6/ubuntu-archive-deployment.json
-- Up-to-date: <workspace>\releases\V0.1.11/./docs/evidence/V0.1.6/ubuntu-build.log
-- Up-to-date: <workspace>\releases\V0.1.11/./docs/evidence/V0.1.6/ubuntu-deployment.json
-- Up-to-date: <workspace>\releases\V0.1.11/./docs/evidence/V0.1.6/ubuntu-deployment.log
-- Up-to-date: <workspace>\releases\V0.1.11/./docs/evidence/V0.1.6/ubuntu-environment.log
-- Up-to-date: <workspace>\releases\V0.1.11/./docs/evidence/V0.1.6/ubuntu-examples.json
-- Up-to-date: <workspace>\releases\V0.1.11/./docs/evidence/V0.1.6/ubuntu-examples.log
-- Up-to-date: <workspace>\releases\V0.1.11/./docs/evidence/V0.1.6/ubuntu-native.json
-- Up-to-date: <workspace>\releases\V0.1.11/./docs/evidence/V0.1.6/ubuntu-native.log
-- Up-to-date: <workspace>\releases\V0.1.11/./docs/evidence/V0.1.6/ubuntu-package.log
-- Up-to-date: <workspace>\releases\V0.1.11/./docs/evidence/V0.1.6/ubuntu-sloped_normals.json
-- Up-to-date: <workspace>\releases\V0.1.11/./docs/evidence/V0.1.6/ubuntu-textured_quad.json
-- Up-to-date: <workspace>\releases\V0.1.11/./docs/evidence/V0.1.6/ubuntu-to-windows.json
-- Up-to-date: <workspace>\releases\V0.1.11/./docs/evidence/V0.1.6/windows-alpha-plane.json
-- Up-to-date: <workspace>\releases\V0.1.11/./docs/evidence/V0.1.6/windows-build.log
-- Up-to-date: <workspace>\releases\V0.1.11/./docs/evidence/V0.1.6/windows-deployment.json
-- Up-to-date: <workspace>\releases\V0.1.11/./docs/evidence/V0.1.6/windows-examples.json
-- Up-to-date: <workspace>\releases\V0.1.11/./docs/evidence/V0.1.6/windows-gui.json
-- Up-to-date: <workspace>\releases\V0.1.11/./docs/evidence/V0.1.6/windows-native.json
-- Up-to-date: <workspace>\releases\V0.1.11/./docs/evidence/V0.1.6/windows-native.log
-- Up-to-date: <workspace>\releases\V0.1.11/./docs/evidence/V0.1.6/windows-sloped_normals.json
-- Up-to-date: <workspace>\releases\V0.1.11/./docs/evidence/V0.1.6/windows-textured_quad.json
-- Up-to-date: <workspace>\releases\V0.1.11/./docs/evidence/V0.1.6/windows-to-ubuntu.json
-- Up-to-date: <workspace>\releases\V0.1.11/./docs/evidence/V0.1.6/windows-unified-build.log
-- Up-to-date: <workspace>\releases\V0.1.11/./docs/evidence/V0.1.7
-- Up-to-date: <workspace>\releases\V0.1.11/./docs/evidence/V0.1.7/real-model-assessment.json
-- Up-to-date: <workspace>\releases\V0.1.11/./docs/evidence/V0.1.7/ubuntu-build.log
-- Up-to-date: <workspace>\releases\V0.1.11/./docs/evidence/V0.1.7/ubuntu-deployment.json
-- Up-to-date: <workspace>\releases\V0.1.11/./docs/evidence/V0.1.7/ubuntu-deployment.log
-- Up-to-date: <workspace>\releases\V0.1.11/./docs/evidence/V0.1.7/ubuntu-examples.json
-- Up-to-date: <workspace>\releases\V0.1.11/./docs/evidence/V0.1.7/ubuntu-examples.log
-- Up-to-date: <workspace>\releases\V0.1.11/./docs/evidence/V0.1.7/ubuntu-missing-textures.log
-- Up-to-date: <workspace>\releases\V0.1.11/./docs/evidence/V0.1.7/ubuntu-native.log
-- Up-to-date: <workspace>\releases\V0.1.11/./docs/evidence/V0.1.7/ubuntu-package-check.log
-- Up-to-date: <workspace>\releases\V0.1.11/./docs/evidence/V0.1.7/windows-build.log
-- Up-to-date: <workspace>\releases\V0.1.11/./docs/evidence/V0.1.7/windows-deployment.json
-- Up-to-date: <workspace>\releases\V0.1.11/./docs/evidence/V0.1.7/windows-examples.json
-- Up-to-date: <workspace>\releases\V0.1.11/./docs/evidence/V0.1.7/windows-gui.json
-- Up-to-date: <workspace>\releases\V0.1.11/./docs/evidence/V0.1.7/windows-missing-textures.log
-- Up-to-date: <workspace>\releases\V0.1.11/./docs/evidence/V0.1.7/windows-native.log
-- Up-to-date: <workspace>\releases\V0.1.11/./docs/evidence/V0.1.7/windows-package-check.log
-- Up-to-date: <workspace>\releases\V0.1.11/./docs/evidence/V0.1.8
-- Up-to-date: <workspace>\releases\V0.1.11/./docs/evidence/V0.1.8/real-model-assessment.json
-- Up-to-date: <workspace>\releases\V0.1.11/./docs/evidence/V0.1.8/ubuntu-build.log
-- Up-to-date: <workspace>\releases\V0.1.11/./docs/evidence/V0.1.8/ubuntu-deployment.json
-- Up-to-date: <workspace>\releases\V0.1.11/./docs/evidence/V0.1.8/ubuntu-deployment.log
-- Up-to-date: <workspace>\releases\V0.1.11/./docs/evidence/V0.1.8/ubuntu-examples.json
-- Up-to-date: <workspace>\releases\V0.1.11/./docs/evidence/V0.1.8/ubuntu-examples.log
-- Up-to-date: <workspace>\releases\V0.1.11/./docs/evidence/V0.1.8/ubuntu-final-ctest.log
-- Up-to-date: <workspace>\releases\V0.1.11/./docs/evidence/V0.1.8/ubuntu-final-native-build.log
-- Up-to-date: <workspace>\releases\V0.1.11/./docs/evidence/V0.1.8/ubuntu-native.log
-- Up-to-date: <workspace>\releases\V0.1.11/./docs/evidence/V0.1.8/ubuntu-normal.log
-- Up-to-date: <workspace>\releases\V0.1.11/./docs/evidence/V0.1.8/ubuntu-package-check.log
-- Up-to-date: <workspace>\releases\V0.1.11/./docs/evidence/V0.1.8/windows-build.log
-- Up-to-date: <workspace>\releases\V0.1.11/./docs/evidence/V0.1.8/windows-deployment.json
-- Up-to-date: <workspace>\releases\V0.1.11/./docs/evidence/V0.1.8/windows-examples.json
-- Up-to-date: <workspace>\releases\V0.1.11/./docs/evidence/V0.1.8/windows-gui.json
-- Up-to-date: <workspace>\releases\V0.1.11/./docs/evidence/V0.1.8/windows-native.log
-- Up-to-date: <workspace>\releases\V0.1.11/./docs/evidence/V0.1.8/windows-normal.log
-- Up-to-date: <workspace>\releases\V0.1.11/./docs/evidence/V0.1.8/windows-package-check.log
-- Up-to-date: <workspace>\releases\V0.1.11/./docs/evidence/V0.1.9
-- Up-to-date: <workspace>\releases\V0.1.11/./docs/evidence/V0.1.9/ubuntu-build.log
-- Up-to-date: <workspace>\releases\V0.1.11/./docs/evidence/V0.1.9/ubuntu-deployment.json
-- Up-to-date: <workspace>\releases\V0.1.11/./docs/evidence/V0.1.9/ubuntu-deployment.log
-- Up-to-date: <workspace>\releases\V0.1.11/./docs/evidence/V0.1.9/ubuntu-examples.json
-- Up-to-date: <workspace>\releases\V0.1.11/./docs/evidence/V0.1.9/ubuntu-examples.log
-- Up-to-date: <workspace>\releases\V0.1.11/./docs/evidence/V0.1.9/ubuntu-native.log
-- Up-to-date: <workspace>\releases\V0.1.11/./docs/evidence/V0.1.9/ubuntu-package-check.log
-- Up-to-date: <workspace>\releases\V0.1.11/./docs/evidence/V0.1.9/ubuntu-python-client.json
-- Up-to-date: <workspace>\releases\V0.1.11/./docs/evidence/V0.1.9/ubuntu-python-client.log
-- Up-to-date: <workspace>\releases\V0.1.11/./docs/evidence/V0.1.9/ubuntu-python-unit.log
-- Up-to-date: <workspace>\releases\V0.1.11/./docs/evidence/V0.1.9/windows-build.log
-- Up-to-date: <workspace>\releases\V0.1.11/./docs/evidence/V0.1.9/windows-deployment.json
-- Up-to-date: <workspace>\releases\V0.1.11/./docs/evidence/V0.1.9/windows-examples.json
-- Up-to-date: <workspace>\releases\V0.1.11/./docs/evidence/V0.1.9/windows-gui.json
-- Up-to-date: <workspace>\releases\V0.1.11/./docs/evidence/V0.1.9/windows-native.log
-- Up-to-date: <workspace>\releases\V0.1.11/./docs/evidence/V0.1.9/windows-package-check.log
-- Up-to-date: <workspace>\releases\V0.1.11/./docs/evidence/V0.1.9/windows-python-client.json
-- Up-to-date: <workspace>\releases\V0.1.11/./docs/evidence/V0.1.9/windows-python-example.log
-- Up-to-date: <workspace>\releases\V0.1.11/./docs/evidence/V0.1.9/windows-python-unit.log
-- Up-to-date: <workspace>\releases\V0.1.11/./docs/gui.md
-- Up-to-date: <workspace>\releases\V0.1.11/./docs/python-client.md
-- Installing: <workspace>\releases\V0.1.11/./docs/roadmap.md
-- Up-to-date: <workspace>\releases\V0.1.11/./docs/validation-results.md
-- Up-to-date: <workspace>\releases\V0.1.11/./docs/validation-v0.1.1.md
-- Up-to-date: <workspace>\releases\V0.1.11/./docs/validation-v0.1.10.md
-- Up-to-date: <workspace>\releases\V0.1.11/./docs/validation-v0.1.2.md
-- Up-to-date: <workspace>\releases\V0.1.11/./docs/validation-v0.1.3.md
-- Up-to-date: <workspace>\releases\V0.1.11/./docs/validation-v0.1.4.md
-- Up-to-date: <workspace>\releases\V0.1.11/./docs/validation-v0.1.5.md
-- Up-to-date: <workspace>\releases\V0.1.11/./docs/validation-v0.1.6.md
-- Up-to-date: <workspace>\releases\V0.1.11/./docs/validation-v0.1.7.md
-- Up-to-date: <workspace>\releases\V0.1.11/./docs/validation-v0.1.8.md
-- Up-to-date: <workspace>\releases\V0.1.11/./docs/validation-v0.1.9.md
-- Up-to-date: <workspace>\releases\V0.1.11/./docs/visual-acceptance-setup.md
-- Installing: <workspace>\releases\V0.1.11/./README.md
-- Up-to-date: <workspace>\releases\V0.1.11/./VERSION
-- Installing: <workspace>\releases\V0.1.11/./CHANGELOG.md
-- Up-to-date: <workspace>\releases\V0.1.11/./THIRD_PARTY_NOTICES.md
-- Up-to-date: <workspace>\releases\V0.1.11/licenses/ufbx/LICENSE
-- Up-to-date: <workspace>\releases\V0.1.11/licenses/nlohmann/LICENSE.MIT
-- Configuring done (0.0s)
-- Generating done (0.0s)
-- Build files have been written to: <workspace>/build/v018-native
[1/2] Building CXX object CMakeFiles\GeoModelBridge.NativeWriter.dir\main.cpp.obj
[2/2] Linking CXX executable GeoModelBridge.NativeWriter.exe
-- Install configuration: "Release"
-- Installing: <workspace>\releases\V0.1.11/bin/native-filegdb/GeoModelBridge.NativeWriter.exe
-- Installing: <workspace>\releases\V0.1.11/bin/native-filegdb/FileGDBAPI.dll
-- Installing: <workspace>\releases\V0.1.11/licenses/filegdb-api/Apache License.pdf
-- Installing: <workspace>\releases\V0.1.11/licenses/filegdb-api/userestrictions.txt
-- Installing: <workspace>\releases\V0.1.11/licenses/filegdb-api/README-windows_VS2022.txt
-- Installing: <workspace>\releases\V0.1.11/licenses/filegdb-api/sdk-sources.json
{"arcgis_pro_required":false,"backend":"native-filegdb","filegdb_api":"1.5.5","status":"available","version":"0.1.11"}
  正在确定要还原的项目…
  已还原 <workspace>\apps\GeoModelBridge.Gui.Core\GeoModelBridge.Gui.Core.csproj (用时 1.11 秒)。
  已还原 <workspace>\apps\GeoModelBridge.Gui\GeoModelBridge.Gui.csproj (用时 1.13 秒)。
  GeoModelBridge.Gui.Core -> <workspace>\apps\GeoModelBridge.Gui.Core\bin\Release\net8.0\GeoModelBridge.Gui.Core.dll
  GeoModelBridge.Gui -> <workspace>\apps\GeoModelBridge.Gui\bin\Release\net8.0-windows\win-x64\geomodelbridgeGUI.dll
  GeoModelBridge.Gui -> <workspace>\releases\V0.1.11\bin\
Installed 3 original .NET runtime notice files: <workspace>\releases\V0.1.11\licenses\dotnet
GUI: <workspace>\releases\V0.1.11\bin\geomodelbridgeGUI.exe
Verified ufbx 0.23.0
Verified nlohmann/json 3.12.0
Verified FileGDB API 1.5.5.330 runtime and original license files
GeoModelBridge built and tested. CLI: <workspace>\releases\V0.1.11\bin\geomodelbridge.exe
