Verified GeoModelBridge 0.1.13: 7 required declarations and runtime release references agree.
Verified ufbx 0.23.0
Verified nlohmann/json 3.12.0
Verified FileGDB API 1.5.5.330 runtime and original license files
-- Native FileGDB runtime: bundled beside the built writer and installed to bin/native-filegdb (licenses in licenses/filegdb-api)
-- Configuring done (1.3s)
-- Generating done (0.1s)
-- Build files have been written to: <workspace>/build/linux-x64
[1/2] Linking CXX executable backends/native-filegdb/GeoModelBridge.NativeWriter
[2/2] Copying official FileGDB runtime beside the native writer
PASS build-tree runtime hashes, writer -h/--help and SDK probe without development SDK paths
Internal ctest changing into directory: <workspace>/build/linux-x64
Test project <workspace>/build/linux-x64
    Start 1: core
1/9 Test #1: core .............................   Passed    0.13 sec
    Start 2: output_safety
2/9 Test #2: output_safety ....................   Passed    0.16 sec
    Start 3: cli
3/9 Test #3: cli ..............................   Passed    1.06 sec
    Start 4: reader_integration
4/9 Test #4: reader_integration ...............   Passed    0.78 sec
    Start 5: binary_fbx
5/9 Test #5: binary_fbx .......................   Passed    0.44 sec
    Start 6: profile_integration
6/9 Test #6: profile_integration ..............   Passed    2.24 sec
    Start 7: missing_textures
7/9 Test #7: missing_textures .................   Passed    1.05 sec
    Start 8: normal_repair
8/9 Test #8: normal_repair ....................   Passed    0.70 sec
    Start 9: python_client
9/9 Test #9: python_client ....................   Passed    3.02 sec

100% tests passed, 0 tests failed out of 9

Total Test time (real) =   9.61 sec
-- Install configuration: "Release"
-- Up-to-date: <workspace>/releases/V0.1.13/bin/geomodelbridge
-- Up-to-date: <workspace>/releases/V0.1.13/bin/demo/textured_quad.fbx
-- Up-to-date: <workspace>/releases/V0.1.13/bin/demo/checker.png
-- Up-to-date: <workspace>/releases/V0.1.13/python/geomodelbridge
-- Up-to-date: <workspace>/releases/V0.1.13/python/geomodelbridge/client.py
-- Up-to-date: <workspace>/releases/V0.1.13/python/geomodelbridge/__init__.py
-- Up-to-date: <workspace>/releases/V0.1.13/python/geomodelbridge/_version.py
-- Up-to-date: <workspace>/releases/V0.1.13/python/examples/convert_fbx.py
-- Installing: <workspace>/releases/V0.1.13/bin/native-filegdb/GeoModelBridge.NativeWriter
-- Up-to-date: <workspace>/releases/V0.1.13/bin/native-filegdb/libFileGDBAPI.so
-- Up-to-date: <workspace>/releases/V0.1.13/bin/native-filegdb/libfgdbunixrtl.so
-- Up-to-date: <workspace>/releases/V0.1.13/licenses/filegdb-api
-- Up-to-date: <workspace>/releases/V0.1.13/licenses/filegdb-api/Acknowledgements
-- Up-to-date: <workspace>/releases/V0.1.13/licenses/filegdb-api/userestrictions.txt
-- Up-to-date: <workspace>/releases/V0.1.13/licenses/filegdb-api/Apache License.pdf
-- Up-to-date: <workspace>/releases/V0.1.13/licenses/filegdb-api/AUTHORS
-- Up-to-date: <workspace>/releases/V0.1.13/licenses/filegdb-api/Acknowledgements-FGDBUnixRTL
-- Up-to-date: <workspace>/releases/V0.1.13/licenses/filegdb-api/README
-- Up-to-date: <workspace>/releases/V0.1.13/licenses/filegdb-api/sdk-sources-linux.json
-- Up-to-date: <workspace>/releases/V0.1.13/./docs
-- Up-to-date: <workspace>/releases/V0.1.13/./docs/gui.md
-- Up-to-date: <workspace>/releases/V0.1.13/./docs/validation-results.md
-- Up-to-date: <workspace>/releases/V0.1.13/./docs/validation-v0.1.8.md
-- Up-to-date: <workspace>/releases/V0.1.13/./docs/validation-v0.1.4.md
-- Up-to-date: <workspace>/releases/V0.1.13/./docs/validation-v0.1.6.md
-- Installing: <workspace>/releases/V0.1.13/./docs/command-line.md
-- Up-to-date: <workspace>/releases/V0.1.13/./docs/acceptance.md
-- Up-to-date: <workspace>/releases/V0.1.13/./docs/validation-v0.1.2.md
-- Up-to-date: <workspace>/releases/V0.1.13/./docs/visual-acceptance-setup.md
-- Up-to-date: <workspace>/releases/V0.1.13/./docs/architecture.md
-- Up-to-date: <workspace>/releases/V0.1.13/./docs/compatibility.md
-- Up-to-date: <workspace>/releases/V0.1.13/./docs/validation-v0.1.7.md
-- Up-to-date: <workspace>/releases/V0.1.13/./docs/bundle-format.md
-- Installing: <workspace>/releases/V0.1.13/./docs/filegdb-api.md
-- Up-to-date: <workspace>/releases/V0.1.13/./docs/validation-v0.1.3.md
-- Installing: <workspace>/releases/V0.1.13/./docs/build-and-release.md
-- Up-to-date: <workspace>/releases/V0.1.13/./docs/validation-v0.1.10.md
-- Up-to-date: <workspace>/releases/V0.1.13/./docs/validation-v0.1.11.md
-- Up-to-date: <workspace>/releases/V0.1.13/./docs/roadmap.md
-- Up-to-date: <workspace>/releases/V0.1.13/./docs/validation-v0.1.5.md
-- Up-to-date: <workspace>/releases/V0.1.13/./docs/python-client.md
-- Up-to-date: <workspace>/releases/V0.1.13/./docs/validation-v0.1.12.md
-- Up-to-date: <workspace>/releases/V0.1.13/./docs/evidence
-- Up-to-date: <workspace>/releases/V0.1.13/./docs/evidence/pro-integration.json
-- Up-to-date: <workspace>/releases/V0.1.13/./docs/evidence/V0.1.6
-- Up-to-date: <workspace>/releases/V0.1.13/./docs/evidence/V0.1.6/windows-examples.json
-- Up-to-date: <workspace>/releases/V0.1.13/./docs/evidence/V0.1.6/windows-gui.json
-- Up-to-date: <workspace>/releases/V0.1.13/./docs/evidence/V0.1.6/ubuntu-to-windows.json
-- Up-to-date: <workspace>/releases/V0.1.13/./docs/evidence/V0.1.6/windows-build.log
-- Up-to-date: <workspace>/releases/V0.1.13/./docs/evidence/V0.1.6/ubuntu-native.json
-- Up-to-date: <workspace>/releases/V0.1.13/./docs/evidence/V0.1.6/ubuntu-examples.log
-- Up-to-date: <workspace>/releases/V0.1.13/./docs/evidence/V0.1.6/windows-sloped_normals.json
-- Up-to-date: <workspace>/releases/V0.1.13/./docs/evidence/V0.1.6/windows-alpha-plane.json
-- Up-to-date: <workspace>/releases/V0.1.13/./docs/evidence/V0.1.6/ubuntu-examples.json
-- Up-to-date: <workspace>/releases/V0.1.13/./docs/evidence/V0.1.6/ubuntu-archive-deployment.json
-- Up-to-date: <workspace>/releases/V0.1.13/./docs/evidence/V0.1.6/ubuntu-build.log
-- Up-to-date: <workspace>/releases/V0.1.13/./docs/evidence/V0.1.6/ubuntu-environment.log
-- Up-to-date: <workspace>/releases/V0.1.13/./docs/evidence/V0.1.6/ubuntu-deployment.log
-- Up-to-date: <workspace>/releases/V0.1.13/./docs/evidence/V0.1.6/windows-to-ubuntu.json
-- Up-to-date: <workspace>/releases/V0.1.13/./docs/evidence/V0.1.6/windows-unified-build.log
-- Up-to-date: <workspace>/releases/V0.1.13/./docs/evidence/V0.1.6/independent-os-output-comparison.json
-- Up-to-date: <workspace>/releases/V0.1.13/./docs/evidence/V0.1.6/ubuntu-textured_quad.json
-- Up-to-date: <workspace>/releases/V0.1.13/./docs/evidence/V0.1.6/windows-deployment.json
-- Up-to-date: <workspace>/releases/V0.1.13/./docs/evidence/V0.1.6/windows-textured_quad.json
-- Up-to-date: <workspace>/releases/V0.1.13/./docs/evidence/V0.1.6/ubuntu-package.log
-- Up-to-date: <workspace>/releases/V0.1.13/./docs/evidence/V0.1.6/windows-native.json
-- Up-to-date: <workspace>/releases/V0.1.13/./docs/evidence/V0.1.6/ubuntu-sloped_normals.json
-- Up-to-date: <workspace>/releases/V0.1.13/./docs/evidence/V0.1.6/windows-native.log
-- Up-to-date: <workspace>/releases/V0.1.13/./docs/evidence/V0.1.6/cross_readback.py
-- Up-to-date: <workspace>/releases/V0.1.13/./docs/evidence/V0.1.6/ubuntu-alpha-plane.json
-- Up-to-date: <workspace>/releases/V0.1.13/./docs/evidence/V0.1.6/ubuntu-deployment.json
-- Up-to-date: <workspace>/releases/V0.1.13/./docs/evidence/V0.1.6/ubuntu-native.log
-- Up-to-date: <workspace>/releases/V0.1.13/./docs/evidence/V0.1.3
-- Up-to-date: <workspace>/releases/V0.1.13/./docs/evidence/V0.1.3/gui-result-independent-pro.log
-- Up-to-date: <workspace>/releases/V0.1.13/./docs/evidence/V0.1.3/gui-no-overwrite-hashes.json
-- Up-to-date: <workspace>/releases/V0.1.13/./docs/evidence/V0.1.3/native-tests.json
-- Up-to-date: <workspace>/releases/V0.1.13/./docs/evidence/V0.1.3/gui-readable-report.txt
-- Up-to-date: <workspace>/releases/V0.1.13/./docs/evidence/V0.1.3/gui-tests.json
-- Up-to-date: <workspace>/releases/V0.1.13/./docs/evidence/V0.1.3/real-pro-report.json
-- Up-to-date: <workspace>/releases/V0.1.13/./docs/evidence/V0.1.3/gui-no-overwrite.png
-- Up-to-date: <workspace>/releases/V0.1.13/./docs/evidence/V0.1.3/dotnet-runtime-licenses.json
-- Up-to-date: <workspace>/releases/V0.1.13/./docs/evidence/V0.1.3/native-pro-coordinate-differences.json
-- Up-to-date: <workspace>/releases/V0.1.13/./docs/evidence/V0.1.3/gui-readable-report.png
-- Up-to-date: <workspace>/releases/V0.1.13/./docs/evidence/V0.1.3/core-tests.log
-- Up-to-date: <workspace>/releases/V0.1.13/./docs/evidence/V0.1.3/gui-real-success.txt
-- Up-to-date: <workspace>/releases/V0.1.13/./docs/evidence/V0.1.3/original-files-unchanged.json
-- Up-to-date: <workspace>/releases/V0.1.13/./docs/evidence/V0.1.3/profile-tests.txt
-- Up-to-date: <workspace>/releases/V0.1.13/./docs/evidence/V0.1.3/gui-retry-new-name.png
-- Up-to-date: <workspace>/releases/V0.1.13/./docs/evidence/V0.1.3/gui-no-overwrite.txt
-- Up-to-date: <workspace>/releases/V0.1.13/./docs/evidence/V0.1.3/gui-native-report.json
-- Up-to-date: <workspace>/releases/V0.1.13/./docs/evidence/V0.1.3/final-strict-inspection.json
-- Up-to-date: <workspace>/releases/V0.1.13/./docs/evidence/V0.1.3/native-tests-final.log
-- Up-to-date: <workspace>/releases/V0.1.13/./docs/evidence/V0.1.3/gui-strict-failure.png
-- Up-to-date: <workspace>/releases/V0.1.13/./docs/evidence/V0.1.3/native-read-by-pro.json
-- Up-to-date: <workspace>/releases/V0.1.13/./docs/evidence/V0.1.3/gui-real-success.png
-- Up-to-date: <workspace>/releases/V0.1.13/./docs/evidence/V0.1.3/core-build.log
-- Up-to-date: <workspace>/releases/V0.1.13/./docs/evidence/V0.1.3/independent-pro-tool
-- Up-to-date: <workspace>/releases/V0.1.13/./docs/evidence/V0.1.3/independent-pro-tool/README.md
-- Up-to-date: <workspace>/releases/V0.1.13/./docs/evidence/V0.1.3/baseline-v012.json
-- Up-to-date: <workspace>/releases/V0.1.13/./docs/evidence/V0.1.3/gui-build-final.log
-- Up-to-date: <workspace>/releases/V0.1.13/./docs/evidence/V0.1.3/jpeg-normalization-pixels.json
-- Up-to-date: <workspace>/releases/V0.1.13/./docs/evidence/V0.1.3/input-inspection.json
-- Up-to-date: <workspace>/releases/V0.1.13/./docs/evidence/V0.1.3/pro-tests.json
-- Up-to-date: <workspace>/releases/V0.1.13/./docs/evidence/V0.1.3/native-read-by-pro-final.log
-- Up-to-date: <workspace>/releases/V0.1.13/./docs/evidence/V0.1.3/gui-raw-report.png
-- Up-to-date: <workspace>/releases/V0.1.13/./docs/evidence/V0.1.3/gui-result-independent-pro.json
-- Up-to-date: <workspace>/releases/V0.1.13/./docs/evidence/V0.1.3/release-files.json
-- Up-to-date: <workspace>/releases/V0.1.13/./docs/evidence/V0.1.3/pro-tests-jpeg-final.log
-- Up-to-date: <workspace>/releases/V0.1.13/./docs/evidence/V0.1.11
-- Up-to-date: <workspace>/releases/V0.1.13/./docs/evidence/V0.1.11/ubuntu-build-final.log
-- Up-to-date: <workspace>/releases/V0.1.13/./docs/evidence/V0.1.11/ubuntu-python-client.log
-- Up-to-date: <workspace>/releases/V0.1.13/./docs/evidence/V0.1.11/windows-examples.json
-- Up-to-date: <workspace>/releases/V0.1.13/./docs/evidence/V0.1.11/windows-gui.json
-- Up-to-date: <workspace>/releases/V0.1.13/./docs/evidence/V0.1.11/ubuntu-output-safety.log
-- Up-to-date: <workspace>/releases/V0.1.13/./docs/evidence/V0.1.11/windows-build-final.log
-- Up-to-date: <workspace>/releases/V0.1.13/./docs/evidence/V0.1.11/windows-deployment.log
-- Up-to-date: <workspace>/releases/V0.1.13/./docs/evidence/V0.1.11/ubuntu-native.json
-- Up-to-date: <workspace>/releases/V0.1.13/./docs/evidence/V0.1.11/windows-ctest-final.log
-- Up-to-date: <workspace>/releases/V0.1.13/./docs/evidence/V0.1.11/ubuntu-examples.log
-- Up-to-date: <workspace>/releases/V0.1.13/./docs/evidence/V0.1.11/windows-output-safety.log
-- Up-to-date: <workspace>/releases/V0.1.13/./docs/evidence/V0.1.11/windows-output-build.log
-- Up-to-date: <workspace>/releases/V0.1.13/./docs/evidence/V0.1.11/ubuntu-python-unit.log
-- Up-to-date: <workspace>/releases/V0.1.13/./docs/evidence/V0.1.11/windows-package.log
-- Up-to-date: <workspace>/releases/V0.1.13/./docs/evidence/V0.1.11/windows-examples.log
-- Up-to-date: <workspace>/releases/V0.1.13/./docs/evidence/V0.1.11/ubuntu-package-final.log
-- Up-to-date: <workspace>/releases/V0.1.13/./docs/evidence/V0.1.11/ubuntu-examples.json
-- Up-to-date: <workspace>/releases/V0.1.13/./docs/evidence/V0.1.11/windows-build-initial.log
-- Up-to-date: <workspace>/releases/V0.1.13/./docs/evidence/V0.1.11/ubuntu-deployment.log
-- Up-to-date: <workspace>/releases/V0.1.13/./docs/evidence/V0.1.11/windows-python-client.log
-- Up-to-date: <workspace>/releases/V0.1.13/./docs/evidence/V0.1.11/windows-deployment.json
-- Up-to-date: <workspace>/releases/V0.1.13/./docs/evidence/V0.1.11/ubuntu-package.log
-- Up-to-date: <workspace>/releases/V0.1.13/./docs/evidence/V0.1.11/windows-python-client.json
-- Up-to-date: <workspace>/releases/V0.1.13/./docs/evidence/V0.1.11/ubuntu-ctest-final.log
-- Up-to-date: <workspace>/releases/V0.1.13/./docs/evidence/V0.1.11/windows-package-final.log
-- Up-to-date: <workspace>/releases/V0.1.13/./docs/evidence/V0.1.11/windows-python-unit.log
-- Up-to-date: <workspace>/releases/V0.1.13/./docs/evidence/V0.1.11/windows-gui.log
-- Up-to-date: <workspace>/releases/V0.1.13/./docs/evidence/V0.1.11/windows-native.json
-- Up-to-date: <workspace>/releases/V0.1.13/./docs/evidence/V0.1.11/windows-native.log
-- Up-to-date: <workspace>/releases/V0.1.13/./docs/evidence/V0.1.11/ubuntu-build-initial.log
-- Up-to-date: <workspace>/releases/V0.1.13/./docs/evidence/V0.1.11/ubuntu-python-client.json
-- Up-to-date: <workspace>/releases/V0.1.13/./docs/evidence/V0.1.11/ubuntu-deployment.json
-- Up-to-date: <workspace>/releases/V0.1.13/./docs/evidence/V0.1.11/ubuntu-native.log
-- Up-to-date: <workspace>/releases/V0.1.13/./docs/evidence/V0.1.10
-- Up-to-date: <workspace>/releases/V0.1.13/./docs/evidence/V0.1.10/ubuntu-python-client.log
-- Up-to-date: <workspace>/releases/V0.1.13/./docs/evidence/V0.1.10/windows-examples.json
-- Up-to-date: <workspace>/releases/V0.1.13/./docs/evidence/V0.1.10/windows-gui.json
-- Up-to-date: <workspace>/releases/V0.1.13/./docs/evidence/V0.1.10/windows-build.log
-- Up-to-date: <workspace>/releases/V0.1.13/./docs/evidence/V0.1.10/windows-ctest-final.log
-- Up-to-date: <workspace>/releases/V0.1.13/./docs/evidence/V0.1.10/ubuntu-examples.log
-- Up-to-date: <workspace>/releases/V0.1.13/./docs/evidence/V0.1.10/ubuntu-package-check.log
-- Up-to-date: <workspace>/releases/V0.1.13/./docs/evidence/V0.1.10/ubuntu-python-unit.log
-- Up-to-date: <workspace>/releases/V0.1.13/./docs/evidence/V0.1.10/ubuntu-examples.json
-- Up-to-date: <workspace>/releases/V0.1.13/./docs/evidence/V0.1.10/ubuntu-build.log
-- Up-to-date: <workspace>/releases/V0.1.13/./docs/evidence/V0.1.10/ubuntu-deployment.log
-- Up-to-date: <workspace>/releases/V0.1.13/./docs/evidence/V0.1.10/windows-package-check.log
-- Up-to-date: <workspace>/releases/V0.1.13/./docs/evidence/V0.1.10/windows-deployment.json
-- Up-to-date: <workspace>/releases/V0.1.13/./docs/evidence/V0.1.10/windows-python-client.json
-- Up-to-date: <workspace>/releases/V0.1.13/./docs/evidence/V0.1.10/ubuntu-ctest-final.log
-- Up-to-date: <workspace>/releases/V0.1.13/./docs/evidence/V0.1.10/windows-python-unit.log
-- Up-to-date: <workspace>/releases/V0.1.13/./docs/evidence/V0.1.10/windows-native.log
-- Up-to-date: <workspace>/releases/V0.1.13/./docs/evidence/V0.1.10/ubuntu-python-client.json
-- Up-to-date: <workspace>/releases/V0.1.13/./docs/evidence/V0.1.10/windows-gui-initial.json
-- Up-to-date: <workspace>/releases/V0.1.13/./docs/evidence/V0.1.10/ubuntu-deployment.json
-- Up-to-date: <workspace>/releases/V0.1.13/./docs/evidence/V0.1.10/ubuntu-native.log
-- Up-to-date: <workspace>/releases/V0.1.13/./docs/evidence/core-tests.log
-- Up-to-date: <workspace>/releases/V0.1.13/./docs/evidence/V0.1.2
-- Up-to-date: <workspace>/releases/V0.1.13/./docs/evidence/V0.1.2/gui-native-success.png
-- Up-to-date: <workspace>/releases/V0.1.13/./docs/evidence/V0.1.2/native-tests.json
-- Up-to-date: <workspace>/releases/V0.1.13/./docs/evidence/V0.1.2/gui-tests.json
-- Up-to-date: <workspace>/releases/V0.1.13/./docs/evidence/V0.1.2/dotnet-runtime-licenses.json
-- Up-to-date: <workspace>/releases/V0.1.13/./docs/evidence/V0.1.2/gui-pro-probe.txt
-- Up-to-date: <workspace>/releases/V0.1.13/./docs/evidence/V0.1.2/core-tests.log
-- Up-to-date: <workspace>/releases/V0.1.13/./docs/evidence/V0.1.2/gui-demo-reset.txt
-- Up-to-date: <workspace>/releases/V0.1.13/./docs/evidence/V0.1.2/gui-native-success.txt
-- Up-to-date: <workspace>/releases/V0.1.13/./docs/evidence/V0.1.2/gui-native-report.json
-- Up-to-date: <workspace>/releases/V0.1.13/./docs/evidence/V0.1.2/build.log
-- Up-to-date: <workspace>/releases/V0.1.13/./docs/evidence/V0.1.2/pro-tests.json
-- Up-to-date: <workspace>/releases/V0.1.13/./docs/evidence/V0.1.2/gui-ui-checks.json
-- Up-to-date: <workspace>/releases/V0.1.13/./docs/evidence/V0.1.7
-- Up-to-date: <workspace>/releases/V0.1.13/./docs/evidence/V0.1.7/windows-examples.json
-- Up-to-date: <workspace>/releases/V0.1.13/./docs/evidence/V0.1.7/windows-gui.json
-- Up-to-date: <workspace>/releases/V0.1.13/./docs/evidence/V0.1.7/windows-build.log
-- Up-to-date: <workspace>/releases/V0.1.13/./docs/evidence/V0.1.7/ubuntu-examples.log
-- Up-to-date: <workspace>/releases/V0.1.13/./docs/evidence/V0.1.7/ubuntu-package-check.log
-- Up-to-date: <workspace>/releases/V0.1.13/./docs/evidence/V0.1.7/ubuntu-examples.json
-- Up-to-date: <workspace>/releases/V0.1.13/./docs/evidence/V0.1.7/ubuntu-missing-textures.log
-- Up-to-date: <workspace>/releases/V0.1.13/./docs/evidence/V0.1.7/ubuntu-build.log
-- Up-to-date: <workspace>/releases/V0.1.13/./docs/evidence/V0.1.7/ubuntu-deployment.log
-- Up-to-date: <workspace>/releases/V0.1.13/./docs/evidence/V0.1.7/windows-package-check.log
-- Up-to-date: <workspace>/releases/V0.1.13/./docs/evidence/V0.1.7/windows-deployment.json
-- Up-to-date: <workspace>/releases/V0.1.13/./docs/evidence/V0.1.7/real-model-assessment.json
-- Up-to-date: <workspace>/releases/V0.1.13/./docs/evidence/V0.1.7/windows-missing-textures.log
-- Up-to-date: <workspace>/releases/V0.1.13/./docs/evidence/V0.1.7/windows-native.log
-- Up-to-date: <workspace>/releases/V0.1.13/./docs/evidence/V0.1.7/ubuntu-deployment.json
-- Up-to-date: <workspace>/releases/V0.1.13/./docs/evidence/V0.1.7/ubuntu-native.log
-- Up-to-date: <workspace>/releases/V0.1.13/./docs/evidence/V0.1.5
-- Up-to-date: <workspace>/releases/V0.1.13/./docs/evidence/V0.1.5/native-tests.json
-- Up-to-date: <workspace>/releases/V0.1.13/./docs/evidence/V0.1.5/gui-tests.json
-- Up-to-date: <workspace>/releases/V0.1.13/./docs/evidence/V0.1.5/release-checks.json
-- Up-to-date: <workspace>/releases/V0.1.13/./docs/evidence/V0.1.5/release-dependencies.json
-- Up-to-date: <workspace>/releases/V0.1.13/./docs/evidence/V0.1.5/build.log
-- Up-to-date: <workspace>/releases/V0.1.13/./docs/evidence/V0.1.5/native-deployment.json
-- Up-to-date: <workspace>/releases/V0.1.13/./docs/evidence/V0.1.5/examples.json
-- Up-to-date: <workspace>/releases/V0.1.13/./docs/evidence/README.md
-- Up-to-date: <workspace>/releases/V0.1.13/./docs/evidence/V0.1.8
-- Up-to-date: <workspace>/releases/V0.1.13/./docs/evidence/V0.1.8/windows-examples.json
-- Up-to-date: <workspace>/releases/V0.1.13/./docs/evidence/V0.1.8/windows-gui.json
-- Up-to-date: <workspace>/releases/V0.1.13/./docs/evidence/V0.1.8/windows-build.log
-- Up-to-date: <workspace>/releases/V0.1.13/./docs/evidence/V0.1.8/ubuntu-examples.log
-- Up-to-date: <workspace>/releases/V0.1.13/./docs/evidence/V0.1.8/ubuntu-package-check.log
-- Up-to-date: <workspace>/releases/V0.1.13/./docs/evidence/V0.1.8/ubuntu-examples.json
-- Up-to-date: <workspace>/releases/V0.1.13/./docs/evidence/V0.1.8/ubuntu-build.log
-- Up-to-date: <workspace>/releases/V0.1.13/./docs/evidence/V0.1.8/ubuntu-deployment.log
-- Up-to-date: <workspace>/releases/V0.1.13/./docs/evidence/V0.1.8/windows-package-check.log
-- Up-to-date: <workspace>/releases/V0.1.13/./docs/evidence/V0.1.8/windows-deployment.json
-- Up-to-date: <workspace>/releases/V0.1.13/./docs/evidence/V0.1.8/real-model-assessment.json
-- Up-to-date: <workspace>/releases/V0.1.13/./docs/evidence/V0.1.8/ubuntu-normal.log
-- Up-to-date: <workspace>/releases/V0.1.13/./docs/evidence/V0.1.8/windows-normal.log
-- Up-to-date: <workspace>/releases/V0.1.13/./docs/evidence/V0.1.8/windows-native.log
-- Up-to-date: <workspace>/releases/V0.1.13/./docs/evidence/V0.1.8/ubuntu-final-ctest.log
-- Up-to-date: <workspace>/releases/V0.1.13/./docs/evidence/V0.1.8/ubuntu-final-native-build.log
-- Up-to-date: <workspace>/releases/V0.1.13/./docs/evidence/V0.1.8/ubuntu-deployment.json
-- Up-to-date: <workspace>/releases/V0.1.13/./docs/evidence/V0.1.8/ubuntu-native.log
-- Up-to-date: <workspace>/releases/V0.1.13/./docs/evidence/V0.1.1
-- Up-to-date: <workspace>/releases/V0.1.13/./docs/evidence/V0.1.1/pro-integration.json
-- Up-to-date: <workspace>/releases/V0.1.13/./docs/evidence/V0.1.1/visual
-- Up-to-date: <workspace>/releases/V0.1.13/./docs/evidence/V0.1.1/visual/visual-project.json
-- Up-to-date: <workspace>/releases/V0.1.13/./docs/evidence/V0.1.1/visual/sources
-- Up-to-date: <workspace>/releases/V0.1.13/./docs/evidence/V0.1.1/visual/sources/uv-direction.jpg
-- Up-to-date: <workspace>/releases/V0.1.13/./docs/evidence/V0.1.1/visual/sources/uv-direction.png
-- Up-to-date: <workspace>/releases/V0.1.13/./docs/evidence/V0.1.1/visual/assessment.json
-- Up-to-date: <workspace>/releases/V0.1.13/./docs/evidence/V0.1.1/visual/index.html
-- Up-to-date: <workspace>/releases/V0.1.13/./docs/evidence/V0.1.1/visual/renders
-- Up-to-date: <workspace>/releases/V0.1.13/./docs/evidence/V0.1.1/visual/renders/pro-jpeg-plane-top.png
-- Up-to-date: <workspace>/releases/V0.1.13/./docs/evidence/V0.1.1/visual/renders/mixed-materials-top.png
-- Up-to-date: <workspace>/releases/V0.1.13/./docs/evidence/V0.1.1/visual/renders/native-uv-plane-top.png
-- Up-to-date: <workspace>/releases/V0.1.13/./docs/evidence/V0.1.1/visual/renders/mixed-materials-oblique.png
-- Up-to-date: <workspace>/releases/V0.1.13/./docs/evidence/V0.1.1/visual/renders/color-cube-opposite.png
-- Up-to-date: <workspace>/releases/V0.1.13/./docs/evidence/V0.1.1/visual/renders/seam-cube-opposite.png
-- Up-to-date: <workspace>/releases/V0.1.13/./docs/evidence/V0.1.1/visual/renders/standalone-copy-top.png
-- Up-to-date: <workspace>/releases/V0.1.13/./docs/evidence/V0.1.1/visual/renders/color-cube-top.png
-- Up-to-date: <workspace>/releases/V0.1.13/./docs/evidence/V0.1.1/visual/renders/seam-cube-oblique.png
-- Up-to-date: <workspace>/releases/V0.1.13/./docs/evidence/V0.1.1/visual/renders/alpha-plane-top.png
-- Up-to-date: <workspace>/releases/V0.1.13/./docs/evidence/V0.1.1/visual/renders/color-cube-oblique.png
-- Up-to-date: <workspace>/releases/V0.1.13/./docs/evidence/V0.1.1/visual/renders/uv-plane-top.png
-- Up-to-date: <workspace>/releases/V0.1.13/./docs/evidence/V0.1.1/visual/renders/native-jpeg-plane-top.png
-- Up-to-date: <workspace>/releases/V0.1.13/./docs/evidence/V0.1.1/visual/renders/seam-cube-top.png
-- Up-to-date: <workspace>/releases/V0.1.13/./docs/evidence/V0.1.1/legacy-writer-rejection.json
-- Up-to-date: <workspace>/releases/V0.1.13/./docs/evidence/V0.1.1/core-tests.log
-- Up-to-date: <workspace>/releases/V0.1.13/./docs/evidence/V0.1.1/jpeg-direction
-- Up-to-date: <workspace>/releases/V0.1.13/./docs/evidence/V0.1.1/jpeg-direction/source-preparation.json
-- Up-to-date: <workspace>/releases/V0.1.13/./docs/evidence/V0.1.1/jpeg-direction/native-writer.log
-- Up-to-date: <workspace>/releases/V0.1.13/./docs/evidence/V0.1.1/jpeg-direction/native-writer-report.json
-- Up-to-date: <workspace>/releases/V0.1.13/./docs/evidence/V0.1.1/jpeg-direction/pro-writer-report.json
-- Up-to-date: <workspace>/releases/V0.1.13/./docs/evidence/V0.1.1/jpeg-direction/source-direction.jpg
-- Up-to-date: <workspace>/releases/V0.1.13/./docs/evidence/V0.1.1/jpeg-direction/source-bundle
-- Up-to-date: <workspace>/releases/V0.1.13/./docs/evidence/V0.1.1/jpeg-direction/source-bundle/scene.json
-- Up-to-date: <workspace>/releases/V0.1.13/./docs/evidence/V0.1.1/jpeg-direction/source-bundle/textures
-- Up-to-date: <workspace>/releases/V0.1.13/./docs/evidence/V0.1.1/jpeg-direction/source-bundle/textures/aefee6ad6a7c5cc986190df94b1da12a7487604a4cec3a8a7efb7002bc2fa686.jpg
-- Up-to-date: <workspace>/releases/V0.1.13/./docs/evidence/V0.1.1/jpeg-direction/pro-writer.log
-- Up-to-date: <workspace>/releases/V0.1.13/./docs/evidence/V0.1.1/jpeg-direction/source-direction.png
-- Up-to-date: <workspace>/releases/V0.1.13/./docs/evidence/V0.1.1/build.log
-- Up-to-date: <workspace>/releases/V0.1.13/./docs/evidence/V0.1.1/native-integration.json
-- Up-to-date: <workspace>/releases/V0.1.13/./docs/evidence/V0.1.1/native-independent-pro
-- Up-to-date: <workspace>/releases/V0.1.13/./docs/evidence/V0.1.1/native-independent-pro/textured_quad.json
-- Up-to-date: <workspace>/releases/V0.1.13/./docs/evidence/V0.1.1/native-independent-pro/mixed-materials.json
-- Up-to-date: <workspace>/releases/V0.1.13/./docs/evidence/V0.1.1/native-independent-pro/uv_transform.json
-- Up-to-date: <workspace>/releases/V0.1.13/./docs/evidence/V0.1.1/native-independent-pro/seam-cube.json
-- Up-to-date: <workspace>/releases/V0.1.13/./docs/evidence/V0.1.1/native-independent-pro/embedded_quad.json
-- Up-to-date: <workspace>/releases/V0.1.13/./docs/evidence/V0.1.1/native-independent-pro/instanced_mirror.json
-- Up-to-date: <workspace>/releases/V0.1.13/./docs/evidence/V0.1.1/native-independent-pro/sloped_normals.json
-- Up-to-date: <workspace>/releases/V0.1.13/./docs/evidence/V0.1.1/native-independent-pro/color-cube.json
-- Up-to-date: <workspace>/releases/V0.1.13/./docs/evidence/V0.1.1/native-independent-pro/colored_quad.json
-- Up-to-date: <workspace>/releases/V0.1.13/./docs/evidence/V0.1.1/native-independent-pro/binary_blender.json
-- Up-to-date: <workspace>/releases/V0.1.13/./docs/evidence/V0.1.1/native-independent-pro/alpha-plane.json
-- Up-to-date: <workspace>/releases/V0.1.13/./docs/evidence/V0.1.1/native-independent-pro/no_material.json
-- Up-to-date: <workspace>/releases/V0.1.13/./docs/evidence/V0.1.1/native-independent-pro/uv-plane.json
-- Up-to-date: <workspace>/releases/V0.1.13/./docs/evidence/V0.1.1/native-independent-pro/summary.json
-- Up-to-date: <workspace>/releases/V0.1.13/./docs/evidence/V0.1.1/native-independent-pro/multi_material.json
-- Up-to-date: <workspace>/releases/V0.1.13/./docs/evidence/V0.1.12
-- Up-to-date: <workspace>/releases/V0.1.13/./docs/evidence/V0.1.12/ubuntu-build-final.log
-- Up-to-date: <workspace>/releases/V0.1.13/./docs/evidence/V0.1.12/ubuntu-python-client.log
-- Up-to-date: <workspace>/releases/V0.1.13/./docs/evidence/V0.1.12/windows-examples.json
-- Up-to-date: <workspace>/releases/V0.1.13/./docs/evidence/V0.1.12/windows-gui.json
-- Up-to-date: <workspace>/releases/V0.1.13/./docs/evidence/V0.1.12/windows-build-final.log
-- Up-to-date: <workspace>/releases/V0.1.13/./docs/evidence/V0.1.12/windows-deployment.log
-- Up-to-date: <workspace>/releases/V0.1.13/./docs/evidence/V0.1.12/ubuntu-native.json
-- Up-to-date: <workspace>/releases/V0.1.13/./docs/evidence/V0.1.12/windows-ctest-final.log
-- Up-to-date: <workspace>/releases/V0.1.13/./docs/evidence/V0.1.12/ubuntu-examples.log
-- Up-to-date: <workspace>/releases/V0.1.13/./docs/evidence/V0.1.12/ubuntu-python-unit.log
-- Up-to-date: <workspace>/releases/V0.1.13/./docs/evidence/V0.1.12/windows-package.log
-- Up-to-date: <workspace>/releases/V0.1.13/./docs/evidence/V0.1.12/windows-examples.log
-- Up-to-date: <workspace>/releases/V0.1.13/./docs/evidence/V0.1.12/ubuntu-examples.json
-- Up-to-date: <workspace>/releases/V0.1.13/./docs/evidence/V0.1.12/ubuntu-missing-textures.log
-- Up-to-date: <workspace>/releases/V0.1.13/./docs/evidence/V0.1.12/windows-build-initial.log
-- Up-to-date: <workspace>/releases/V0.1.13/./docs/evidence/V0.1.12/ubuntu-deployment.log
-- Up-to-date: <workspace>/releases/V0.1.13/./docs/evidence/V0.1.12/windows-python-client.log
-- Up-to-date: <workspace>/releases/V0.1.13/./docs/evidence/V0.1.12/windows-deployment.json
-- Up-to-date: <workspace>/releases/V0.1.13/./docs/evidence/V0.1.12/texture-path-before-after.json
-- Up-to-date: <workspace>/releases/V0.1.13/./docs/evidence/V0.1.12/ubuntu-package.log
-- Up-to-date: <workspace>/releases/V0.1.13/./docs/evidence/V0.1.12/windows-python-client.json
-- Up-to-date: <workspace>/releases/V0.1.13/./docs/evidence/V0.1.12/windows-missing-textures.log
-- Up-to-date: <workspace>/releases/V0.1.13/./docs/evidence/V0.1.12/ubuntu-ctest-final.log
-- Up-to-date: <workspace>/releases/V0.1.13/./docs/evidence/V0.1.12/windows-python-unit.log
-- Up-to-date: <workspace>/releases/V0.1.13/./docs/evidence/V0.1.12/windows-gui.log
-- Up-to-date: <workspace>/releases/V0.1.13/./docs/evidence/V0.1.12/windows-native.json
-- Up-to-date: <workspace>/releases/V0.1.13/./docs/evidence/V0.1.12/windows-native.log
-- Up-to-date: <workspace>/releases/V0.1.13/./docs/evidence/V0.1.12/ubuntu-python-client.json
-- Up-to-date: <workspace>/releases/V0.1.13/./docs/evidence/V0.1.12/ubuntu-deployment.json
-- Up-to-date: <workspace>/releases/V0.1.13/./docs/evidence/V0.1.12/ubuntu-native.log
-- Up-to-date: <workspace>/releases/V0.1.13/./docs/evidence/V0.1.9
-- Up-to-date: <workspace>/releases/V0.1.13/./docs/evidence/V0.1.9/ubuntu-python-client.log
-- Up-to-date: <workspace>/releases/V0.1.13/./docs/evidence/V0.1.9/windows-examples.json
-- Up-to-date: <workspace>/releases/V0.1.13/./docs/evidence/V0.1.9/windows-gui.json
-- Up-to-date: <workspace>/releases/V0.1.13/./docs/evidence/V0.1.9/windows-build.log
-- Up-to-date: <workspace>/releases/V0.1.13/./docs/evidence/V0.1.9/ubuntu-examples.log
-- Up-to-date: <workspace>/releases/V0.1.13/./docs/evidence/V0.1.9/ubuntu-package-check.log
-- Up-to-date: <workspace>/releases/V0.1.13/./docs/evidence/V0.1.9/ubuntu-python-unit.log
-- Up-to-date: <workspace>/releases/V0.1.13/./docs/evidence/V0.1.9/ubuntu-examples.json
-- Up-to-date: <workspace>/releases/V0.1.13/./docs/evidence/V0.1.9/ubuntu-build.log
-- Up-to-date: <workspace>/releases/V0.1.13/./docs/evidence/V0.1.9/ubuntu-deployment.log
-- Up-to-date: <workspace>/releases/V0.1.13/./docs/evidence/V0.1.9/windows-package-check.log
-- Up-to-date: <workspace>/releases/V0.1.13/./docs/evidence/V0.1.9/windows-deployment.json
-- Up-to-date: <workspace>/releases/V0.1.13/./docs/evidence/V0.1.9/windows-python-client.json
-- Up-to-date: <workspace>/releases/V0.1.13/./docs/evidence/V0.1.9/windows-python-example.log
-- Up-to-date: <workspace>/releases/V0.1.13/./docs/evidence/V0.1.9/windows-python-unit.log
-- Up-to-date: <workspace>/releases/V0.1.13/./docs/evidence/V0.1.9/windows-native.log
-- Up-to-date: <workspace>/releases/V0.1.13/./docs/evidence/V0.1.9/ubuntu-python-client.json
-- Up-to-date: <workspace>/releases/V0.1.13/./docs/evidence/V0.1.9/ubuntu-deployment.json
-- Up-to-date: <workspace>/releases/V0.1.13/./docs/evidence/V0.1.9/ubuntu-native.log
-- Up-to-date: <workspace>/releases/V0.1.13/./docs/evidence/V0.1.4
-- Up-to-date: <workspace>/releases/V0.1.13/./docs/evidence/V0.1.4/reader-benchmark.json
-- Up-to-date: <workspace>/releases/V0.1.13/./docs/evidence/V0.1.4/streaming-prepare.json
-- Up-to-date: <workspace>/releases/V0.1.13/./docs/evidence/V0.1.4/native-tests.json
-- Up-to-date: <workspace>/releases/V0.1.13/./docs/evidence/V0.1.4/gui-tests.json
-- Up-to-date: <workspace>/releases/V0.1.13/./docs/evidence/V0.1.4/real-native-report.json
-- Up-to-date: <workspace>/releases/V0.1.13/./docs/evidence/V0.1.4/pro-tests.log
-- Up-to-date: <workspace>/releases/V0.1.13/./docs/evidence/V0.1.4/baseline-prepare.json
-- Up-to-date: <workspace>/releases/V0.1.13/./docs/evidence/V0.1.4/native-tests.log
-- Up-to-date: <workspace>/releases/V0.1.13/./docs/evidence/V0.1.4/core-tests.log
-- Up-to-date: <workspace>/releases/V0.1.13/./docs/evidence/V0.1.4/original-files-unchanged.json
-- Up-to-date: <workspace>/releases/V0.1.13/./docs/evidence/V0.1.4/real-native-v013-equivalence.json
-- Up-to-date: <workspace>/releases/V0.1.13/./docs/evidence/V0.1.4/benchmark_prepare.py
-- Up-to-date: <workspace>/releases/V0.1.13/./docs/evidence/V0.1.4/core-build.log
-- Up-to-date: <workspace>/releases/V0.1.13/./docs/evidence/V0.1.4/pro-tests.json
-- Up-to-date: <workspace>/releases/V0.1.13/./docs/evidence/V0.1.4/gui-release-success.txt
-- Up-to-date: <workspace>/releases/V0.1.13/./docs/evidence/V0.1.4/gui-release-success.png
-- Up-to-date: <workspace>/releases/V0.1.13/./docs/evidence/V0.1.4/gui-build.log
-- Up-to-date: <workspace>/releases/V0.1.13/./docs/evidence/V0.1.4/gui-release-report.json
-- Up-to-date: <workspace>/releases/V0.1.13/./docs/evidence/V0.1.4/release-files.json
-- Up-to-date: <workspace>/releases/V0.1.13/./docs/validation-v0.1.1.md
-- Up-to-date: <workspace>/releases/V0.1.13/./docs/validation-v0.1.9.md
-- Up-to-date: <workspace>/releases/V0.1.13/./README.md
-- Up-to-date: <workspace>/releases/V0.1.13/./VERSION
-- Up-to-date: <workspace>/releases/V0.1.13/./CHANGELOG.md
-- Up-to-date: <workspace>/releases/V0.1.13/./THIRD_PARTY_NOTICES.md
-- Up-to-date: <workspace>/releases/V0.1.13/licenses/ufbx/LICENSE
-- Up-to-date: <workspace>/releases/V0.1.13/licenses/nlohmann/LICENSE.MIT
Verified ufbx 0.23.0
Verified nlohmann/json 3.12.0
Verified FileGDB API 1.5.5.330 runtime and original license files
{"arcgis_pro_required":false,"backend":"native-filegdb","filegdb_api":"1.5.5","status":"available","version":"0.1.13"}
Installed native CLI: <workspace>/releases/V0.1.13/bin/geomodelbridge
Native writer: <workspace>/releases/V0.1.13/bin/native-filegdb/GeoModelBridge.NativeWriter
CLI help: geomodelbridge convert -h; sequential calling examples: docs/command-line.md
