Verified GeoModelBridge 0.1.6: 6 required declarations and runtime release references agree.
Verified ufbx 0.23.0
Verified nlohmann/json 3.12.0
-- The C compiler identification is GNU 13.3.0
-- The CXX compiler identification is GNU 13.3.0
-- Detecting C compiler ABI info
-- Detecting C compiler ABI info - done
-- Check for working C compiler: /usr/bin/cc - skipped
-- Detecting C compile features
-- Detecting C compile features - done
-- Detecting CXX compiler ABI info
-- Detecting CXX compiler ABI info - done
-- Check for working CXX compiler: /usr/bin/c++ - skipped
-- Detecting CXX compile features
-- Detecting CXX compile features - done
-- Found ZLIB: /usr/lib/x86_64-linux-gnu/libz.so (found version "1.3")  
-- Found PNG: /usr/lib/x86_64-linux-gnu/libpng.so (found version "1.6.43") 
-- Found JPEG: /usr/lib/x86_64-linux-gnu/libjpeg.so (found version "80") 
-- Configuring done (5.2s)
-- Generating done (0.1s)
-- Build files have been written to: /home/gmb/GeoModelBridge/build/linux-x64
[1/17] Building CXX object CMakeFiles/GeoModelBridge.Core.dir/src/core.cpp.o
[2/17] Building CXX object CMakeFiles/GeoModelBridge.Core.dir/src/bundle.cpp.o
[3/17] Building CXX object CMakeFiles/GeoModelBridge.Core.dir/src/fbx_reader.cpp.o
[4/17] Building C object CMakeFiles/gmb_ufbx.dir/third_party/ufbx/ufbx.c.o
[5/17] Linking C static library libgmb_ufbx.a
[6/17] Building CXX object CMakeFiles/GeoModelBridge.Core.dir/src/fixtures.cpp.o
[7/17] Linking CXX static library libGeoModelBridge.Core.a
[8/17] Building CXX object CMakeFiles/gmb_core_tests.dir/tests/core_tests.cpp.o
[9/17] Linking CXX executable gmb_core_tests
[10/17] Building CXX object CMakeFiles/geomodelbridge.dir/src/main.cpp.o
[11/17] Linking CXX executable geomodelbridge
[12/17] Building CXX object backends/native-filegdb/CMakeFiles/GeoModelBridge.NativeWriter.dir/images.cpp.o
[13/17] Building CXX object backends/native-filegdb/CMakeFiles/GeoModelBridge.NativeWriter.dir/__/__/src/core.cpp.o
[14/17] Building CXX object backends/native-filegdb/CMakeFiles/GeoModelBridge.NativeWriter.dir/platform_linux.cpp.o
[15/17] Building CXX object backends/native-filegdb/CMakeFiles/GeoModelBridge.NativeWriter.dir/images_linux.cpp.o
[16/17] Building CXX object backends/native-filegdb/CMakeFiles/GeoModelBridge.NativeWriter.dir/main.cpp.o
[17/17] Linking CXX executable backends/native-filegdb/GeoModelBridge.NativeWriter
Internal ctest changing into directory: /home/gmb/GeoModelBridge/build/linux-x64
Test project /home/gmb/GeoModelBridge/build/linux-x64
    Start 1: core
1/5 Test #1: core .............................   Passed    0.17 sec
    Start 2: cli
2/5 Test #2: cli ..............................   Passed    0.77 sec
    Start 3: reader_integration
3/5 Test #3: reader_integration ...............   Passed    0.76 sec
    Start 4: binary_fbx
4/5 Test #4: binary_fbx .......................   Passed    0.46 sec
    Start 5: profile_integration
5/5 Test #5: profile_integration ..............   Passed    2.01 sec

100% tests passed, 0 tests failed out of 5

Total Test time (real) =   4.22 sec
-- Install configuration: "Release"
-- Installing: /home/gmb/GeoModelBridge/dist/bin/geomodelbridge
-- Installing: /home/gmb/GeoModelBridge/dist/bin/demo/textured_quad.fbx
-- Installing: /home/gmb/GeoModelBridge/dist/bin/demo/checker.png
-- Installing: /home/gmb/GeoModelBridge/dist/bin/native-filegdb/GeoModelBridge.NativeWriter
-- Set non-toolchain portion of runtime path of "/home/gmb/GeoModelBridge/dist/bin/native-filegdb/GeoModelBridge.NativeWriter" to "$ORIGIN"
-- Installing: /home/gmb/GeoModelBridge/dist/bin/native-filegdb/libFileGDBAPI.so
-- Installing: /home/gmb/GeoModelBridge/dist/bin/native-filegdb/libfgdbunixrtl.so
-- Installing: /home/gmb/GeoModelBridge/dist/licenses/filegdb-api
-- Installing: /home/gmb/GeoModelBridge/dist/licenses/filegdb-api/Acknowledgements
-- Installing: /home/gmb/GeoModelBridge/dist/licenses/filegdb-api/userestrictions.txt
-- Installing: /home/gmb/GeoModelBridge/dist/licenses/filegdb-api/Apache License.pdf
-- Installing: /home/gmb/GeoModelBridge/dist/licenses/filegdb-api/AUTHORS
-- Installing: /home/gmb/GeoModelBridge/dist/licenses/filegdb-api/Acknowledgements-FGDBUnixRTL
-- Installing: /home/gmb/GeoModelBridge/dist/licenses/filegdb-api/README
-- Installing: /home/gmb/GeoModelBridge/dist/licenses/filegdb-api/sdk-sources-linux.json
-- Installing: /home/gmb/GeoModelBridge/dist/./docs
-- Installing: /home/gmb/GeoModelBridge/dist/./docs/gui.md
-- Installing: /home/gmb/GeoModelBridge/dist/./docs/validation-results.md
-- Installing: /home/gmb/GeoModelBridge/dist/./docs/validation-v0.1.4.md
-- Installing: /home/gmb/GeoModelBridge/dist/./docs/acceptance.md
-- Installing: /home/gmb/GeoModelBridge/dist/./docs/validation-v0.1.2.md
-- Installing: /home/gmb/GeoModelBridge/dist/./docs/visual-acceptance-setup.md
-- Installing: /home/gmb/GeoModelBridge/dist/./docs/architecture.md
-- Installing: /home/gmb/GeoModelBridge/dist/./docs/compatibility.md
-- Installing: /home/gmb/GeoModelBridge/dist/./docs/bundle-format.md
-- Installing: /home/gmb/GeoModelBridge/dist/./docs/validation-v0.1.3.md
-- Installing: /home/gmb/GeoModelBridge/dist/./docs/roadmap.md
-- Installing: /home/gmb/GeoModelBridge/dist/./docs/validation-v0.1.5.md
-- Installing: /home/gmb/GeoModelBridge/dist/./docs/evidence
-- Installing: /home/gmb/GeoModelBridge/dist/./docs/evidence/pro-integration.json
-- Installing: /home/gmb/GeoModelBridge/dist/./docs/evidence/V0.1.3
-- Installing: /home/gmb/GeoModelBridge/dist/./docs/evidence/V0.1.3/gui-result-independent-pro.log
-- Installing: /home/gmb/GeoModelBridge/dist/./docs/evidence/V0.1.3/gui-no-overwrite-hashes.json
-- Installing: /home/gmb/GeoModelBridge/dist/./docs/evidence/V0.1.3/native-tests.json
-- Installing: /home/gmb/GeoModelBridge/dist/./docs/evidence/V0.1.3/gui-readable-report.txt
-- Installing: /home/gmb/GeoModelBridge/dist/./docs/evidence/V0.1.3/gui-tests.json
-- Installing: /home/gmb/GeoModelBridge/dist/./docs/evidence/V0.1.3/real-pro-report.json
-- Installing: /home/gmb/GeoModelBridge/dist/./docs/evidence/V0.1.3/gui-no-overwrite.png
-- Installing: /home/gmb/GeoModelBridge/dist/./docs/evidence/V0.1.3/dotnet-runtime-licenses.json
-- Installing: /home/gmb/GeoModelBridge/dist/./docs/evidence/V0.1.3/native-pro-coordinate-differences.json
-- Installing: /home/gmb/GeoModelBridge/dist/./docs/evidence/V0.1.3/gui-readable-report.png
-- Installing: /home/gmb/GeoModelBridge/dist/./docs/evidence/V0.1.3/core-tests.log
-- Installing: /home/gmb/GeoModelBridge/dist/./docs/evidence/V0.1.3/gui-real-success.txt
-- Installing: /home/gmb/GeoModelBridge/dist/./docs/evidence/V0.1.3/original-files-unchanged.json
-- Installing: /home/gmb/GeoModelBridge/dist/./docs/evidence/V0.1.3/profile-tests.txt
-- Installing: /home/gmb/GeoModelBridge/dist/./docs/evidence/V0.1.3/gui-retry-new-name.png
-- Installing: /home/gmb/GeoModelBridge/dist/./docs/evidence/V0.1.3/gui-no-overwrite.txt
-- Installing: /home/gmb/GeoModelBridge/dist/./docs/evidence/V0.1.3/gui-native-report.json
-- Installing: /home/gmb/GeoModelBridge/dist/./docs/evidence/V0.1.3/final-strict-inspection.json
-- Installing: /home/gmb/GeoModelBridge/dist/./docs/evidence/V0.1.3/native-tests-final.log
-- Installing: /home/gmb/GeoModelBridge/dist/./docs/evidence/V0.1.3/gui-strict-failure.png
-- Installing: /home/gmb/GeoModelBridge/dist/./docs/evidence/V0.1.3/native-read-by-pro.json
-- Installing: /home/gmb/GeoModelBridge/dist/./docs/evidence/V0.1.3/gui-real-success.png
-- Installing: /home/gmb/GeoModelBridge/dist/./docs/evidence/V0.1.3/core-build.log
-- Installing: /home/gmb/GeoModelBridge/dist/./docs/evidence/V0.1.3/independent-pro-tool
-- Installing: /home/gmb/GeoModelBridge/dist/./docs/evidence/V0.1.3/independent-pro-tool/README.md
-- Installing: /home/gmb/GeoModelBridge/dist/./docs/evidence/V0.1.3/baseline-v012.json
-- Installing: /home/gmb/GeoModelBridge/dist/./docs/evidence/V0.1.3/gui-build-final.log
-- Installing: /home/gmb/GeoModelBridge/dist/./docs/evidence/V0.1.3/jpeg-normalization-pixels.json
-- Installing: /home/gmb/GeoModelBridge/dist/./docs/evidence/V0.1.3/input-inspection.json
-- Installing: /home/gmb/GeoModelBridge/dist/./docs/evidence/V0.1.3/pro-tests.json
-- Installing: /home/gmb/GeoModelBridge/dist/./docs/evidence/V0.1.3/native-read-by-pro-final.log
-- Installing: /home/gmb/GeoModelBridge/dist/./docs/evidence/V0.1.3/gui-raw-report.png
-- Installing: /home/gmb/GeoModelBridge/dist/./docs/evidence/V0.1.3/gui-result-independent-pro.json
-- Installing: /home/gmb/GeoModelBridge/dist/./docs/evidence/V0.1.3/release-files.json
-- Installing: /home/gmb/GeoModelBridge/dist/./docs/evidence/V0.1.3/pro-tests-jpeg-final.log
-- Installing: /home/gmb/GeoModelBridge/dist/./docs/evidence/core-tests.log
-- Installing: /home/gmb/GeoModelBridge/dist/./docs/evidence/V0.1.2
-- Installing: /home/gmb/GeoModelBridge/dist/./docs/evidence/V0.1.2/gui-native-success.png
-- Installing: /home/gmb/GeoModelBridge/dist/./docs/evidence/V0.1.2/native-tests.json
-- Installing: /home/gmb/GeoModelBridge/dist/./docs/evidence/V0.1.2/gui-tests.json
-- Installing: /home/gmb/GeoModelBridge/dist/./docs/evidence/V0.1.2/dotnet-runtime-licenses.json
-- Installing: /home/gmb/GeoModelBridge/dist/./docs/evidence/V0.1.2/gui-pro-probe.txt
-- Installing: /home/gmb/GeoModelBridge/dist/./docs/evidence/V0.1.2/core-tests.log
-- Installing: /home/gmb/GeoModelBridge/dist/./docs/evidence/V0.1.2/gui-demo-reset.txt
-- Installing: /home/gmb/GeoModelBridge/dist/./docs/evidence/V0.1.2/gui-native-success.txt
-- Installing: /home/gmb/GeoModelBridge/dist/./docs/evidence/V0.1.2/gui-native-report.json
-- Installing: /home/gmb/GeoModelBridge/dist/./docs/evidence/V0.1.2/build.log
-- Installing: /home/gmb/GeoModelBridge/dist/./docs/evidence/V0.1.2/pro-tests.json
-- Installing: /home/gmb/GeoModelBridge/dist/./docs/evidence/V0.1.2/gui-ui-checks.json
-- Installing: /home/gmb/GeoModelBridge/dist/./docs/evidence/V0.1.5
-- Installing: /home/gmb/GeoModelBridge/dist/./docs/evidence/V0.1.5/native-tests.json
-- Installing: /home/gmb/GeoModelBridge/dist/./docs/evidence/V0.1.5/gui-tests.json
-- Installing: /home/gmb/GeoModelBridge/dist/./docs/evidence/V0.1.5/release-checks.json
-- Installing: /home/gmb/GeoModelBridge/dist/./docs/evidence/V0.1.5/release-dependencies.json
-- Installing: /home/gmb/GeoModelBridge/dist/./docs/evidence/V0.1.5/build.log
-- Installing: /home/gmb/GeoModelBridge/dist/./docs/evidence/V0.1.5/native-deployment.json
-- Installing: /home/gmb/GeoModelBridge/dist/./docs/evidence/V0.1.5/examples.json
-- Installing: /home/gmb/GeoModelBridge/dist/./docs/evidence/README.md
-- Installing: /home/gmb/GeoModelBridge/dist/./docs/evidence/V0.1.1
-- Installing: /home/gmb/GeoModelBridge/dist/./docs/evidence/V0.1.1/pro-integration.json
-- Installing: /home/gmb/GeoModelBridge/dist/./docs/evidence/V0.1.1/visual
-- Installing: /home/gmb/GeoModelBridge/dist/./docs/evidence/V0.1.1/visual/visual-project.json
-- Installing: /home/gmb/GeoModelBridge/dist/./docs/evidence/V0.1.1/visual/sources
-- Installing: /home/gmb/GeoModelBridge/dist/./docs/evidence/V0.1.1/visual/sources/uv-direction.jpg
-- Installing: /home/gmb/GeoModelBridge/dist/./docs/evidence/V0.1.1/visual/sources/uv-direction.png
-- Installing: /home/gmb/GeoModelBridge/dist/./docs/evidence/V0.1.1/visual/assessment.json
-- Installing: /home/gmb/GeoModelBridge/dist/./docs/evidence/V0.1.1/visual/index.html
-- Installing: /home/gmb/GeoModelBridge/dist/./docs/evidence/V0.1.1/visual/renders
-- Installing: /home/gmb/GeoModelBridge/dist/./docs/evidence/V0.1.1/visual/renders/pro-jpeg-plane-top.png
-- Installing: /home/gmb/GeoModelBridge/dist/./docs/evidence/V0.1.1/visual/renders/mixed-materials-top.png
-- Installing: /home/gmb/GeoModelBridge/dist/./docs/evidence/V0.1.1/visual/renders/native-uv-plane-top.png
-- Installing: /home/gmb/GeoModelBridge/dist/./docs/evidence/V0.1.1/visual/renders/mixed-materials-oblique.png
-- Installing: /home/gmb/GeoModelBridge/dist/./docs/evidence/V0.1.1/visual/renders/color-cube-opposite.png
-- Installing: /home/gmb/GeoModelBridge/dist/./docs/evidence/V0.1.1/visual/renders/seam-cube-opposite.png
-- Installing: /home/gmb/GeoModelBridge/dist/./docs/evidence/V0.1.1/visual/renders/standalone-copy-top.png
-- Installing: /home/gmb/GeoModelBridge/dist/./docs/evidence/V0.1.1/visual/renders/color-cube-top.png
-- Installing: /home/gmb/GeoModelBridge/dist/./docs/evidence/V0.1.1/visual/renders/seam-cube-oblique.png
-- Installing: /home/gmb/GeoModelBridge/dist/./docs/evidence/V0.1.1/visual/renders/alpha-plane-top.png
-- Installing: /home/gmb/GeoModelBridge/dist/./docs/evidence/V0.1.1/visual/renders/color-cube-oblique.png
-- Installing: /home/gmb/GeoModelBridge/dist/./docs/evidence/V0.1.1/visual/renders/uv-plane-top.png
-- Installing: /home/gmb/GeoModelBridge/dist/./docs/evidence/V0.1.1/visual/renders/native-jpeg-plane-top.png
-- Installing: /home/gmb/GeoModelBridge/dist/./docs/evidence/V0.1.1/visual/renders/seam-cube-top.png
-- Installing: /home/gmb/GeoModelBridge/dist/./docs/evidence/V0.1.1/legacy-writer-rejection.json
-- Installing: /home/gmb/GeoModelBridge/dist/./docs/evidence/V0.1.1/core-tests.log
-- Installing: /home/gmb/GeoModelBridge/dist/./docs/evidence/V0.1.1/jpeg-direction
-- Installing: /home/gmb/GeoModelBridge/dist/./docs/evidence/V0.1.1/jpeg-direction/source-preparation.json
-- Installing: /home/gmb/GeoModelBridge/dist/./docs/evidence/V0.1.1/jpeg-direction/native-writer.log
-- Installing: /home/gmb/GeoModelBridge/dist/./docs/evidence/V0.1.1/jpeg-direction/native-writer-report.json
-- Installing: /home/gmb/GeoModelBridge/dist/./docs/evidence/V0.1.1/jpeg-direction/pro-writer-report.json
-- Installing: /home/gmb/GeoModelBridge/dist/./docs/evidence/V0.1.1/jpeg-direction/source-direction.jpg
-- Installing: /home/gmb/GeoModelBridge/dist/./docs/evidence/V0.1.1/jpeg-direction/source-bundle
-- Installing: /home/gmb/GeoModelBridge/dist/./docs/evidence/V0.1.1/jpeg-direction/source-bundle/scene.json
-- Installing: /home/gmb/GeoModelBridge/dist/./docs/evidence/V0.1.1/jpeg-direction/source-bundle/textures
-- Installing: /home/gmb/GeoModelBridge/dist/./docs/evidence/V0.1.1/jpeg-direction/source-bundle/textures/aefee6ad6a7c5cc986190df94b1da12a7487604a4cec3a8a7efb7002bc2fa686.jpg
-- Installing: /home/gmb/GeoModelBridge/dist/./docs/evidence/V0.1.1/jpeg-direction/pro-writer.log
-- Installing: /home/gmb/GeoModelBridge/dist/./docs/evidence/V0.1.1/jpeg-direction/source-direction.png
-- Installing: /home/gmb/GeoModelBridge/dist/./docs/evidence/V0.1.1/build.log
-- Installing: /home/gmb/GeoModelBridge/dist/./docs/evidence/V0.1.1/native-integration.json
-- Installing: /home/gmb/GeoModelBridge/dist/./docs/evidence/V0.1.1/native-independent-pro
-- Installing: /home/gmb/GeoModelBridge/dist/./docs/evidence/V0.1.1/native-independent-pro/textured_quad.json
-- Installing: /home/gmb/GeoModelBridge/dist/./docs/evidence/V0.1.1/native-independent-pro/mixed-materials.json
-- Installing: /home/gmb/GeoModelBridge/dist/./docs/evidence/V0.1.1/native-independent-pro/uv_transform.json
-- Installing: /home/gmb/GeoModelBridge/dist/./docs/evidence/V0.1.1/native-independent-pro/seam-cube.json
-- Installing: /home/gmb/GeoModelBridge/dist/./docs/evidence/V0.1.1/native-independent-pro/embedded_quad.json
-- Installing: /home/gmb/GeoModelBridge/dist/./docs/evidence/V0.1.1/native-independent-pro/instanced_mirror.json
-- Installing: /home/gmb/GeoModelBridge/dist/./docs/evidence/V0.1.1/native-independent-pro/sloped_normals.json
-- Installing: /home/gmb/GeoModelBridge/dist/./docs/evidence/V0.1.1/native-independent-pro/color-cube.json
-- Installing: /home/gmb/GeoModelBridge/dist/./docs/evidence/V0.1.1/native-independent-pro/colored_quad.json
-- Installing: /home/gmb/GeoModelBridge/dist/./docs/evidence/V0.1.1/native-independent-pro/binary_blender.json
-- Installing: /home/gmb/GeoModelBridge/dist/./docs/evidence/V0.1.1/native-independent-pro/alpha-plane.json
-- Installing: /home/gmb/GeoModelBridge/dist/./docs/evidence/V0.1.1/native-independent-pro/no_material.json
-- Installing: /home/gmb/GeoModelBridge/dist/./docs/evidence/V0.1.1/native-independent-pro/uv-plane.json
-- Installing: /home/gmb/GeoModelBridge/dist/./docs/evidence/V0.1.1/native-independent-pro/summary.json
-- Installing: /home/gmb/GeoModelBridge/dist/./docs/evidence/V0.1.1/native-independent-pro/multi_material.json
-- Installing: /home/gmb/GeoModelBridge/dist/./docs/evidence/V0.1.4
-- Installing: /home/gmb/GeoModelBridge/dist/./docs/evidence/V0.1.4/reader-benchmark.json
-- Installing: /home/gmb/GeoModelBridge/dist/./docs/evidence/V0.1.4/streaming-prepare.json
-- Installing: /home/gmb/GeoModelBridge/dist/./docs/evidence/V0.1.4/native-tests.json
-- Installing: /home/gmb/GeoModelBridge/dist/./docs/evidence/V0.1.4/gui-tests.json
-- Installing: /home/gmb/GeoModelBridge/dist/./docs/evidence/V0.1.4/real-native-report.json
-- Installing: /home/gmb/GeoModelBridge/dist/./docs/evidence/V0.1.4/pro-tests.log
-- Installing: /home/gmb/GeoModelBridge/dist/./docs/evidence/V0.1.4/baseline-prepare.json
-- Installing: /home/gmb/GeoModelBridge/dist/./docs/evidence/V0.1.4/native-tests.log
-- Installing: /home/gmb/GeoModelBridge/dist/./docs/evidence/V0.1.4/core-tests.log
-- Installing: /home/gmb/GeoModelBridge/dist/./docs/evidence/V0.1.4/original-files-unchanged.json
-- Installing: /home/gmb/GeoModelBridge/dist/./docs/evidence/V0.1.4/real-native-v013-equivalence.json
-- Installing: /home/gmb/GeoModelBridge/dist/./docs/evidence/V0.1.4/benchmark_prepare.py
-- Installing: /home/gmb/GeoModelBridge/dist/./docs/evidence/V0.1.4/core-build.log
-- Installing: /home/gmb/GeoModelBridge/dist/./docs/evidence/V0.1.4/pro-tests.json
-- Installing: /home/gmb/GeoModelBridge/dist/./docs/evidence/V0.1.4/gui-release-success.txt
-- Installing: /home/gmb/GeoModelBridge/dist/./docs/evidence/V0.1.4/gui-release-success.png
-- Installing: /home/gmb/GeoModelBridge/dist/./docs/evidence/V0.1.4/gui-build.log
-- Installing: /home/gmb/GeoModelBridge/dist/./docs/evidence/V0.1.4/gui-release-report.json
-- Installing: /home/gmb/GeoModelBridge/dist/./docs/evidence/V0.1.4/release-files.json
-- Installing: /home/gmb/GeoModelBridge/dist/./docs/validation-v0.1.1.md
-- Installing: /home/gmb/GeoModelBridge/dist/./README.md
-- Installing: /home/gmb/GeoModelBridge/dist/./VERSION
-- Installing: /home/gmb/GeoModelBridge/dist/./CHANGELOG.md
-- Installing: /home/gmb/GeoModelBridge/dist/./THIRD_PARTY_NOTICES.md
-- Installing: /home/gmb/GeoModelBridge/dist/licenses/ufbx/LICENSE
-- Installing: /home/gmb/GeoModelBridge/dist/licenses/nlohmann/LICENSE.MIT
Verified ufbx 0.23.0
Verified nlohmann/json 3.12.0
Verified FileGDB API 1.5.5.330 runtime and original license files
{"arcgis_pro_required":false,"backend":"native-filegdb","filegdb_api":"1.5.5","status":"available","version":"0.1.6"}
Installed native CLI: /home/gmb/GeoModelBridge/dist/bin/geomodelbridge
